10-16 23:13:45.036 E/ExceptionStackTrace( 9353): libcore.io.Linux.android_getaddrinfo(Native Method)
10-16 23:13:45.036 E/ExceptionStackTrace( 9353): libcore.io.ForwardingOs.android_getaddrinfo(ForwardingOs.java:133)
10-16 23:13:45.036 E/ExceptionStackTrace( 9353): libcore.io.BlockGuardOs.android_getaddrinfo(BlockGuardOs.java:222)
10-16 23:13:45.036 E/ExceptionStackTrace( 9353): libcore.io.ForwardingOs.android_getaddrinfo(ForwardingOs.java:133)
10-16 23:13:45.036 E/ExceptionStackTrace( 9353): java.net.Inet6AddressImpl.lookupHostByName(Inet6AddressImpl.java:135)
10-16 23:13:45.036 E/ExceptionStackTrace( 9353): java.net.Inet6AddressImpl.lookupAllHostAddr(Inet6AddressImpl.java:103)
10-16 23:13:45.036 E/ExceptionStackTrace( 9353): java.net.InetAddress.getAllByName(InetAddress.java:1152)
10-16 23:13:45.036 E/ExceptionStackTrace( 9353): com.microsoft.office.outlook.http.HttpSortedDns.getAllByName(Unknown Source:0)
10-16 23:13:45.036 E/ExceptionStackTrace( 9353): com.microsoft.office.outlook.http.HttpSortedDns.lookup(Unknown Source:8)
10-16 23:13:45.036 E/ExceptionStackTrace( 9353): okhttp3.internal.connection.RouteSelector.resetNextInetSocketAddress(Unknown Source:141)
10-16 23:13:45.036 E/ExceptionStackTrace( 9353): okhttp3.internal.connection.RouteSelector.nextProxy(Unknown Source:20)
10-16 23:13:45.036 E/ExceptionStackTrace( 9353): okhttp3.internal.connection.RouteSelector.next(Unknown Source:17)
10-16 23:13:45.036 E/ExceptionStackTrace( 9353): okhttp3.internal.connection.ExchangeFinder.findConnection(Unknown Source:189)
10-16 23:13:45.036 E/ExceptionStackTrace( 9353): okhttp3
10-16 23:13:45.036 E/ExceptionStackTrace( 9353): The exception is  Unable to resolve host "outlook.office365.com": No address associated with hostname
10-16 23:13:45.036 E/ExceptionStackTrace( 9353): java.net.Inet6AddressImpl.lookupHostByName(Inet6AddressImpl.java:156)
10-16 23:13:45.036 E/ExceptionStackTrace( 9353): java.net.Inet6AddressImpl.lookupAllHostAddr(Inet6AddressImpl.java:103)
10-16 23:13:45.036 E/ExceptionStackTrace( 9353): java.net.InetAddress.getAllByName(InetAddress.java:1152)
10-16 23:13:45.036 E/ExceptionStackTrace( 9353): com.microsoft.office.outlook.http.HttpSortedDns.getAllByName(Unknown Source:0)
10-16 23:13:45.036 E/ExceptionStackTrace( 9353): com.microsoft.office.outlook.http.HttpSortedDns.lookup(Unknown Source:8)
10-16 23:13:45.036 E/ExceptionStackTrace( 9353): okhttp3.internal.connection.RouteSelector.resetNextInetSocketAddress(Unknown Source:141)
10-16 23:13:45.036 E/ExceptionStackTrace( 9353): okhttp3.internal.connection.RouteSelector.nextProxy(Unknown Source:20)
10-16 23:13:45.036 E/ExceptionStackTrace( 9353): okhttp3.internal.connection.RouteSelector.next(Unknown Source:17)
10-16 23:13:45.036 E/ExceptionStackTrace( 9353): okhttp3.internal.connection.ExchangeFinder.findConnection(Unknown Source:189)
10-16 23:13:45.036 E/ExceptionStackTrace( 9353): okhttp3.internal.connection.ExchangeFinder.findHealthyConnection(Unknown Source:0)
10-16 23:13:45.036 E/ExceptionStackTrace( 9353): okhttp3.internal.connection.ExchangeFinder.find(Unknown Source:47)
10-16 23:13:45.036 E/ExceptionStackTrace( 9353): okhttp3.internal.connection.RealCall.initExchange$okhttp(Unknown Source:28)
10-16 23:13:45.036 E/ExceptionStackTrace( 9353): okhttp3.internal.connection.
10-16 23:13:45.043 D/Navbar.Store( 2598): --------handleEvent(0) OnUpdateRemoteViewContainer(rotation=0, leftContainer=android.widget.LinearLayout{fd332fc I.E...... ......I. 0,0-0,0 #7f0a0624 app:id/left_remoteview}, rightContainer=android.widget.LinearLayout{5d4440b I.E...... ......I. 0,0-0,0 #7f0a09df app:id/right_remoteview}, contextualButtonVisible=false, darkIntensity=1.0, displayId=0) [Module] SamsungNavigationBarView
10-16 23:13:45.043 D/Navbar.Store( 2598): ----------[Band]REMOTE_VIEW_PACK_SET_REMOTEVIEW_CONTAINER
10-16 23:13:45.043 D/Navbar.Store( 2598): ------------apply(0) NavBarStoreAction$UpdateRemoteViewContainer
10-16 23:13:45.044 D/Navbar.Store( 2598): ------------apply(0) NavBarStoreAction$UpdateRemoteViewDarkIntensity
10-16 23:13:45.044 D/NavBarView( 2598): disableBack=false (useAltBack=false, handlingGestures=false, disabledFlagBack=false, isBottomGesture=false, isImeRenderingNavButtons=false)
10-16 23:13:45.044 D/Navbar.Store( 2598): ----handleEvent(0) OnUpdateSysUiStateFlag(noArguments=true) [Module] SamsungNavigationBarView
10-16 23:13:45.044 D/Navbar.Store( 2598): ------[Band]GESTURE_PACK_UPDATE_SYSTEMUI_STATE_FLAG
10-16 23:13:45.044 D/Navbar.Store( 2598): ------[Band] (afterAction) GESTURE_PACK_UPDATE_SYSTEMUI_STATE_FLAG
10-16 23:13:45.045 D/NavBarStateManager( 2598): NavBarStates(0) canUseNavBarBackgroundFrame: false
10-16 23:13:45.062 D/NetdEventListenerService( 1764): DNS Requested by 103, 10257(com.google.android.youtube), 4(FAIL), isBlocked=true, 0ms
10-16 23:13:45.071 D/NetdEventListenerService( 1764): DNS Requested by 103, 10257(com.google.android.youtube), 4(FAIL), isBlocked=true, 0ms
10-16 23:13:45.496 D/io_stats(  671): !@   8,0 r 1990503 59481132 w 1020338 20339976 d 370950 17478252 f 0 0 iot 1440772 0 th 0 0 0 pt 0 inp 0 0 143417.250
10-16 23:13:45.907 I/android.hardware.health@2.1-service-samsung( 1338): updateLrpSysfs: write: 332
10-16 23:13:45.908 D/[SS]BattUtils( 1764): [readNode]path:/sys/class/power_supply/battery/wc_tx_id ,value:0
10-16 23:13:45.909 D/[SS]BattFunctions( 1764): [sendRemainingChargingTimeChangedIntent]remainingChargingTime:2199 ,mLastRemainingChargingTime:2217
10-16 23:13:45.914 D/PowerUI ( 2598): Charging time is changed, check charging notification
10-16 23:13:45.916 D/PowerUI.Notification( 2598): showChargingNotice - oldBatteryLevel : 82 , BatteryLevel : 82 / oldChargingType : 10 , ChargingType : 10 / oldChargingTime : 2217, ChargingTime : 2199 / oldMaximumEnabled : false , MaximumEnabled : false / oldMaximumThreshold : 80 , MaximumThreshold : 80
10-16 23:13:45.920 I/NotificationManager( 2598): com.android.systemui: notify(2131363874, charging_state, Notification(channel=CHR shortcut=null contentView=null vibrate=null sound=null defaults=0 flags=ONGOING_EVENT|ONLY_ALERT_ONCE color=0x00000000 category=sys groupKey=CHARGING vis=PUBLIC semFlags=0x0 semPriority=0 semMissedCount=0)) as user
10-16 23:13:45.928 W/PermissionService( 1764): getPermissionFlags: Unknown user -1
10-16 23:13:45.928 W/PermissionService( 1764): getPermissionFlags: Unknown user -1
10-16 23:13:45.931 I/AODBatteryManager( 2598): updateBatteryData: ACTION_BATTERY_CHANGED
10-16 23:13:45.932 I/ChargingInfoManager( 2598): updateChargingInfo: newState = AOD ChargingInfo [mState=BATTERY_AND_REMAIN_TIME, mIsCharging=true, mIsPlugged=true, mIsFullyCharged=false, mIsBatteryProtectMode=false, mBetteryLevel=82, mBetteryProtectModeType0, mIsSlowChargingfalse], oldState = AOD ChargingInfo [mState=BATTERY_AND_REMAIN_TIME, mIsCharging=true, mIsPlugged=true, mIsFullyCharged=false, mIsBatteryProtectMode=false, mBetteryLevel=82, mBetteryProtectModeType0, mIsSlowChargingfalse]
10-16 23:13:46.037 D/SemCscFeature(30241): Encoded
10-16 23:13:46.137 I/Telecom ( 1764): SamsungTelecomServiceImpl : isInManagedCall - callingPackage : android / callingUser : UserHandle{0} / hasCrossUserAccess : true
10-16 23:13:46.138 I/AccessibilityNodeInfoDumper(30241): Skipping invisible child: android.view.accessibility.AccessibilityNodeInfo@8a22; boundsInParent: Rect(0, 0 - 0, 0); boundsInScreen: Rect(54, 2033 - 198, 2177); boundsInWindow: Rect(54, 2033 - 198, 2177); packageName: com.buccancs; className: android.view.View; text: null; error: null; maxTextLength: -1; stateDescription: null; contentDescription: null; tooltipText: null; containerTitle: null; viewIdResName: null; uniqueId: null; checkable: false; checked: false; focusable: false; focused: false; selected: false; clickable: false; longClickable: false; contextClickable: false; enabled: true; password: false; scrollable: false; granularScrollingSupported: false; importantForAccessibility: false; visible: false; actions: [AccessibilityAction: ACTION_ACCESSIBILITY_FOCUS - null]; isTextSelectable: false
10-16 23:13:46.156 I/AccessibilityNodeInfoDumper(30241): Skipping invisible child: android.view.accessibility.AccessibilityNodeInfo@8b39; boundsInParent: Rect(0, 0 - 0, 0); boundsInScreen: Rect(330, 2033 - 474, 2177); boundsInWindow: Rect(330, 2033 - 474, 2177); packageName: com.buccancs; className: android.view.View; text: null; error: null; maxTextLength: -1; stateDescription: null; contentDescription: null; tooltipText: null; containerTitle: null; viewIdResName: null; uniqueId: null; checkable: false; checked: false; focusable: false; focused: false; selected: false; clickable: false; longClickable: false; contextClickable: false; enabled: true; password: false; scrollable: false; granularScrollingSupported: false; importantForAccessibility: false; visible: false; actions: [AccessibilityAction: ACTION_ACCESSIBILITY_FOCUS - null]; isTextSelectable: false
10-16 23:13:46.161 I/HoneySpace.NotificationListener( 3103): onNotificationPosted com.android.systemui: -1|com.android.systemui|2131363874|charging_state|10063: 0
10-16 23:13:46.161 I/HoneySpace.NotificationListener( 3103): invalid notification: com.android.systemui UserHandle{-1}: canShowBadge is false
10-16 23:13:46.162 I/HoneySpace.BadgeDataSourceImpl( 3103): Get notification count. PK(p='com.google.android.youtube', u=UserHandle{0}) - forceBadgeCount: false, notification listener: 7, badge provider: 874
10-16 23:13:46.162 I/HoneySpace.BadgeDataSourceImpl( 3103): Get notification count. PK(p='com.microsoft.office.outlook', u=UserHandle{0}) - forceBadgeCount: false, notification listener: 15921, badge provider: 479
10-16 23:13:46.170 I/AccessibilityNodeInfoDumper(30241): Skipping invisible child: android.view.accessibility.AccessibilityNodeInfo@8c50; boundsInParent: Rect(0, 0 - 0, 0); boundsInScreen: Rect(606, 2033 - 750, 2177); boundsInWindow: Rect(606, 2033 - 750, 2177); packageName: com.buccancs; className: android.view.View; text: null; error: null; maxTextLength: -1; stateDescription: null; contentDescription: null; tooltipText: null; containerTitle: null; viewIdResName: null; uniqueId: null; checkable: false; checked: false; focusable: false; focused: false; selected: false; clickable: false; longClickable: false; contextClickable: false; enabled: true; password: false; scrollable: false; granularScrollingSupported: false; importantForAccessibility: false; visible: false; actions: [AccessibilityAction: ACTION_ACCESSIBILITY_FOCUS - null]; isTextSelectable: false
10-16 23:13:46.174 I/VSyncReactor( 1446): Current= 60, Period= 60, hwcPeriod= 60
10-16 23:13:46.175 I/LockscreenNotificationIconsOnlyController( 2598): onNotificationInfoUpdated 0
10-16 23:13:46.175 I/AODNotificationManager( 2598): updateNotification() 
10-16 23:13:46.183 I/AccessibilityNodeInfoDumper(30241): Skipping invisible child: android.view.accessibility.AccessibilityNodeInfo@8d67; boundsInParent: Rect(0, 0 - 0, 0); boundsInScreen: Rect(882, 2033 - 1026, 2177); boundsInWindow: Rect(882, 2033 - 1026, 2177); packageName: com.buccancs; className: android.view.View; text: null; error: null; maxTextLength: -1; stateDescription: null; contentDescription: null; tooltipText: null; containerTitle: null; viewIdResName: null; uniqueId: null; checkable: false; checked: false; focusable: false; focused: false; selected: false; clickable: false; longClickable: false; contextClickable: false; enabled: true; password: false; scrollable: false; granularScrollingSupported: false; importantForAccessibility: false; visible: false; actions: [AccessibilityAction: ACTION_ACCESSIBILITY_FOCUS - null]; isTextSelectable: false
10-16 23:13:46.185 W/AccessibilityNodeInfoDumper(30241): Fetch time: 142ms
10-16 23:13:46.192 D/KNOX_MDM_SettingsProvider( 1764): isChangeAllowed() : name = accessibility_enabled
10-16 23:13:46.194 D/SettingsProvider( 1764): PUT_ret(/secure/accessibility_enabled), callingPackage:android
10-16 23:13:46.194 D/MagnificationConnectionManager( 1764): requestConnection :false mConnectionState : 3
10-16 23:13:46.194 W/MagnificationConnectionManager( 1764): requestConnection duplicated request: connect=false, mConnectionState=DISCONNECTED
10-16 23:13:46.195 D/AccessibilityManagerService( 1764): restoreCurrentUserForTestAutomationIfNeededLocked(): ignoring because device doesn't support visible background users
10-16 23:13:46.197 D/BatterySaverPolicy( 1764): accessibility changed to false, updating policy.
10-16 23:13:46.199 I/outlook.platformSDK( 9353): Doing re-evaluation of requirements for keys [SettingKey(settingName=System.IsSpokenFeedbackEnabled, evaluationProperty=RuntimeReevaluate)]
10-16 23:13:46.200 I/HoneySpace.GlobalSettingDataSourceImpl( 3103): Setting accessibility_enabled changed to 0
10-16 23:13:46.200 D/KNOX_MDM_SettingsProvider( 1764): isChangeAllowed() : name = accelerometer_rotation
10-16 23:13:46.200 D/KNOX_MDM_SettingsProvider( 1764): isChangeAllowed() : name = user_rotation
10-16 23:13:46.201 I/outlook.platformSDK( 9353): Number of contributions to re-evaluate requirements [0]
10-16 23:13:46.202 I/SAMSUNGWALLET(12236): [SamsungPayBaseApplicationHelper] Screen reader is disabled
10-16 23:13:46.202 I/outlook.platformSDK( 9353): Types from keys[0] Hosts[0] Types:
10-16 23:13:46.202 I/outlook.platformSDK( 9353): minInit -> IsComplete[true]
10-16 23:13:46.203 I/outlook.platformSDK( 9353): minInit <- IsComplete[true]
10-16 23:13:46.203 I/outlook.platformSDK( 9353): Skipping loading [ActionableMessages] since requirements not fulfilled.
10-16 23:13:46.203 I/outlook.platformSDK( 9353): Skipping loading [CalendarCategories] since requirements not fulfilled.
10-16 23:13:46.203 I/outlook.platformSDK( 9353): Skipping loading [ComposeDynamicActionBarPartner] since requirements not fulfilled.
10-16 23:13:46.204 I/outlook.platformSDK( 9353): Skipping loading [EventComposePartner] since requirements not fulfilled.
10-16 23:13:46.204 V/WindowManager( 1764): Computed rotation=ROTATION_0 (0) for display id=0 based on lastOrientation=SCREEN_ORIENTATION_UNSPECIFIED (-1) and oldRotation=ROTATION_0 (0), caller=com.android.server.wm.WindowManagerService.updateRotationUnchecked:84 com.android.server.wm.WindowManagerService.thawDisplayRotation:125 com.android.server.wm.WindowManagerService.thawRotation:2 android.view.IWindowManager$Stub.onTransact:2874 com.android.server.wm.WindowManagerService.onTransact:1 android.os.Binder.execTransactInternal:1536 
10-16 23:13:46.204 I/outlook.platformSDK( 9353): Skipping loading [FileViewer] since requirements not fulfilled.
10-16 23:13:46.205 I/outlook.platformSDK( 9353): Skipping loading [ReportMessageV2Partner] since requirements not fulfilled.
10-16 23:13:46.205 I/outlook.platformSDK( 9353): Skipping loading [ScheduleFromEmail] since requirements not fulfilled.
10-16 23:13:46.205 I/outlook.platformSDK( 9353): Skipping loading [SchedulingAssistant] since requirements not fulfilled.
10-16 23:13:46.206 I/outlook.platformSDK( 9353): requestLoadContributionsAsyncV2[SettingsUpdatedContribution] - Packages[1]
10-16 23:13:46.206 I/outlook.platformSDK( 9353): Package[MetaOsLaunchApps] Contribution[MetaOsSettingsMonitorContribution]
10-16 23:13:46.206 I/outlook.platformSDK( 9353): requestLoadContributionsAsyncV2[SettingsUpdatedContribution] - Loaded[1]
10-16 23:13:46.207 D/AndroidRuntime(30241): Shutting down VM
10-16 23:13:46.208 I/SurfaceFlinger( 1446): [LayerHierarchy{RequestedLayerState{WindowToken{a4e4bd0 type=2032 android.os.Binder@6437f93}#8697 z=1} no children}] reparent to OffscreenRoot
10-16 23:13:46.208 I/SurfaceFlinger( 1446): [LayerHierarchy{RequestedLayerState{WindowToken{a4e4bd0 type=2032 android.os.Binder@6437f93}#8697 z=1} no children}] RelativeParent to null
10-16 23:13:46.210 I/SurfaceFlinger( 1446): id=8697 Removed WindowToken{a4e4bd0 type=2032 android.os.Binder@6437f93}#8697 (145)
10-16 23:13:46.224 I/SurfaceFlinger( 1446): destroyed WindowToken{a4e4bd0 type=2032 android.os.Binder@6437f93}#8697
10-16 23:13:46.225 I/Layer   ( 1446): id=8697 Destroyed WindowToken{a4e4bd0 type=2032 android.os.Binder@6437f93}#8697
10-16 23:13:46.363 D/Bubbles ( 2598): onEntryUpdated : shouldBubbleUp=false ,key=-1|com.android.systemui|2131363874|charging_state|10063
10-16 23:13:46.364 D/InterruptionStateProvider( 2598):  no Heads up : edgelighting enabled app. -1|com.android.systemui|2131363874|charging_state|10063
10-16 23:13:46.405 I/LockscreenNotificationIconsOnlyController( 2598): onNotificationInfoUpdated 0
10-16 23:13:46.405 I/AODNotificationManager( 2598): updateNotification() 
10-16 23:13:46.415 D/LocalImageResolver( 2598): Couldn't use ImageDecoder for drawable, falling back to non-resized load.
10-16 23:13:46.416 D/LocalImageResolver( 2598): Couldn't use ImageDecoder for drawable, falling back to non-resized load.
10-16 23:13:46.420 D/LocalImageResolver( 2598): Couldn't use ImageDecoder for drawable, falling back to non-resized load.
10-16 23:13:46.445 D/LocalImageResolver( 2598): Couldn't use ImageDecoder for drawable, falling back to non-resized load.
10-16 23:13:46.453 I/LockscreenNotificationIconsOnlyController( 2598): onNotificationInfoUpdated 0
10-16 23:13:46.453 I/AODNotificationManager( 2598): updateNotification() 
10-16 23:13:46.461 E/Camera2-FrameProcessorBase( 1597): FrameProcessorBase: Error waiting for new frames: Connection timed out (-110)
10-16 23:13:46.478 I/SDHMS:x ( 4936): SIOP:: AP:341 BAT:320 USB:307 CHG:356 PA:346 CP:343 WIFI:350 CF:328 BLK:0 SUBBAT:0 SKIN:333 SKINF:326 SKINB:332 LRP:332 LRP2:333 LRF:326 LRB:332 LRF2:329 LRB2:333 AP2:332 CHG2:331 MEM2:333 WIFI2:331 RCV2:326 SPK2:309 FCAM:305 UPSPK:324 DNSPK:303 AVGCUR:413 AVGSYS:477 POWER:1739
10-16 23:13:46.481 I/SDHMS:N0( 4936): p2p-if:: false, , 
10-16 23:13:46.557 W/CommandClient(28366): Command stream interrupted, retrying
10-16 23:13:46.557 W/CommandClient(28366): io.grpc.StatusException: UNAVAILABLE
10-16 23:13:46.557 W/CommandClient(28366): 	at io.grpc.Status.asException(Status.java:547)
10-16 23:13:46.557 W/CommandClient(28366): 	at io.grpc.kotlin.ClientCalls$rpcImpl$1$1$1.onClose(ClientCalls.kt:264)
10-16 23:13:46.557 W/CommandClient(28366): 	at io.grpc.internal.ClientCallImpl.closeObserver(ClientCallImpl.java:565)
10-16 23:13:46.557 W/CommandClient(28366): 	at io.grpc.internal.ClientCallImpl.access$100(ClientCallImpl.java:72)
10-16 23:13:46.557 W/CommandClient(28366): 	at io.grpc.internal.ClientCallImpl$ClientStreamListenerImpl$1StreamClosed.runInternal(ClientCallImpl.java:733)
10-16 23:13:46.557 W/CommandClient(28366): 	at io.grpc.internal.ClientCallImpl$ClientStreamListenerImpl$1StreamClosed.runInContext(ClientCallImpl.java:714)
10-16 23:13:46.557 W/CommandClient(28366): 	at io.grpc.internal.ContextRunnable.run(ContextRunnable.java:37)
10-16 23:13:46.557 W/CommandClient(28366): 	at io.grpc.internal.SerializingExecutor.run(SerializingExecutor.java:133)
10-16 23:13:46.557 W/CommandClient(28366): 	at java.util.concurrent.ThreadPoolExecutor.runWorker(ThreadPoolExecutor.java:1156)
10-16 23:13:46.557 W/CommandClient(28366): 	at java.util.concurrent.ThreadPoolExecutor$Worker.run(ThreadPoolExecutor.java:651)
10-16 23:13:46.557 W/CommandClient(28366): 	at java.lang.Thread.run(Thread.java:1119)
10-16 23:13:46.557 W/CommandClient(28366): Caused by: java.net.ConnectException: failed to connect to /10.0.2.2 (port 50051) from /:: (port 39272): connect failed: ECONNREFUSED (Connection refused)
10-16 23:13:46.557 W/CommandClient(28366): 	at libcore.io.IoBridge.connect(IoBridge.java:187)
10-16 23:13:46.557 W/CommandClient(28366): 	at java.net.PlainSocketImpl.socketConnect(PlainSocketImpl.java:142)
10-16 23:13:46.557 W/CommandClient(28366): 	at java.net.AbstractPlainSocketImpl.doConnect(AbstractPlainSocketImpl.java:390)
10-16 23:13:46.557 W/CommandClient(28366): 	at java.net.AbstractPlainSocketImpl.connectToAddress(AbstractPlainSocketImpl.java:230)
10-16 23:13:46.557 W/CommandClient(28366): 	at java.net.AbstractPlainSocketImpl.connect(AbstractPlainSocketImpl.java:212)
10-16 23:13:46.557 W/CommandClient(28366): 	at java.net.SocksSocketImpl.connect(SocksSocketImpl.java:436)
10-16 23:13:46.557 W/CommandClient(28366): 	at java.net.Socket.connect(Socket.java:646)
10-16 23:13:46.557 W/CommandClient(28366): 	at java.net.Socket.connect(Socket.java:595)
10-16 23:13:46.557 W/CommandClient(28366): 	at java.net.Socket.<init>(Socket.java:475)
10-16 23:13:46.557 W/CommandClient(28366): 	at java.net.Socket.<init>(Socket.java:275)
10-16 23:13:46.557 W/CommandClient(28366): 	at javax.net.DefaultSocketFactory.createSocket(SocketFactory.java:285)
10-16 23:13:46.557 W/CommandClient(28366): 	at io.grpc.okhttp.OkHttpClientTransport$3.run(OkHttpClientTransport.java:723)
10-16 23:13:46.557 W/CommandClient(28366): 	... 4 more
10-16 23:13:46.557 W/CommandClient(28366): Caused by: android.system.ErrnoException: connect failed: ECONNREFUSED (Connection refused)
10-16 23:13:46.557 W/CommandClient(28366): 	at libcore.io.Linux.connect(Native Method)
10-16 23:13:46.557 W/CommandClient(28366): 	at libcore.io.ForwardingOs.connect(ForwardingOs.java:201)
10-16 23:13:46.557 W/CommandClient(28366): 	at libcore.io.BlockGuardOs.connect(BlockGuardOs.java:158)
10-16 23:13:46.557 W/CommandClient(28366): 	at libcore.io.ForwardingOs.connect(ForwardingOs.java:201)
10-16 23:13:46.557 W/CommandClient(28366): 	at libcore.io.IoBridge.connectErrno(IoBridge.java:201)
10-16 23:13:46.557 W/CommandClient(28366): 	at libcore.io.IoBridge.connect(IoBridge.java:179)
10-16 23:13:46.557 W/CommandClient(28366): 	... 15 more
10-16 23:13:47.003 I/NullBinder( 3297): NullBinder for com.google.android.gms.lockbox.service.START triggering remote TransactionTooLargeException due to Service without Chimera impl, calling uid: 10241, calling pid: 20441
10-16 23:13:47.003 W/.gms.persistent( 3297): Large reply transaction of 1056768 bytes, interface descriptor , code 46
10-16 23:13:47.005 D/ActivityThread(20441): Too many transaction errors, throttling freezer binder callback.
10-16 23:13:47.005 E/JavaBinder(20441): !!! FAILED BINDER TRANSACTION !!!  (parcel size = 408)
10-16 23:13:47.007 W/GmsClient(20441): IGmsServiceBroker.getService failed
10-16 23:13:47.007 W/GmsClient(20441): android.os.DeadObjectException: Transaction failed on small parcel; remote process probably died, but this could also be caused by running out of binder buffer space
10-16 23:13:47.007 W/GmsClient(20441): 	at android.os.BinderProxy.transactNative(Native Method)
10-16 23:13:47.007 W/GmsClient(20441): 	at android.os.BinderProxy.transact(BinderProxy.java:655)
10-16 23:13:47.007 W/GmsClient(20441): 	at bbkc.a(:com.google.android.gms@253931035@25.39.31 (260400-813878953):33)
10-16 23:13:47.007 W/GmsClient(20441): 	at bbid.z(:com.google.android.gms@253931035@25.39.31 (260400-813878953):160)
10-16 23:13:47.007 W/GmsClient(20441): 	at baoz.run(:com.google.android.gms@253931035@25.39.31 (260400-813878953):42)
10-16 23:13:47.007 W/GmsClient(20441): 	at android.os.Handler.handleCallback(Handler.java:959)
10-16 23:13:47.007 W/GmsClient(20441): 	at android.os.Handler.dispatchMessage(Handler.java:100)
10-16 23:13:47.007 W/GmsClient(20441): 	at cmjd.mC(:com.google.android.gms@253931035@25.39.31 (260400-813878953):1)
10-16 23:13:47.007 W/GmsClient(20441): 	at cmjd.dispatchMessage(:com.google.android.gms@253931035@25.39.31 (260400-813878953):144)
10-16 23:13:47.007 W/GmsClient(20441): 	at android.os.Looper.loopOnce(Looper.java:257)
10-16 23:13:47.007 W/GmsClient(20441): 	at android.os.Looper.loop(Looper.java:342)
10-16 23:13:47.007 W/GmsClient(20441): 	at android.os.HandlerThread.run(HandlerThread.java:85)
10-16 23:13:47.065 D/ShimmerHardwareStub(28366): refreshBondedDevices() â€“ stub keeps existing list (46 devices)
10-16 23:13:47.066 D/ShimmerHardwareStub(28366): scan() â€“ emitting synthetic discovery (duration=5s)
10-16 23:13:47.108 D/PhoneInterfaceManager( 2569): setDataEnabledForReason() Reason=1 Pid=1764 App=system
10-16 23:13:47.160 I/NullBinder( 3297): NullBinder for com.google.android.gms.lockbox.service.START triggering remote TransactionTooLargeException due to Service without Chimera impl, calling uid: 10241, calling pid: 20441
10-16 23:13:47.160 W/.gms.persistent( 3297): Large reply transaction of 1056768 bytes, interface descriptor , code 46
10-16 23:13:47.161 D/ActivityThread(20441): Too many transaction errors, throttling freezer binder callback.
10-16 23:13:47.161 E/JavaBinder(20441): !!! FAILED BINDER TRANSACTION !!!  (parcel size = 408)
10-16 23:13:47.169 W/GmsClient(20441): IGmsServiceBroker.getService failed
10-16 23:13:47.169 W/GmsClient(20441): android.os.DeadObjectException: Transaction failed on small parcel; remote process probably died, but this could also be caused by running out of binder buffer space
10-16 23:13:47.169 W/GmsClient(20441): 	at android.os.BinderProxy.transactNative(Native Method)
10-16 23:13:47.169 W/GmsClient(20441): 	at android.os.BinderProxy.transact(BinderProxy.java:655)
10-16 23:13:47.169 W/GmsClient(20441): 	at bbkc.a(:com.google.android.gms@253931035@25.39.31 (260400-813878953):33)
10-16 23:13:47.169 W/GmsClient(20441): 	at bbid.z(:com.google.android.gms@253931035@25.39.31 (260400-813878953):160)
10-16 23:13:47.169 W/GmsClient(20441): 	at baoz.run(:com.google.android.gms@253931035@25.39.31 (260400-813878953):42)
10-16 23:13:47.169 W/GmsClient(20441): 	at android.os.Handler.handleCallback(Handler.java:959)
10-16 23:13:47.169 W/GmsClient(20441): 	at android.os.Handler.dispatchMessage(Handler.java:100)
10-16 23:13:47.169 W/GmsClient(20441): 	at cmjd.mC(:com.google.android.gms@253931035@25.39.31 (260400-813878953):1)
10-16 23:13:47.169 W/GmsClient(20441): 	at cmjd.dispatchMessage(:com.google.android.gms@253931035@25.39.31 (260400-813878953):144)
10-16 23:13:47.169 W/GmsClient(20441): 	at android.os.Looper.loopOnce(Looper.java:257)
10-16 23:13:47.169 W/GmsClient(20441): 	at android.os.Looper.loop(Looper.java:342)
10-16 23:13:47.169 W/GmsClient(20441): 	at android.os.HandlerThread.run(HandlerThread.java:85)
10-16 23:13:47.351 W/TimeSyncService(28366): Time sync failed: UNAVAILABLE
10-16 23:13:47.351 W/TimeSyncService(28366): io.grpc.StatusException: UNAVAILABLE
10-16 23:13:47.351 W/TimeSyncService(28366): 	at io.grpc.Status.asException(Status.java:547)
10-16 23:13:47.351 W/TimeSyncService(28366): 	at io.grpc.kotlin.ClientCalls$rpcImpl$1$1$1.onClose(ClientCalls.kt:264)
10-16 23:13:47.351 W/TimeSyncService(28366): 	at io.grpc.internal.ClientCallImpl.closeObserver(ClientCallImpl.java:565)
10-16 23:13:47.351 W/TimeSyncService(28366): 	at io.grpc.internal.ClientCallImpl.access$100(ClientCallImpl.java:72)
10-16 23:13:47.351 W/TimeSyncService(28366): 	at io.grpc.internal.ClientCallImpl$ClientStreamListenerImpl$1StreamClosed.runInternal(ClientCallImpl.java:733)
10-16 23:13:47.351 W/TimeSyncService(28366): 	at io.grpc.internal.ClientCallImpl$ClientStreamListenerImpl$1StreamClosed.runInContext(ClientCallImpl.java:714)
10-16 23:13:47.351 W/TimeSyncService(28366): 	at io.grpc.internal.ContextRunnable.run(ContextRunnable.java:37)
10-16 23:13:47.351 W/TimeSyncService(28366): 	at io.grpc.internal.SerializingExecutor.run(SerializingExecutor.java:133)
10-16 23:13:47.351 W/TimeSyncService(28366): 	at java.util.concurrent.ThreadPoolExecutor.runWorker(ThreadPoolExecutor.java:1156)
10-16 23:13:47.351 W/TimeSyncService(28366): 	at java.util.concurrent.ThreadPoolExecutor$Worker.run(ThreadPoolExecutor.java:651)
10-16 23:13:47.351 W/TimeSyncService(28366): 	at java.lang.Thread.run(Thread.java:1119)
10-16 23:13:47.351 W/TimeSyncService(28366): Caused by: java.net.ConnectException: failed to connect to /10.0.2.2 (port 50051) from /:: (port 39272): connect failed: ECONNREFUSED (Connection refused)
10-16 23:13:47.351 W/TimeSyncService(28366): 	at libcore.io.IoBridge.connect(IoBridge.java:187)
10-16 23:13:47.351 W/TimeSyncService(28366): 	at java.net.PlainSocketImpl.socketConnect(PlainSocketImpl.java:142)
10-16 23:13:47.351 W/TimeSyncService(28366): 	at java.net.AbstractPlainSocketImpl.doConnect(AbstractPlainSocketImpl.java:390)
10-16 23:13:47.351 W/TimeSyncService(28366): 	at java.net.AbstractPlainSocketImpl.connectToAddress(AbstractPlainSocketImpl.java:230)
10-16 23:13:47.351 W/TimeSyncService(28366): 	at java.net.AbstractPlainSocketImpl.connect(AbstractPlainSocketImpl.java:212)
10-16 23:13:47.351 W/TimeSyncService(28366): 	at java.net.SocksSocketImpl.connect(SocksSocketImpl.java:436)
10-16 23:13:47.351 W/TimeSyncService(28366): 	at java.net.Socket.connect(Socket.java:646)
10-16 23:13:47.351 W/TimeSyncService(28366): 	at java.net.Socket.connect(Socket.java:595)
10-16 23:13:47.351 W/TimeSyncService(28366): 	at java.net.Socket.<init>(Socket.java:475)
10-16 23:13:47.351 W/TimeSyncService(28366): 	at java.net.Socket.<init>(Socket.java:275)
10-16 23:13:47.351 W/TimeSyncService(28366): 	at javax.net.DefaultSocketFactory.createSocket(SocketFactory.java:285)
10-16 23:13:47.351 W/TimeSyncService(28366): 	at io.grpc.okhttp.OkHttpClientTransport$3.run(OkHttpClientTransport.java:723)
10-16 23:13:47.351 W/TimeSyncService(28366): 	... 4 more
10-16 23:13:47.351 W/TimeSyncService(28366): Caused by: android.system.ErrnoException: connect failed: ECONNREFUSED (Connection refused)
10-16 23:13:47.351 W/TimeSyncService(28366): 	at libcore.io.Linux.connect(Native Method)
10-16 23:13:47.351 W/TimeSyncService(28366): 	at libcore.io.ForwardingOs.connect(ForwardingOs.java:201)
10-16 23:13:47.351 W/TimeSyncService(28366): 	at libcore.io.BlockGuardOs.connect(BlockGuardOs.java:158)
10-16 23:13:47.351 W/TimeSyncService(28366): 	at libcore.io.ForwardingOs.connect(ForwardingOs.java:201)
10-16 23:13:47.351 W/TimeSyncService(28366): 	at libcore.io.IoBridge.connectErrno(IoBridge.java:201)
10-16 23:13:47.351 W/TimeSyncService(28366): 	at libcore.io.IoBridge.connect(IoBridge.java:179)
10-16 23:13:47.351 W/TimeSyncService(28366): 	... 15 more
10-16 23:13:47.410 I/SDHMS:LOAD( 4936): type: LoadsFreqs, value: 0:1:0:590720:2912000:533000:693680:2808000:533000:2:130:0
10-16 23:13:47.498 D/io_stats(  671): !@   8,0 r 1990504 59481216 w 1020350 20340092 d 370950 17478252 f 0 0 iot 1440808 0 th 0 0 0 pt 0 inp 0 0 143419.252
10-16 23:13:47.498 D/io_stats(  671): !@ Read_top(KB): android.youtube(17596) 196 system_server(1764) 84
10-16 23:13:47.498 D/io_stats(  671): !@ Write_top(KB): .office.outlook(9353) 448 system_server(1764) 212 kworker/u16:0(24727) 52
10-16 23:13:47.593 W/DeviceBridge(28366): Orchestrator bridge failure: UNAVAILABLE
10-16 23:13:47.593 W/DeviceBridge(28366): io.grpc.StatusException: UNAVAILABLE
10-16 23:13:47.593 W/DeviceBridge(28366): 	at io.grpc.Status.asException(Status.java:547)
10-16 23:13:47.593 W/DeviceBridge(28366): 	at io.grpc.kotlin.ClientCalls$rpcImpl$1$1$1.onClose(ClientCalls.kt:264)
10-16 23:13:47.593 W/DeviceBridge(28366): 	at io.grpc.internal.ClientCallImpl.closeObserver(ClientCallImpl.java:565)
10-16 23:13:47.593 W/DeviceBridge(28366): 	at io.grpc.internal.ClientCallImpl.access$100(ClientCallImpl.java:72)
10-16 23:13:47.593 W/DeviceBridge(28366): 	at io.grpc.internal.ClientCallImpl$ClientStreamListenerImpl$1StreamClosed.runInternal(ClientCallImpl.java:733)
10-16 23:13:47.593 W/DeviceBridge(28366): 	at io.grpc.internal.ClientCallImpl$ClientStreamListenerImpl$1StreamClosed.runInContext(ClientCallImpl.java:714)
10-16 23:13:47.593 W/DeviceBridge(28366): 	at io.grpc.internal.ContextRunnable.run(ContextRunnable.java:37)
10-16 23:13:47.593 W/DeviceBridge(28366): 	at io.grpc.internal.SerializingExecutor.run(SerializingExecutor.java:133)
10-16 23:13:47.593 W/DeviceBridge(28366): 	at java.util.concurrent.ThreadPoolExecutor.runWorker(ThreadPoolExecutor.java:1156)
10-16 23:13:47.593 W/DeviceBridge(28366): 	at java.util.concurrent.ThreadPoolExecutor$Worker.run(ThreadPoolExecutor.java:651)
10-16 23:13:47.593 W/DeviceBridge(28366): 	at java.lang.Thread.run(Thread.java:1119)
10-16 23:13:47.593 W/DeviceBridge(28366): Caused by: java.net.ConnectException: failed to connect to /10.0.2.2 (port 50051) from /:: (port 39272): connect failed: ECONNREFUSED (Connection refused)
10-16 23:13:47.593 W/DeviceBridge(28366): 	at libcore.io.IoBridge.connect(IoBridge.java:187)
10-16 23:13:47.593 W/DeviceBridge(28366): 	at java.net.PlainSocketImpl.socketConnect(PlainSocketImpl.java:142)
10-16 23:13:47.593 W/DeviceBridge(28366): 	at java.net.AbstractPlainSocketImpl.doConnect(AbstractPlainSocketImpl.java:390)
10-16 23:13:47.593 W/DeviceBridge(28366): 	at java.net.AbstractPlainSocketImpl.connectToAddress(AbstractPlainSocketImpl.java:230)
10-16 23:13:47.593 W/DeviceBridge(28366): 	at java.net.AbstractPlainSocketImpl.connect(AbstractPlainSocketImpl.java:212)
10-16 23:13:47.593 W/DeviceBridge(28366): 	at java.net.SocksSocketImpl.connect(SocksSocketImpl.java:436)
10-16 23:13:47.593 W/DeviceBridge(28366): 	at java.net.Socket.connect(Socket.java:646)
10-16 23:13:47.593 W/DeviceBridge(28366): 	at java.net.Socket.connect(Socket.java:595)
10-16 23:13:47.593 W/DeviceBridge(28366): 	at java.net.Socket.<init>(Socket.java:475)
10-16 23:13:47.593 W/DeviceBridge(28366): 	at java.net.Socket.<init>(Socket.java:275)
10-16 23:13:47.593 W/DeviceBridge(28366): 	at javax.net.DefaultSocketFactory.createSocket(SocketFactory.java:285)
10-16 23:13:47.593 W/DeviceBridge(28366): 	at io.grpc.okhttp.OkHttpClientTransport$3.run(OkHttpClientTransport.java:723)
10-16 23:13:47.593 W/DeviceBridge(28366): 	... 4 more
10-16 23:13:47.593 W/DeviceBridge(28366): Caused by: android.system.ErrnoException: connect failed: ECONNREFUSED (Connection refused)
10-16 23:13:47.593 W/DeviceBridge(28366): 	at libcore.io.Linux.connect(Native Method)
10-16 23:13:47.593 W/DeviceBridge(28366): 	at libcore.io.ForwardingOs.connect(ForwardingOs.java:201)
10-16 23:13:47.593 W/DeviceBridge(28366): 	at libcore.io.BlockGuardOs.connect(BlockGuardOs.java:158)
10-16 23:13:47.593 W/DeviceBridge(28366): 	at libcore.io.ForwardingOs.connect(ForwardingOs.java:201)
10-16 23:13:47.593 W/DeviceBridge(28366): 	at libcore.io.IoBridge.connectErrno(IoBridge.java:201)
10-16 23:13:47.593 W/DeviceBridge(28366): 	at libcore.io.IoBridge.connect(IoBridge.java:179)
10-16 23:13:47.593 W/DeviceBridge(28366): 	... 15 more
10-16 23:13:47.939 D/WifiClientModeImpl[118162968:wlan0]( 1764): updateLinkLayerStatsRssiSpeedFrequencyCapabilities rssi=-48 TxLinkspeed=720 freq=5540 RxLinkSpeed=1080
10-16 23:13:47.947 D/WifiDataStall( 1764): tx tput in kbps: 637143
10-16 23:13:47.948 I/WifiService( 1764): getConnectionInfo uid=10063
10-16 23:13:47.948 D/WifiDataStall( 1764): rx tput in kbps: 1016718
10-16 23:13:47.948 V/WifiService( 1764): Clearing REDACT_FOR_NETWORK_SETTINGS for com.android.systemui(uid=10063)
10-16 23:13:47.948 V/WifiService( 1764): Clearing REDACT_FOR_ACCESS_FINE_LOCATION for com.android.systemui(uid=10063)
10-16 23:13:47.948 V/WifiConfigManager( 1764): Updating scan detail cache freq=5540 BSSID=80:ea:0b:b5:50:32 RSSI=-48 for "gecisbugyi"WPA_PSK
10-16 23:13:47.954 I/SemWifiLinkQualityMonitor( 1764): Link stat: 2726 / 137 / 1.10 (258) / 720 / -48.0 || 100.0 : 720.00 / 0.5 : 0.91 / 0.55 : 0.05 / G (G) || 0bb550325540: 0.087 / 92.038 /  / N || N N / 0 / Y 2.0 / Y 0 / 143419705 0
10-16 23:13:47.959 D/SemWifiUsabilityStatsMonitor( 1764): onWifiUsabilityStats - seqNum 27254, isSameBssidAndFreq true
10-16 23:13:47.959 D/WifiDataStall( 1764):  ccaLevel = 15
10-16 23:13:47.959 D/WifiDataStall( 1764): L2 txTputKbps: 623587, rxTputKbps: 1016718, L3 txTputKbps: 447, rxTputKbps: 45, TxTrafficHigh: true, RxTrafficHigh: true, Throughput Sufficient: true
10-16 23:13:47.960 D/WifiScoreCard( 1764): BSSID update SIGNAL_POLL ID: 1766757149 SSID: "gecisbugyi", BSSID: 80:ea:0b:b5:50:32, MAC: 6e:4e:84:cb:04:97, IP: /192.168.1.128, Security type: 4, Supplicant state: COMPLETED, Wi-Fi standard: 11ax, RSSI: -48, Link speed: 720Mbps, Tx Link speed: 720Mbps, Max Supported Tx Link speed: 1200Mbps, Rx Link speed: 1080Mbps, Max Supported Rx Link speed: 1200Mbps, Frequency: 5540MHz, Net ID: 19, Metered hint: false, score: 60, isUsable: true, CarrierMerged: false, SubscriptionId: -1, IsPrimary: 1, Trusted: true, Restricted: false, Ephemeral: false, OEM paid: false, OEM private: false, OSU AP: false, FQDN: <none>, Provider friendly name: <none>, Requesting package name: <none>"gecisbugyi"wpa3-saeMLO Information: , Is TID-To-Link negotiation supported by the AP: false, AP MLD Address: <none>, AP MLO Link Id: <none>, AP MLO Affiliated links: <none>, Vendor Data: <none>
10-16 23:13:47.960 D/WifiScoreCard( 1764): txRate: 69 txSpeed: 720
10-16 23:13:47.960 D/WifiScoreCard( 1764): network update SIGNAL_POLL "gecisbugyi" ID: 934667520 RSSI -48 txSpeed 720
10-16 23:13:47.961 D/WifiClientModeImpl[118162968:wlan0]( 1764):  ClientModeImpl$L2ConnectedState screen=on 7 0 "gecisbugyi" 80:ea:0b:b5:50:32 rssi=-48 f=5540 sc=60 link=720 tx=63.0, 5.7, 0.0 rx=59.7 bcn=904255 [on:2703 tx:39 rx:159 period:3132] from screen [on:460952 period:585359] score=60
10-16 23:13:48.054 I/NullBinder( 3297): NullBinder for com.google.android.gms.lockbox.service.START triggering remote TransactionTooLargeException due to Service without Chimera impl, calling uid: 10241, calling pid: 20441
10-16 23:13:48.054 W/.gms.persistent( 3297): Large reply transaction of 1056768 bytes, interface descriptor , code 46
10-16 23:13:48.060 D/ActivityThread(20441): Too many transaction errors, throttling freezer binder callback.
10-16 23:13:48.060 E/JavaBinder(20441): !!! FAILED BINDER TRANSACTION !!!  (parcel size = 408)
10-16 23:13:48.065 W/GmsClient(20441): IGmsServiceBroker.getService failed
10-16 23:13:48.065 W/GmsClient(20441): android.os.DeadObjectException: Transaction failed on small parcel; remote process probably died, but this could also be caused by running out of binder buffer space
10-16 23:13:48.065 W/GmsClient(20441): 	at android.os.BinderProxy.transactNative(Native Method)
10-16 23:13:48.065 W/GmsClient(20441): 	at android.os.BinderProxy.transact(BinderProxy.java:655)
10-16 23:13:48.065 W/GmsClient(20441): 	at bbkc.a(:com.google.android.gms@253931035@25.39.31 (260400-813878953):33)
10-16 23:13:48.065 W/GmsClient(20441): 	at bbid.z(:com.google.android.gms@253931035@25.39.31 (260400-813878953):160)
10-16 23:13:48.065 W/GmsClient(20441): 	at baoz.run(:com.google.android.gms@253931035@25.39.31 (260400-813878953):42)
10-16 23:13:48.065 W/GmsClient(20441): 	at android.os.Handler.handleCallback(Handler.java:959)
10-16 23:13:48.065 W/GmsClient(20441): 	at android.os.Handler.dispatchMessage(Handler.java:100)
10-16 23:13:48.065 W/GmsClient(20441): 	at cmjd.mC(:com.google.android.gms@253931035@25.39.31 (260400-813878953):1)
10-16 23:13:48.065 W/GmsClient(20441): 	at cmjd.dispatchMessage(:com.google.android.gms@253931035@25.39.31 (260400-813878953):144)
10-16 23:13:48.065 W/GmsClient(20441): 	at android.os.Looper.loopOnce(Looper.java:257)
10-16 23:13:48.065 W/GmsClient(20441): 	at android.os.Looper.loop(Looper.java:342)
10-16 23:13:48.065 W/GmsClient(20441): 	at android.os.HandlerThread.run(HandlerThread.java:85)
10-16 23:13:48.333 I/wpa_supplicant(21014): Heartbeat 2542
10-16 23:13:48.616 E/Camera2-FrameProcessorBase( 1597): FrameProcessorBase: Error waiting for new frames: Connection timed out (-110)
10-16 23:13:48.804 I/WifiService( 1764): getDhcpInfo uid=10326
10-16 23:13:49.500 D/io_stats(  671): !@   8,0 r 1990504 59481216 w 1020377 20340720 d 370950 17478252 f 0 0 iot 1440852 0 th 0 0 0 pt 0 inp 0 0 143421.254
10-16 23:13:49.562 W/CommandClient(28366): Command stream interrupted, retrying
10-16 23:13:49.562 W/CommandClient(28366): io.grpc.StatusException: UNAVAILABLE
10-16 23:13:49.562 W/CommandClient(28366): 	at io.grpc.Status.asException(Status.java:547)
10-16 23:13:49.562 W/CommandClient(28366): 	at io.grpc.kotlin.ClientCalls$rpcImpl$1$1$1.onClose(ClientCalls.kt:264)
10-16 23:13:49.562 W/CommandClient(28366): 	at io.grpc.internal.ClientCallImpl.closeObserver(ClientCallImpl.java:565)
10-16 23:13:49.562 W/CommandClient(28366): 	at io.grpc.internal.ClientCallImpl.access$100(ClientCallImpl.java:72)
10-16 23:13:49.562 W/CommandClient(28366): 	at io.grpc.internal.ClientCallImpl$ClientStreamListenerImpl$1StreamClosed.runInternal(ClientCallImpl.java:733)
10-16 23:13:49.562 W/CommandClient(28366): 	at io.grpc.internal.ClientCallImpl$ClientStreamListenerImpl$1StreamClosed.runInContext(ClientCallImpl.java:714)
10-16 23:13:49.562 W/CommandClient(28366): 	at io.grpc.internal.ContextRunnable.run(ContextRunnable.java:37)
10-16 23:13:49.562 W/CommandClient(28366): 	at io.grpc.internal.SerializingExecutor.run(SerializingExecutor.java:133)
10-16 23:13:49.562 W/CommandClient(28366): 	at java.util.concurrent.ThreadPoolExecutor.runWorker(ThreadPoolExecutor.java:1156)
10-16 23:13:49.562 W/CommandClient(28366): 	at java.util.concurrent.ThreadPoolExecutor$Worker.run(ThreadPoolExecutor.java:651)
10-16 23:13:49.562 W/CommandClient(28366): 	at java.lang.Thread.run(Thread.java:1119)
10-16 23:13:49.562 W/CommandClient(28366): Caused by: java.net.ConnectException: failed to connect to /10.0.2.2 (port 50051) from /:: (port 39272): connect failed: ECONNREFUSED (Connection refused)
10-16 23:13:49.562 W/CommandClient(28366): 	at libcore.io.IoBridge.connect(IoBridge.java:187)
10-16 23:13:49.562 W/CommandClient(28366): 	at java.net.PlainSocketImpl.socketConnect(PlainSocketImpl.java:142)
10-16 23:13:49.562 W/CommandClient(28366): 	at java.net.AbstractPlainSocketImpl.doConnect(AbstractPlainSocketImpl.java:390)
10-16 23:13:49.562 W/CommandClient(28366): 	at java.net.AbstractPlainSocketImpl.connectToAddress(AbstractPlainSocketImpl.java:230)
10-16 23:13:49.562 W/CommandClient(28366): 	at java.net.AbstractPlainSocketImpl.connect(AbstractPlainSocketImpl.java:212)
10-16 23:13:49.562 W/CommandClient(28366): 	at java.net.SocksSocketImpl.connect(SocksSocketImpl.java:436)
10-16 23:13:49.562 W/CommandClient(28366): 	at java.net.Socket.connect(Socket.java:646)
10-16 23:13:49.562 W/CommandClient(28366): 	at java.net.Socket.connect(Socket.java:595)
10-16 23:13:49.562 W/CommandClient(28366): 	at java.net.Socket.<init>(Socket.java:475)
10-16 23:13:49.562 W/CommandClient(28366): 	at java.net.Socket.<init>(Socket.java:275)
10-16 23:13:49.562 W/CommandClient(28366): 	at javax.net.DefaultSocketFactory.createSocket(SocketFactory.java:285)
10-16 23:13:49.562 W/CommandClient(28366): 	at io.grpc.okhttp.OkHttpClientTransport$3.run(OkHttpClientTransport.java:723)
10-16 23:13:49.562 W/CommandClient(28366): 	... 4 more
10-16 23:13:49.562 W/CommandClient(28366): Caused by: android.system.ErrnoException: connect failed: ECONNREFUSED (Connection refused)
10-16 23:13:49.562 W/CommandClient(28366): 	at libcore.io.Linux.connect(Native Method)
10-16 23:13:49.562 W/CommandClient(28366): 	at libcore.io.ForwardingOs.connect(ForwardingOs.java:201)
10-16 23:13:49.562 W/CommandClient(28366): 	at libcore.io.BlockGuardOs.connect(BlockGuardOs.java:158)
10-16 23:13:49.562 W/CommandClient(28366): 	at libcore.io.ForwardingOs.connect(ForwardingOs.java:201)
10-16 23:13:49.562 W/CommandClient(28366): 	at libcore.io.IoBridge.connectErrno(IoBridge.java:201)
10-16 23:13:49.562 W/CommandClient(28366): 	at libcore.io.IoBridge.connect(IoBridge.java:179)
10-16 23:13:49.562 W/CommandClient(28366): 	... 15 more
10-16 23:13:49.578 E/SemWifi.Continuity( 1764): failed to bind service
10-16 23:13:49.684 I/WifiService( 1764): getConnectionInfo uid=1000
10-16 23:13:49.684 V/WifiService( 1764): Clearing REDACT_FOR_LOCAL_MAC_ADDRESS for com.sec.android.sdhms(uid=1000)
10-16 23:13:49.684 V/WifiService( 1764): Clearing REDACT_FOR_NETWORK_SETTINGS for com.sec.android.sdhms(uid=1000)
10-16 23:13:49.684 V/WifiService( 1764): Clearing REDACT_FOR_ACCESS_FINE_LOCATION for com.sec.android.sdhms(uid=1000)
10-16 23:13:50.355 I/EDEN    ( 1366): [Exynos][EDEN][v1.6.23][UD::NPU] _open_thread_main:932: woke by g_cond_open
10-16 23:13:50.355 I/EDEN    ( 1366): [Exynos][EDEN][v1.6.23][UD::NPU] _open_thread_main:839: open [0xb400007b0ff017b0], ncp->id=136600034, state=1, name=OD_V2.1.6_01_26_QVGA_ncp.bin
10-16 23:13:50.355 I/EDEN    ( 1366): [Exynos][EDEN][v1.6.23][UD::NPU] _open_thread_main:839: open [0xb400007b0fee0930], ncp->id=136600035, state=1, name=OD_V2.3.7_01_25_VGA_ncp.bin
10-16 23:13:50.355 I/EDEN    ( 1366): [Exynos][EDEN][v1.6.23][UD::NPU] _open_thread_main:908: g_cond_open. dev_state(4)
10-16 23:13:50.355 I/EDEN    ( 1366): [Exynos][EDEN][v1.6.23][UD::NPU] _open_thread_main:922: # opened model[0xb400007b0ff017b0], ncp->id=136600034, state=1, name=OD_V2.1.6_01_26_QVGA_ncp.bin
10-16 23:13:50.355 I/EDEN    ( 1366): [Exynos][EDEN][v1.6.23][UD::NPU] _open_thread_main:922: # opened model[0xb400007b0fee0930], ncp->id=136600035, state=1, name=OD_V2.3.7_01_25_VGA_ncp.bin
10-16 23:13:50.786 E/Camera2-FrameProcessorBase( 1597): FrameProcessorBase: Error waiting for new frames: Connection timed out (-110)
10-16 23:13:51.000 I/NSLocationMonitor( 1764): getGPSUsingApps() called
10-16 23:13:51.003 I/NSLocationManager_FLP( 3337): getGPSUsingApps, No change
10-16 23:13:51.019 D/WifiClientModeImpl[118162968:wlan0]( 1764): updateLinkLayerStatsRssiSpeedFrequencyCapabilities rssi=-47 TxLinkspeed=720 freq=5540 RxLinkSpeed=960
10-16 23:13:51.023 W/Binder  ( 1764): Outgoing transactions from this process must be FLAG_ONEWAY
10-16 23:13:51.023 W/Binder  ( 1764): java.lang.Throwable
10-16 23:13:51.023 W/Binder  ( 1764): 	at android.os.BinderProxy.transact(BinderProxy.java:560)
10-16 23:13:51.023 W/Binder  ( 1764): 	at android.bluetooth.IBluetoothGatt$Stub$Proxy.getAdvertisingSetUids(IBluetoothGatt.java:2863)
10-16 23:13:51.023 W/Binder  ( 1764): 	at android.bluetooth.BluetoothAdapter.getAdvertisingSetUids(BluetoothAdapter.java:8196)
10-16 23:13:51.023 W/Binder  ( 1764): 	at android.bluetooth.BluetoothAdapter.getHWUsingApps(BluetoothAdapter.java:1437)
10-16 23:13:51.023 W/Binder  ( 1764): 	at com.android.server.am.mars.filter.filter.BlueToothConnectedFilter.updateBTUsingPackages(qb/99400486 c8142d7c7ce078a288ac76e5a7d291696b3fe606e4f6068eed256a29cf7b872f:22)
10-16 23:13:51.023 W/Binder  ( 1764): 	at com.android.server.am.FreecessController.triggerLcdOnFreeze(qb/99400486 c8142d7c7ce078a288ac76e5a7d291696b3fe606e4f6068eed256a29cf7b872f:29)
10-16 23:13:51.023 W/Binder  ( 1764): 	at com.android.server.am.FreecessHandler$MainHandler.handleMessage(qb/99400486 c8142d7c7ce078a288ac76e5a7d291696b3fe606e4f6068eed256a29cf7b872f:1398)
10-16 23:13:51.023 W/Binder  ( 1764): 	at android.os.Handler.dispatchMessage(Handler.java:107)
10-16 23:13:51.023 W/Binder  ( 1764): 	at android.os.Looper.loopOnce(Looper.java:257)
10-16 23:13:51.023 W/Binder  ( 1764): 	at android.os.Looper.loop(Looper.java:342)
10-16 23:13:51.023 W/Binder  ( 1764): 	at android.os.HandlerThread.run(HandlerThread.java:85)
10-16 23:13:51.029 D/WifiClientModeImpl[118162968:wlan0]( 1764): reported txKbps 50986 rxKbps 70105
10-16 23:13:51.029 D/WifiDataStall( 1764): tx tput in kbps: 623587
10-16 23:13:51.029 D/WifiDataStall( 1764): rx tput in kbps: 1016718
10-16 23:13:51.029 V/WifiConfigManager( 1764): Updating scan detail cache freq=5540 BSSID=80:ea:0b:b5:50:32 RSSI=-47 for "gecisbugyi"WPA_PSK
10-16 23:13:51.030 D/WifiDataStall( 1764):  ccaLevel = 15
10-16 23:13:51.030 D/WifiDataStall( 1764): L2 txTputKbps: 603253, rxTputKbps: 903750, L3 txTputKbps: 397, rxTputKbps: 19, TxTrafficHigh: true, RxTrafficHigh: true, Throughput Sufficient: true
10-16 23:13:51.030 D/SemWifiUsabilityStatsMonitor( 1764): onWifiUsabilityStats - seqNum 27255, isSameBssidAndFreq true
10-16 23:13:51.030 D/WifiScoreCard( 1764): BSSID update SIGNAL_POLL ID: 1766757149 SSID: "gecisbugyi", BSSID: 80:ea:0b:b5:50:32, MAC: 6e:4e:84:cb:04:97, IP: /192.168.1.128, Security type: 4, Supplicant state: COMPLETED, Wi-Fi standard: 11ax, RSSI: -47, Link speed: 720Mbps, Tx Link speed: 720Mbps, Max Supported Tx Link speed: 1200Mbps, Rx Link speed: 960Mbps, Max Supported Rx Link speed: 1200Mbps, Frequency: 5540MHz, Net ID: 19, Metered hint: false, score: 60, isUsable: true, CarrierMerged: false, SubscriptionId: -1, IsPrimary: 1, Trusted: true, Restricted: false, Ephemeral: false, OEM paid: false, OEM private: false, OSU AP: false, FQDN: <none>, Provider friendly name: <none>, Requesting package name: <none>"gecisbugyi"wpa3-saeMLO Information: , Is TID-To-Link negotiation supported by the AP: false, AP MLD Address: <none>, AP MLO Link Id: <none>, AP MLO Affiliated links: <none>, Vendor Data: <none>
10-16 23:13:51.031 D/WifiScoreCard( 1764): txRate: 59 txSpeed: 720
10-16 23:13:51.031 D/WifiScoreCard( 1764): network update SIGNAL_POLL "gecisbugyi" ID: 934667520 RSSI -47 txSpeed 720
10-16 23:13:51.031 D/ConnectivityService( 1764): notifyType CALLBACK_CAP_CHANGED for [103 WIFI]
10-16 23:13:51.031 D/WifiClientModeImpl[118162968:wlan0]( 1764):  ClientModeImpl$L2ConnectedState screen=on 7 0 "gecisbugyi" 80:ea:0b:b5:50:32 rssi=-47 f=5540 sc=60 link=720 tx=53.0, 5.9, 0.0 rx=43.1 bcn=904285 [on:2444 tx:22 rx:103 period:3070] from screen [on:463396 period:588430] score=60
10-16 23:13:51.031 I/SemWifiLinkQualityMonitor( 1764): Link stat: 2399 / 93 / 1.13 (168) / 720 / -47.0 || 100.0 : 720.00 / 0.5 : 0.89 / 0.55 : 0.04 / G (G) || 0bb550325540: 0.086 / 93.007 /  / N || N N / 0 / Y 2.0 / Y 0 / 143422784 0
10-16 23:13:51.035 D/SemWifiApNsd:Client( 1764): lpInterface:wlan0
10-16 23:13:51.035 D/SemWifiSwitchForIndividualAppsService( 1764): stopTCPMonitoring : already stopped
10-16 23:13:51.036 I/WifiConnectivityMonitor.NCC( 1764): sNetworkCallback(oCC) FULL : 103(valid: true/captive: false)
10-16 23:13:51.037 D/WifiPickerTracker( 2598): updateWifiEntries capabilities
