10-16 23:14:22.268 W/GmsClient(20441): 	at cmjd.dispatchMessage(:com.google.android.gms@253931035@25.39.31 (260400-813878953):144)
10-16 23:14:22.268 W/GmsClient(20441): 	at android.os.Looper.loopOnce(Looper.java:257)
10-16 23:14:22.268 W/GmsClient(20441): 	at android.os.Looper.loop(Looper.java:342)
10-16 23:14:22.268 W/GmsClient(20441): 	at android.os.HandlerThread.run(HandlerThread.java:85)
10-16 23:14:22.310 I/NearbySharing( 3297): Network state changed: NetworkState(isRestricted=false, isOnline=true, isCongested=false, isMetered=false, isWifiConnected=true)
10-16 23:14:22.700 W/CommandClient(28366): Command stream interrupted, retrying
10-16 23:14:22.700 W/CommandClient(28366): io.grpc.StatusException: UNAVAILABLE
10-16 23:14:22.700 W/CommandClient(28366): 	at io.grpc.Status.asException(Status.java:547)
10-16 23:14:22.700 W/CommandClient(28366): 	at io.grpc.kotlin.ClientCalls$rpcImpl$1$1$1.onClose(ClientCalls.kt:264)
10-16 23:14:22.700 W/CommandClient(28366): 	at io.grpc.internal.ClientCallImpl.closeObserver(ClientCallImpl.java:565)
10-16 23:14:22.700 W/CommandClient(28366): 	at io.grpc.internal.ClientCallImpl.access$100(ClientCallImpl.java:72)
10-16 23:14:22.700 W/CommandClient(28366): 	at io.grpc.internal.ClientCallImpl$ClientStreamListenerImpl$1StreamClosed.runInternal(ClientCallImpl.java:733)
10-16 23:14:22.700 W/CommandClient(28366): 	at io.grpc.internal.ClientCallImpl$ClientStreamListenerImpl$1StreamClosed.runInContext(ClientCallImpl.java:714)
10-16 23:14:22.700 W/CommandClient(28366): 	at io.grpc.internal.ContextRunnable.run(ContextRunnable.java:37)
10-16 23:14:22.700 W/CommandClient(28366): 	at io.grpc.internal.SerializingExecutor.run(SerializingExecutor.java:133)
10-16 23:14:22.700 W/CommandClient(28366): 	at java.util.concurrent.ThreadPoolExecutor.runWorker(ThreadPoolExecutor.java:1156)
10-16 23:14:22.700 W/CommandClient(28366): 	at java.util.concurrent.ThreadPoolExecutor$Worker.run(ThreadPoolExecutor.java:651)
10-16 23:14:22.700 W/CommandClient(28366): 	at java.lang.Thread.run(Thread.java:1119)
10-16 23:14:22.700 W/CommandClient(28366): Caused by: java.net.ConnectException: failed to connect to /10.0.2.2 (port 50051) from /:: (port 43496): connect failed: ECONNREFUSED (Connection refused)
10-16 23:14:22.700 W/CommandClient(28366): 	at libcore.io.IoBridge.connect(IoBridge.java:187)
10-16 23:14:22.700 W/CommandClient(28366): 	at java.net.PlainSocketImpl.socketConnect(PlainSocketImpl.java:142)
10-16 23:14:22.700 W/CommandClient(28366): 	at java.net.AbstractPlainSocketImpl.doConnect(AbstractPlainSocketImpl.java:390)
10-16 23:14:22.700 W/CommandClient(28366): 	at java.net.AbstractPlainSocketImpl.connectToAddress(AbstractPlainSocketImpl.java:230)
10-16 23:14:22.700 W/CommandClient(28366): 	at java.net.AbstractPlainSocketImpl.connect(AbstractPlainSocketImpl.java:212)
10-16 23:14:22.700 W/CommandClient(28366): 	at java.net.SocksSocketImpl.connect(SocksSocketImpl.java:436)
10-16 23:14:22.700 W/CommandClient(28366): 	at java.net.Socket.connect(Socket.java:646)
10-16 23:14:22.700 W/CommandClient(28366): 	at java.net.Socket.connect(Socket.java:595)
10-16 23:14:22.700 W/CommandClient(28366): 	at java.net.Socket.<init>(Socket.java:475)
10-16 23:14:22.700 W/CommandClient(28366): 	at java.net.Socket.<init>(Socket.java:275)
10-16 23:14:22.700 W/CommandClient(28366): 	at javax.net.DefaultSocketFactory.createSocket(SocketFactory.java:285)
10-16 23:14:22.700 W/CommandClient(28366): 	at io.grpc.okhttp.OkHttpClientTransport$3.run(OkHttpClientTransport.java:723)
10-16 23:14:22.700 W/CommandClient(28366): 	... 4 more
10-16 23:14:22.700 W/CommandClient(28366): Caused by: android.system.ErrnoException: connect failed: ECONNREFUSED (Connection refused)
10-16 23:14:22.700 W/CommandClient(28366): 	at libcore.io.Linux.connect(Native Method)
10-16 23:14:22.700 W/CommandClient(28366): 	at libcore.io.ForwardingOs.connect(ForwardingOs.java:201)
10-16 23:14:22.700 W/CommandClient(28366): 	at libcore.io.BlockGuardOs.connect(BlockGuardOs.java:158)
10-16 23:14:22.700 W/CommandClient(28366): 	at libcore.io.ForwardingOs.connect(ForwardingOs.java:201)
10-16 23:14:22.700 W/CommandClient(28366): 	at libcore.io.IoBridge.connectErrno(IoBridge.java:201)
10-16 23:14:22.700 W/CommandClient(28366): 	at libcore.io.IoBridge.connect(IoBridge.java:179)
10-16 23:14:22.700 W/CommandClient(28366): 	... 15 more
10-16 23:14:23.190 I/NullBinder( 3297): NullBinder for com.google.android.gms.lockbox.service.START triggering remote TransactionTooLargeException due to Service without Chimera impl, calling uid: 10241, calling pid: 20441
10-16 23:14:23.191 W/.gms.persistent( 3297): Large reply transaction of 1056768 bytes, interface descriptor , code 46
10-16 23:14:23.192 D/ActivityThread(20441): Too many transaction errors, throttling freezer binder callback.
10-16 23:14:23.192 E/JavaBinder(20441): !!! FAILED BINDER TRANSACTION !!!  (parcel size = 408)
10-16 23:14:23.194 W/GmsClient(20441): IGmsServiceBroker.getService failed
10-16 23:14:23.194 W/GmsClient(20441): android.os.DeadObjectException: Transaction failed on small parcel; remote process probably died, but this could also be caused by running out of binder buffer space
10-16 23:14:23.194 W/GmsClient(20441): 	at android.os.BinderProxy.transactNative(Native Method)
10-16 23:14:23.194 W/GmsClient(20441): 	at android.os.BinderProxy.transact(BinderProxy.java:655)
10-16 23:14:23.194 W/GmsClient(20441): 	at bbkc.a(:com.google.android.gms@253931035@25.39.31 (260400-813878953):33)
10-16 23:14:23.194 W/GmsClient(20441): 	at bbid.z(:com.google.android.gms@253931035@25.39.31 (260400-813878953):160)
10-16 23:14:23.194 W/GmsClient(20441): 	at baoz.run(:com.google.android.gms@253931035@25.39.31 (260400-813878953):42)
10-16 23:14:23.194 W/GmsClient(20441): 	at android.os.Handler.handleCallback(Handler.java:959)
10-16 23:14:23.194 W/GmsClient(20441): 	at android.os.Handler.dispatchMessage(Handler.java:100)
10-16 23:14:23.194 W/GmsClient(20441): 	at cmjd.mC(:com.google.android.gms@253931035@25.39.31 (260400-813878953):1)
10-16 23:14:23.194 W/GmsClient(20441): 	at cmjd.dispatchMessage(:com.google.android.gms@253931035@25.39.31 (260400-813878953):144)
10-16 23:14:23.194 W/GmsClient(20441): 	at android.os.Looper.loopOnce(Looper.java:257)
10-16 23:14:23.194 W/GmsClient(20441): 	at android.os.Looper.loop(Looper.java:342)
10-16 23:14:23.194 W/GmsClient(20441): 	at android.os.HandlerThread.run(HandlerThread.java:85)
10-16 23:14:23.259 E/Camera2-FrameProcessorBase( 1597): FrameProcessorBase: Error waiting for new frames: Connection timed out (-110)
10-16 23:14:23.527 D/io_stats(  671): !@ Write_top(KB): soft.appmanager(3199) 16
10-16 23:14:23.895 I/WifiService( 1764): getDhcpInfo uid=10326
10-16 23:14:24.477 W/SemWifi.Continuity( 1764): bind time out! try again ... 2
10-16 23:14:24.478 D/[ContinuitySDK_1.2.7022]_VersionUtil( 1764): initSupportFeatures - abovePatchVersionCode - 1309
10-16 23:14:24.478 I/[ContinuitySDK_1.2.7022]_VersionUtil( 1764): initSupportFeatures - serviceVersionCode - 130901000, mSupportFeatures - 11
10-16 23:14:24.479 I/[ContinuitySDK_1.2.7022]_ContinuityAdapterImpl( 1764): bindService - -
10-16 23:14:24.479 I/[ContinuitySDK_1.2.7022]_ContinuityAdapterImpl( 1764): initialize - INIT_SUCCESS
10-16 23:14:24.479 I/[ContinuitySDK_1.2.7022]_ExecutorUtil( 1764): start - sIsStarted = false
10-16 23:14:24.480 W/ContextImpl( 1764): Calling a method in the system process without a qualified user: android.app.ContextImpl.bindService:2092 com.samsung.android.mcf.continuity.impl.ContinuityAdapterImpl.$r8$lambda$8A1pWsBhtxEl-BgeFqVMHKeudJs:159 com.samsung.android.mcf.continuity.impl.ContinuityAdapterImpl$$ExternalSyntheticLambda3.run:7 com.samsung.android.mcf.continuity.common.ExecutorUtil$b.run:3 java.util.concurrent.ThreadPoolExecutor.runWorker:1156 
10-16 23:14:24.482 I/[ContinuitySDK_1.2.7022]_ContinuityAdapterImpl( 1764): bindService - start bindService
10-16 23:14:24.493 I/[MCFDs]_McfSyncMainController( 4965): registerSyncCloudCallback - appId: 33
10-16 23:14:24.493 I/[MCFDs]_McfSyncMainController( 4965): sendSyncCloudCallback - isStarted: false
10-16 23:14:24.493 I/[ContinuitySDK_1.2.7022]_ContinuityAdapterImpl( 1764): onServiceConnected - main controller is not started -> try sync cloud
10-16 23:14:24.493 W/[ContinuitySDK_1.2.7022]_ContinuityAdapterImpl( 1764): onCallback - fail to syncCloud
10-16 23:14:24.494 I/[ContinuitySDK_1.2.7022]_ContinuityAdapterImpl( 1764): unbindServiceImpl - -
10-16 23:14:24.498 D/[ContinuitySDK_1.2.7022]_VersionUtil( 1764): isSDKSupportFeature - abovePatchVersionCode - 1207
10-16 23:14:24.498 I/[ContinuitySDK_1.2.7022]_ContinuitySession( 1764): closeServer - -
10-16 23:14:24.501 V/SemWifi.Continuity( 1764): onServiceDisconnected
10-16 23:14:24.501 I/[ContinuitySDK_1.2.7022]_ContinuityAdapterImpl( 1764): release - -
10-16 23:14:24.501 I/[ContinuitySDK_1.2.7022]_ContinuityAdapterImpl( 1764): unbindServiceImpl - -
10-16 23:14:24.501 W/[ContinuitySDK_1.2.7022]_ContinuityAdapterImpl( 1764): unbindServiceImpl - invalid service state 0
10-16 23:14:24.501 I/[ContinuitySDK_1.2.7022]_ExecutorUtil( 1764): shutdown - sIsStarted = true
10-16 23:14:24.788 I/NearbyMediums( 3297): No BLE Fast/GATT advertisements found in the latest cycle.
10-16 23:14:24.788 I/NearbyMediums( 3297): Current Tracked Scanning Clients are : {NearbyConnections.EnvironmentMonitor, NearbySharing, NearbyConnections.TxAdvertisement}
10-16 23:14:24.863 D/WifiClientModeImpl[118162968:wlan0]( 1764): updateLinkLayerStatsRssiSpeedFrequencyCapabilities rssi=-49 TxLinkspeed=680 freq=5540 RxLinkSpeed=1080
10-16 23:14:24.867 D/WifiClientModeImpl[118162968:wlan0]( 1764): reported txKbps 50986 rxKbps 70105
10-16 23:14:24.869 D/ConnectivityService( 1764): notifyType CALLBACK_CAP_CHANGED for [103 WIFI]
10-16 23:14:24.870 I/WifiService( 1764): getConnectionInfo uid=10063
10-16 23:14:24.870 V/WifiService( 1764): Clearing REDACT_FOR_NETWORK_SETTINGS for com.android.systemui(uid=10063)
10-16 23:14:24.870 V/WifiService( 1764): Clearing REDACT_FOR_ACCESS_FINE_LOCATION for com.android.systemui(uid=10063)
10-16 23:14:24.873 D/WifiDataStall( 1764): tx tput in kbps: 544132
10-16 23:14:24.873 D/WifiDataStall( 1764): rx tput in kbps: 903750
10-16 23:14:24.874 V/WifiConfigManager( 1764): Updating scan detail cache freq=5540 BSSID=80:ea:0b:b5:50:32 RSSI=-48 for "gecisbugyi"WPA_PSK
10-16 23:14:24.874 D/WifiPickerTracker( 2598): updateWifiEntries capabilities
10-16 23:14:24.874 D/WifiDataStall( 1764):  ccaLevel = 15
10-16 23:14:24.874 D/WifiDataStall( 1764): L2 txTputKbps: 588943, rxTputKbps: 1016718, L3 txTputKbps: 122, rxTputKbps: 35, TxTrafficHigh: true, RxTrafficHigh: true, Throughput Sufficient: true
10-16 23:14:24.874 D/WifiScoreCard( 1764): BSSID update SIGNAL_POLL ID: 1766757149 SSID: "gecisbugyi", BSSID: 80:ea:0b:b5:50:32, MAC: 6e:4e:84:cb:04:97, IP: /192.168.1.128, Security type: 4, Supplicant state: COMPLETED, Wi-Fi standard: 11ax, RSSI: -49, Link speed: 680Mbps, Tx Link speed: 680Mbps, Max Supported Tx Link speed: 1200Mbps, Rx Link speed: 1080Mbps, Max Supported Rx Link speed: 1200Mbps, Frequency: 5540MHz, Net ID: 19, Metered hint: false, score: 60, isUsable: true, CarrierMerged: false, SubscriptionId: -1, IsPrimary: 1, Trusted: true, Restricted: false, Ephemeral: false, OEM paid: false, OEM private: false, OSU AP: false, FQDN: <none>, Provider friendly name: <none>, Requesting package name: <none>"gecisbugyi"wpa3-saeMLO Information: , Is TID-To-Link negotiation supported by the AP: false, AP MLD Address: <none>, AP MLO Link Id: <none>, AP MLO Affiliated links: <none>, Vendor Data: <none>
10-16 23:14:24.874 D/WifiScoreCard( 1764): txRate: 41 txSpeed: 680
10-16 23:14:24.875 D/WifiScoreCard( 1764): network update SIGNAL_POLL "gecisbugyi" ID: 934667520 RSSI -49 txSpeed 680
10-16 23:14:24.875 D/SemWifiUsabilityStatsMonitor( 1764): onWifiUsabilityStats - seqNum 27266, isSameBssidAndFreq true
10-16 23:14:24.875 D/WifiClientModeImpl[118162968:wlan0]( 1764):  ClientModeImpl$L2ConnectedState screen=on 7 0 "gecisbugyi" 80:ea:0b:b5:50:32 rssi=-49 f=5540 sc=60 link=680 tx=36.4, 3.8, 0.0 rx=38.8 bcn=904616 [on:2644 tx:21 rx:130 period:3093] from screen [on:489834 period:622274] score=60
10-16 23:14:24.876 D/SemWifiApNsd:Client( 1764): lpInterface:wlan0
10-16 23:14:24.877 D/SemWifiSwitchForIndividualAppsService( 1764): stopTCPMonitoring : already stopped
10-16 23:14:24.877 I/SemWifiLinkQualityMonitor( 1764): Link stat: 2664 / 119 / 1.10 (125) / 680 / -49.0 || 100.0 : 680.00 / 0.5 : 0.91 / 0.55 : 0.04 / G (G) || 0bb550325540: 0.087 / 91.815 /  / N || N N / 0 / Y 2.0 / Y 0 / 143456629 0
10-16 23:14:24.878 I/HBD     ( 5754): i onCapabilitiesChanged network : 103 current network state : wifi 
10-16 23:14:24.879 I/WifiService( 1764): getConnectionInfo uid=10241
10-16 23:14:24.879 V/WifiService( 1764): Clearing REDACT_FOR_LOCAL_MAC_ADDRESS for com.google.android.gms(uid=10241)
10-16 23:14:24.880 I/WifiConnectivityMonitor.NCC( 1764): sNetworkCallback(oCC) FULL : 103(valid: true/captive: false)
10-16 23:14:24.882 V/WifiPermissionsUtil( 1764): checkCallersLocationPermission(com.google.android.gms): ok because uid 10241 has app-op android:fine_location
10-16 23:14:24.882 I/WifiConnectivityMonitor.NCC( 1764): [ Transports: WIFI Capabilities: NOT_METERED&INTERNET&NOT_RESTRICTED&TRUSTED&NOT_VPN&VALIDATED&NOT_ROAMING&FOREGROUND&NOT_CONGESTED&NOT_SUSPENDED&NOT_VCN_MANAGED&NOT_BANDWIDTH_CONSTRAINED LinkUpBandwidth>=50986Kbps LinkDnBandwidth>=70105Kbps TransportInfo: <SSID: <unknown ssid>, BSSID: 02:00:00:**:**:00, MAC: 02:00:00:**:**:00, IP: /192.***.*.128, Security type: 4, Supplicant state: COMPLETED, Wi-Fi standard: 11ax, RSSI: -49, Link speed: 680Mbps, Tx Link speed: 680Mbps, Max Supported Tx Link speed: 1200Mbps, Rx Link speed: 1080Mbps, Max Supported Rx Link speed: 1200Mbps, Frequency: 5540MHz, Net ID: -1, Metered hint: false, score: 60, isUsable: true, CarrierMerged: false, SubscriptionId: -1, IsPrimary: 1, Trusted: true, Restricted: false, Ephemeral: false, OEM paid: false, OEM private: false, OSU AP: false, FQDN: <none>, Provider friendly name: <none>, Requesting package name: <none><none>MLO Information: , Is TID-To-Link negotiation supported by the AP: false, AP MLD Address: <none>, AP MLO Link Id: <none>, AP MLO Affiliated links: <none>, Vendor Data: <none>> SignalStrength: -49 AdminUids: [1000] SSID: "gecisbugyi" UnderlyingNetworks: Null]
10-16 23:14:24.882 D/WifiConnectivityMonitor( 1764): HANDLE_ON_CAPABILITIES_CHANGED
10-16 23:14:24.883 I/WifiService( 1764): getConnectionInfo uid=1000
10-16 23:14:24.883 D/WifiPickerTracker( 2598): ------ Dumping WifiEntries that were seen top of 5 scan ------
10-16 23:14:24.883 D/SemWifiApTrafficPriority( 1764): onCapabilitiesChanged Wifi:wlan0,mGapiValue:70.105Uplink: 50.986
10-16 23:14:24.883 I/WifiService( 1764): getWifiEnabledState uid=10063 state=3
10-16 23:14:24.885 V/WifiService( 1764): Clearing REDACT_FOR_ACCESS_FINE_LOCATION for com.google.android.gms(uid=10241)
10-16 23:14:24.888 I/NullBinder( 3297): NullBinder for android.net.action.RECOMMEND_NETWORKS triggering remote TransactionTooLargeException due to Service without Chimera impl, calling uid: 1000, calling pid: 0
10-16 23:14:24.888 W/.gms.persistent( 3297): Large reply transaction of 1056768 bytes, interface descriptor , code 1
10-16 23:14:24.889 I/MagicTether( 3297): (REDACTED) [ActiveNetworkTracker] setActiveNetwork: %s
10-16 23:14:24.889 I/MagicTether( 3297): (REDACTED) [TetherService] onActiveNetworkChanged: network=%s isLost=%s
10-16 23:14:24.891 V/WifiService( 1764): Clearing REDACT_FOR_LOCAL_MAC_ADDRESS for android(uid=1000)
10-16 23:14:24.891 V/WifiService( 1764): Clearing REDACT_FOR_NETWORK_SETTINGS for android(uid=1000)
10-16 23:14:24.891 V/WifiService( 1764): Clearing REDACT_FOR_ACCESS_FINE_LOCATION for android(uid=1000)
10-16 23:14:24.892 I/WifiConnectivityMonitor( 1764): determineMode : MODE_NON_SWITCHABLE_BY_POOR_NETWORK_DETECTION_DISABLED
10-16 23:14:24.892 D/OpenNetworkQos[4.00]( 1764): updateBssidNoInternet: mBssidNoInternet = false
10-16 23:14:24.892 D/OpenNetworkQos[4.00]( 1764): getOpenNetworkQosNoInternetStatus: false
10-16 23:14:24.892 D/OpenNetworkQos[4.00]( 1764): getOpenNetworkQosScores: 30 0 0 
10-16 23:14:24.892 D/KNOX_MDM_SettingsProvider( 1764): isChangeAllowed() : name = wifi_wcm_qos_sharing_score_summary
10-16 23:14:24.892 I/WifiProfileShare( 1764): network QoS data was changed (internet), updateQoSData networkType: true, qosData: false
10-16 23:14:24.892 D/WifiProfileShare( 1764): nearby scanning settings pause
10-16 23:14:24.892 V/WifiProfileShare.Caster( 1764): checkAndGetShareData - nearby scanning
10-16 23:14:24.893 I/MagicTether( 3297): [WifiConnectionHandler] Ignoring getWifiConfigurationByNetworkId when checking connected state [CONTEXT service_id=276 ]
10-16 23:14:24.894 I/MagicTether( 3297): [WifiConnectionHandler] No networkId set, can't be connected. [CONTEXT service_id=276 ]
10-16 23:14:24.894 D/WifiPickerTracker( 2598): Connected WifiEntry: [StandardWifiEntry][gecisbugyi][Connected / f = 5540 80:ea:0b:b5:50:32 standard = Wiâ€‘Fi 6 rssi = -49 score = 60  tx=36.5, 3.8, 0.0  rx=38.8 hasInternet:true, isDefaultNetwork:true, isLowQuality:false][Level:4][WPA3][Connected][Internet][Default][Primary][Saved] - Connected / f = 5540 80:ea:0b:b5:50:32 standard = Wiâ€‘Fi 6 rssi = -49 score = 60  tx=36.5, 3.8, 0.0  rx=38.8 hasInternet:true, isDefaultNetwork:true, isLowQuality:false
10-16 23:14:24.895 D/WifiPickerTracker( 2598): ---- Done dumping WifiEntries ----
10-16 23:14:24.895 D/WifiPickerTracker( 2598): update AutoHotspot Entries() : bleAccessPoints -> 0
10-16 23:14:24.895 D/WifiPickerTracker( 2598): handleNetworkCapabilitiesChanged
10-16 23:14:24.896 I/MagicTether( 3297): (REDACTED) [TetherService] TRANSPORT_CELLULAR [%s], TRANSPORT_ETHERNET [%s], TRANSPORT_WIFI [%s]
10-16 23:14:24.897 I/WifiService( 1764): getWifiEnabledState uid=10241 state=3
10-16 23:14:24.897 D/Tile.WifiTile( 2598): handleUpdateState isTransient=false transientEnabling =false cb.isTransient=false state.state = 2 mStateBeforeClick.value =false enabled =true
10-16 23:14:24.897 I/MagicTether( 3297): (REDACTED) [TetherService] setRoles hasActiveNetworkConnection=%s canActiveNetworkBeTethered=%s isConnectedToInstantTether=%s isWifiEnabled=%s isHosting=%s
10-16 23:14:24.898 I/MagicTether( 3297): [TetherService] Stopping Nearby client role [CONTEXT service_id=276 ]
10-16 23:14:24.898 I/MagicTether( 3297): [ClientTetherRole] Client role already stopped [CONTEXT service_id=276 ]
10-16 23:14:24.898 I/MagicTether( 3297): (REDACTED) [TidepoolFeatureStatusManager] isInstantHotspotEnabled=%s
10-16 23:14:24.899 I/MagicTether( 3297): [HostTetherRole] Nearby host role already started [CONTEXT service_id=276 ]
10-16 23:14:24.985 I/HBD     ( 5754): i onCapabilityChanged  setNetworkState currentNetworkState : wifi 
10-16 23:14:25.390 I/NearbySharing( 3297): Network state changed: NetworkState(isRestricted=false, isOnline=true, isCongested=false, isMetered=false, isWifiConnected=true)
10-16 23:14:25.430 E/Camera2-FrameProcessorBase( 1597): FrameProcessorBase: Error waiting for new frames: Connection timed out (-110)
10-16 23:14:25.528 D/io_stats(  671): !@   8,0 r 1990616 59483064 w 1020496 20342244 d 370950 17478252 f 0 0 iot 1441160 0 th 0 0 0 pt 0 inp 0 0 143457.282
10-16 23:14:25.712 W/CommandClient(28366): Command stream interrupted, retrying
10-16 23:14:25.712 W/CommandClient(28366): io.grpc.StatusException: UNAVAILABLE
10-16 23:14:25.712 W/CommandClient(28366): 	at io.grpc.Status.asException(Status.java:547)
10-16 23:14:25.712 W/CommandClient(28366): 	at io.grpc.kotlin.ClientCalls$rpcImpl$1$1$1.onClose(ClientCalls.kt:264)
10-16 23:14:25.712 W/CommandClient(28366): 	at io.grpc.internal.ClientCallImpl.closeObserver(ClientCallImpl.java:565)
10-16 23:14:25.712 W/CommandClient(28366): 	at io.grpc.internal.ClientCallImpl.access$100(ClientCallImpl.java:72)
10-16 23:14:25.712 W/CommandClient(28366): 	at io.grpc.internal.ClientCallImpl$ClientStreamListenerImpl$1StreamClosed.runInternal(ClientCallImpl.java:733)
10-16 23:14:25.712 W/CommandClient(28366): 	at io.grpc.internal.ClientCallImpl$ClientStreamListenerImpl$1StreamClosed.runInContext(ClientCallImpl.java:714)
10-16 23:14:25.712 W/CommandClient(28366): 	at io.grpc.internal.ContextRunnable.run(ContextRunnable.java:37)
10-16 23:14:25.712 W/CommandClient(28366): 	at io.grpc.internal.SerializingExecutor.run(SerializingExecutor.java:133)
10-16 23:14:25.712 W/CommandClient(28366): 	at java.util.concurrent.ThreadPoolExecutor.runWorker(ThreadPoolExecutor.java:1156)
10-16 23:14:25.712 W/CommandClient(28366): 	at java.util.concurrent.ThreadPoolExecutor$Worker.run(ThreadPoolExecutor.java:651)
10-16 23:14:25.712 W/CommandClient(28366): 	at java.lang.Thread.run(Thread.java:1119)
10-16 23:14:25.712 W/CommandClient(28366): Caused by: java.net.ConnectException: failed to connect to /10.0.2.2 (port 50051) from /:: (port 43496): connect failed: ECONNREFUSED (Connection refused)
10-16 23:14:25.712 W/CommandClient(28366): 	at libcore.io.IoBridge.connect(IoBridge.java:187)
10-16 23:14:25.712 W/CommandClient(28366): 	at java.net.PlainSocketImpl.socketConnect(PlainSocketImpl.java:142)
10-16 23:14:25.712 W/CommandClient(28366): 	at java.net.AbstractPlainSocketImpl.doConnect(AbstractPlainSocketImpl.java:390)
10-16 23:14:25.712 W/CommandClient(28366): 	at java.net.AbstractPlainSocketImpl.connectToAddress(AbstractPlainSocketImpl.java:230)
10-16 23:14:25.712 W/CommandClient(28366): 	at java.net.AbstractPlainSocketImpl.connect(AbstractPlainSocketImpl.java:212)
10-16 23:14:25.712 W/CommandClient(28366): 	at java.net.SocksSocketImpl.connect(SocksSocketImpl.java:436)
10-16 23:14:25.712 W/CommandClient(28366): 	at java.net.Socket.connect(Socket.java:646)
10-16 23:14:25.712 W/CommandClient(28366): 	at java.net.Socket.connect(Socket.java:595)
10-16 23:14:25.712 W/CommandClient(28366): 	at java.net.Socket.<init>(Socket.java:475)
10-16 23:14:25.712 W/CommandClient(28366): 	at java.net.Socket.<init>(Socket.java:275)
10-16 23:14:25.712 W/CommandClient(28366): 	at javax.net.DefaultSocketFactory.createSocket(SocketFactory.java:285)
10-16 23:14:25.712 W/CommandClient(28366): 	at io.grpc.okhttp.OkHttpClientTransport$3.run(OkHttpClientTransport.java:723)
10-16 23:14:25.712 W/CommandClient(28366): 	... 4 more
10-16 23:14:25.712 W/CommandClient(28366): Caused by: android.system.ErrnoException: connect failed: ECONNREFUSED (Connection refused)
10-16 23:14:25.712 W/CommandClient(28366): 	at libcore.io.Linux.connect(Native Method)
10-16 23:14:25.712 W/CommandClient(28366): 	at libcore.io.ForwardingOs.connect(ForwardingOs.java:201)
10-16 23:14:25.712 W/CommandClient(28366): 	at libcore.io.BlockGuardOs.connect(BlockGuardOs.java:158)
10-16 23:14:25.712 W/CommandClient(28366): 	at libcore.io.ForwardingOs.connect(ForwardingOs.java:201)
10-16 23:14:25.712 W/CommandClient(28366): 	at libcore.io.IoBridge.connectErrno(IoBridge.java:201)
10-16 23:14:25.712 W/CommandClient(28366): 	at libcore.io.IoBridge.connect(IoBridge.java:179)
10-16 23:14:25.712 W/CommandClient(28366): 	... 15 more
10-16 23:14:25.835 D/ShimmerHardwareStub(28366): refreshBondedDevices() â€“ stub keeps existing list (52 devices)
10-16 23:14:25.835 D/ShimmerHardwareStub(28366): scan() â€“ emitting synthetic discovery (duration=5s)
10-16 23:14:26.372 W/DeviceBridge(28366): Orchestrator bridge failure: UNAVAILABLE
10-16 23:14:26.372 W/DeviceBridge(28366): io.grpc.StatusException: UNAVAILABLE
10-16 23:14:26.372 W/DeviceBridge(28366): 	at io.grpc.Status.asException(Status.java:547)
10-16 23:14:26.372 W/DeviceBridge(28366): 	at io.grpc.kotlin.ClientCalls$rpcImpl$1$1$1.onClose(ClientCalls.kt:264)
10-16 23:14:26.372 W/DeviceBridge(28366): 	at io.grpc.internal.ClientCallImpl.closeObserver(ClientCallImpl.java:565)
10-16 23:14:26.372 W/DeviceBridge(28366): 	at io.grpc.internal.ClientCallImpl.access$100(ClientCallImpl.java:72)
10-16 23:14:26.372 W/DeviceBridge(28366): 	at io.grpc.internal.ClientCallImpl$ClientStreamListenerImpl$1StreamClosed.runInternal(ClientCallImpl.java:733)
10-16 23:14:26.372 W/DeviceBridge(28366): 	at io.grpc.internal.ClientCallImpl$ClientStreamListenerImpl$1StreamClosed.runInContext(ClientCallImpl.java:714)
10-16 23:14:26.372 W/DeviceBridge(28366): 	at io.grpc.internal.ContextRunnable.run(ContextRunnable.java:37)
10-16 23:14:26.372 W/DeviceBridge(28366): 	at io.grpc.internal.SerializingExecutor.run(SerializingExecutor.java:133)
10-16 23:14:26.372 W/DeviceBridge(28366): 	at java.util.concurrent.ThreadPoolExecutor.runWorker(ThreadPoolExecutor.java:1156)
10-16 23:14:26.372 W/DeviceBridge(28366): 	at java.util.concurrent.ThreadPoolExecutor$Worker.run(ThreadPoolExecutor.java:651)
10-16 23:14:26.372 W/DeviceBridge(28366): 	at java.lang.Thread.run(Thread.java:1119)
10-16 23:14:26.372 W/DeviceBridge(28366): Caused by: java.net.ConnectException: failed to connect to /10.0.2.2 (port 50051) from /:: (port 43496): connect failed: ECONNREFUSED (Connection refused)
10-16 23:14:26.372 W/DeviceBridge(28366): 	at libcore.io.IoBridge.connect(IoBridge.java:187)
10-16 23:14:26.372 W/DeviceBridge(28366): 	at java.net.PlainSocketImpl.socketConnect(PlainSocketImpl.java:142)
10-16 23:14:26.372 W/DeviceBridge(28366): 	at java.net.AbstractPlainSocketImpl.doConnect(AbstractPlainSocketImpl.java:390)
10-16 23:14:26.372 W/DeviceBridge(28366): 	at java.net.AbstractPlainSocketImpl.connectToAddress(AbstractPlainSocketImpl.java:230)
10-16 23:14:26.372 W/DeviceBridge(28366): 	at java.net.AbstractPlainSocketImpl.connect(AbstractPlainSocketImpl.java:212)
10-16 23:14:26.372 W/DeviceBridge(28366): 	at java.net.SocksSocketImpl.connect(SocksSocketImpl.java:436)
10-16 23:14:26.372 W/DeviceBridge(28366): 	at java.net.Socket.connect(Socket.java:646)
10-16 23:14:26.372 W/DeviceBridge(28366): 	at java.net.Socket.connect(Socket.java:595)
10-16 23:14:26.372 W/DeviceBridge(28366): 	at java.net.Socket.<init>(Socket.java:475)
10-16 23:14:26.372 W/DeviceBridge(28366): 	at java.net.Socket.<init>(Socket.java:275)
10-16 23:14:26.372 W/DeviceBridge(28366): 	at javax.net.DefaultSocketFactory.createSocket(SocketFactory.java:285)
10-16 23:14:26.372 W/DeviceBridge(28366): 	at io.grpc.okhttp.OkHttpClientTransport$3.run(OkHttpClientTransport.java:723)
10-16 23:14:26.372 W/DeviceBridge(28366): 	... 4 more
10-16 23:14:26.372 W/DeviceBridge(28366): Caused by: android.system.ErrnoException: connect failed: ECONNREFUSED (Connection refused)
10-16 23:14:26.372 W/DeviceBridge(28366): 	at libcore.io.Linux.connect(Native Method)
10-16 23:14:26.372 W/DeviceBridge(28366): 	at libcore.io.ForwardingOs.connect(ForwardingOs.java:201)
10-16 23:14:26.372 W/DeviceBridge(28366): 	at libcore.io.BlockGuardOs.connect(BlockGuardOs.java:158)
10-16 23:14:26.372 W/DeviceBridge(28366): 	at libcore.io.ForwardingOs.connect(ForwardingOs.java:201)
10-16 23:14:26.372 W/DeviceBridge(28366): 	at libcore.io.IoBridge.connectErrno(IoBridge.java:201)
10-16 23:14:26.372 W/DeviceBridge(28366): 	at libcore.io.IoBridge.connect(IoBridge.java:179)
10-16 23:14:26.372 W/DeviceBridge(28366): 	... 15 more
10-16 23:14:26.801 V/SemWifi.Continuity( 1764): wait for binding service
10-16 23:14:27.044 I/android.hardware.health@2.1-service-samsung( 1338): updateLrpSysfs: write: 334
10-16 23:14:27.046 D/[SS]BattUtils( 1764): [readNode]path:/sys/class/power_supply/battery/wc_tx_id ,value:0
10-16 23:14:27.191 I/NullBinder( 3297): NullBinder for com.google.android.gms.lockbox.service.START triggering remote TransactionTooLargeException due to Service without Chimera impl, calling uid: 10241, calling pid: 20441
10-16 23:14:27.191 W/.gms.persistent( 3297): Large reply transaction of 1056768 bytes, interface descriptor , code 46
10-16 23:14:27.194 D/ActivityThread(20441): Too many transaction errors, throttling freezer binder callback.
10-16 23:14:27.195 E/JavaBinder(20441): !!! FAILED BINDER TRANSACTION !!!  (parcel size = 408)
10-16 23:14:27.197 W/GmsClient(20441): IGmsServiceBroker.getService failed
10-16 23:14:27.197 W/GmsClient(20441): android.os.DeadObjectException: Transaction failed on small parcel; remote process probably died, but this could also be caused by running out of binder buffer space
10-16 23:14:27.197 W/GmsClient(20441): 	at android.os.BinderProxy.transactNative(Native Method)
10-16 23:14:27.197 W/GmsClient(20441): 	at android.os.BinderProxy.transact(BinderProxy.java:655)
10-16 23:14:27.197 W/GmsClient(20441): 	at bbkc.a(:com.google.android.gms@253931035@25.39.31 (260400-813878953):33)
10-16 23:14:27.197 W/GmsClient(20441): 	at bbid.z(:com.google.android.gms@253931035@25.39.31 (260400-813878953):160)
10-16 23:14:27.197 W/GmsClient(20441): 	at baoz.run(:com.google.android.gms@253931035@25.39.31 (260400-813878953):42)
10-16 23:14:27.197 W/GmsClient(20441): 	at android.os.Handler.handleCallback(Handler.java:959)
10-16 23:14:27.197 W/GmsClient(20441): 	at android.os.Handler.dispatchMessage(Handler.java:100)
10-16 23:14:27.197 W/GmsClient(20441): 	at cmjd.mC(:com.google.android.gms@253931035@25.39.31 (260400-813878953):1)
10-16 23:14:27.197 W/GmsClient(20441): 	at cmjd.dispatchMessage(:com.google.android.gms@253931035@25.39.31 (260400-813878953):144)
10-16 23:14:27.197 W/GmsClient(20441): 	at android.os.Looper.loopOnce(Looper.java:257)
10-16 23:14:27.197 W/GmsClient(20441): 	at android.os.Looper.loop(Looper.java:342)
10-16 23:14:27.197 W/GmsClient(20441): 	at android.os.HandlerThread.run(HandlerThread.java:85)
10-16 23:14:27.277 I/NullBinder( 3297): NullBinder for com.google.android.gms.lockbox.service.START triggering remote TransactionTooLargeException due to Service without Chimera impl, calling uid: 10241, calling pid: 20441
10-16 23:14:27.277 W/.gms.persistent( 3297): Large reply transaction of 1056768 bytes, interface descriptor , code 46
10-16 23:14:27.281 E/JavaBinder(20441): !!! FAILED BINDER TRANSACTION !!!  (parcel size = 408)
10-16 23:14:27.282 W/ActivityManager( 1764): pid 20441 com.google.android.gms sent binder code 46 with flags 0 to frozen apps and got error -2147483646
10-16 23:14:27.283 W/GmsClient(20441): IGmsServiceBroker.getService failed
10-16 23:14:27.283 W/GmsClient(20441): android.os.DeadObjectException: Transaction failed on small parcel; remote process probably died, but this could also be caused by running out of binder buffer space
10-16 23:14:27.283 W/GmsClient(20441): 	at android.os.BinderProxy.transactNative(Native Method)
10-16 23:14:27.283 W/GmsClient(20441): 	at android.os.BinderProxy.transact(BinderProxy.java:655)
10-16 23:14:27.283 W/GmsClient(20441): 	at bbkc.a(:com.google.android.gms@253931035@25.39.31 (260400-813878953):33)
10-16 23:14:27.283 W/GmsClient(20441): 	at bbid.z(:com.google.android.gms@253931035@25.39.31 (260400-813878953):160)
10-16 23:14:27.283 W/GmsClient(20441): 	at baoz.run(:com.google.android.gms@253931035@25.39.31 (260400-813878953):42)
10-16 23:14:27.283 W/GmsClient(20441): 	at android.os.Handler.handleCallback(Handler.java:959)
10-16 23:14:27.283 W/GmsClient(20441): 	at android.os.Handler.dispatchMessage(Handler.java:100)
10-16 23:14:27.283 W/GmsClient(20441): 	at cmjd.mC(:com.google.android.gms@253931035@25.39.31 (260400-813878953):1)
10-16 23:14:27.283 W/GmsClient(20441): 	at cmjd.dispatchMessage(:com.google.android.gms@253931035@25.39.31 (260400-813878953):144)
10-16 23:14:27.283 W/GmsClient(20441): 	at android.os.Looper.loopOnce(Looper.java:257)
10-16 23:14:27.283 W/GmsClient(20441): 	at android.os.Looper.loop(Looper.java:342)
10-16 23:14:27.283 W/GmsClient(20441): 	at android.os.HandlerThread.run(HandlerThread.java:85)
10-16 23:14:27.394 W/TimeSyncService(28366): Time sync failed: UNAVAILABLE
10-16 23:14:27.394 W/TimeSyncService(28366): io.grpc.StatusException: UNAVAILABLE
10-16 23:14:27.394 W/TimeSyncService(28366): 	at io.grpc.Status.asException(Status.java:547)
10-16 23:14:27.394 W/TimeSyncService(28366): 	at io.grpc.kotlin.ClientCalls$rpcImpl$1$1$1.onClose(ClientCalls.kt:264)
10-16 23:14:27.394 W/TimeSyncService(28366): 	at io.grpc.internal.ClientCallImpl.closeObserver(ClientCallImpl.java:565)
10-16 23:14:27.394 W/TimeSyncService(28366): 	at io.grpc.internal.ClientCallImpl.access$100(ClientCallImpl.java:72)
10-16 23:14:27.394 W/TimeSyncService(28366): 	at io.grpc.internal.ClientCallImpl$ClientStreamListenerImpl$1StreamClosed.runInternal(ClientCallImpl.java:733)
10-16 23:14:27.394 W/TimeSyncService(28366): 	at io.grpc.internal.ClientCallImpl$ClientStreamListenerImpl$1StreamClosed.runInContext(ClientCallImpl.java:714)
10-16 23:14:27.394 W/TimeSyncService(28366): 	at io.grpc.internal.ContextRunnable.run(ContextRunnable.java:37)
10-16 23:14:27.394 W/TimeSyncService(28366): 	at io.grpc.internal.SerializingExecutor.run(SerializingExecutor.java:133)
10-16 23:14:27.394 W/TimeSyncService(28366): 	at java.util.concurrent.ThreadPoolExecutor.runWorker(ThreadPoolExecutor.java:1156)
10-16 23:14:27.394 W/TimeSyncService(28366): 	at java.util.concurrent.ThreadPoolExecutor$Worker.run(ThreadPoolExecutor.java:651)
10-16 23:14:27.394 W/TimeSyncService(28366): 	at java.lang.Thread.run(Thread.java:1119)
10-16 23:14:27.394 W/TimeSyncService(28366): Caused by: java.net.ConnectException: failed to connect to /10.0.2.2 (port 50051) from /:: (port 43496): connect failed: ECONNREFUSED (Connection refused)
10-16 23:14:27.394 W/TimeSyncService(28366): 	at libcore.io.IoBridge.connect(IoBridge.java:187)
10-16 23:14:27.394 W/TimeSyncService(28366): 	at java.net.PlainSocketImpl.socketConnect(PlainSocketImpl.java:142)
10-16 23:14:27.394 W/TimeSyncService(28366): 	at java.net.AbstractPlainSocketImpl.doConnect(AbstractPlainSocketImpl.java:390)
10-16 23:14:27.394 W/TimeSyncService(28366): 	at java.net.AbstractPlainSocketImpl.connectToAddress(AbstractPlainSocketImpl.java:230)
10-16 23:14:27.394 W/TimeSyncService(28366): 	at java.net.AbstractPlainSocketImpl.connect(AbstractPlainSocketImpl.java:212)
10-16 23:14:27.394 W/TimeSyncService(28366): 	at java.net.SocksSocketImpl.connect(SocksSocketImpl.java:436)
10-16 23:14:27.394 W/TimeSyncService(28366): 	at java.net.Socket.connect(Socket.java:646)
10-16 23:14:27.394 W/TimeSyncService(28366): 	at java.net.Socket.connect(Socket.java:595)
10-16 23:14:27.394 W/TimeSyncService(28366): 	at java.net.Socket.<init>(Socket.java:475)
10-16 23:14:27.394 W/TimeSyncService(28366): 	at java.net.Socket.<init>(Socket.java:275)
10-16 23:14:27.394 W/TimeSyncService(28366): 	at javax.net.DefaultSocketFactory.createSocket(SocketFactory.java:285)
10-16 23:14:27.394 W/TimeSyncService(28366): 	at io.grpc.okhttp.OkHttpClientTransport$3.run(OkHttpClientTransport.java:723)
10-16 23:14:27.394 W/TimeSyncService(28366): 	... 4 more
10-16 23:14:27.394 W/TimeSyncService(28366): Caused by: android.system.ErrnoException: connect failed: ECONNREFUSED (Connection refused)
10-16 23:14:27.394 W/TimeSyncService(28366): 	at libcore.io.Linux.connect(Native Method)
10-16 23:14:27.394 W/TimeSyncService(28366): 	at libcore.io.ForwardingOs.connect(ForwardingOs.java:201)
10-16 23:14:27.394 W/TimeSyncService(28366): 	at libcore.io.BlockGuardOs.connect(BlockGuardOs.java:158)
10-16 23:14:27.394 W/TimeSyncService(28366): 	at libcore.io.ForwardingOs.connect(ForwardingOs.java:201)
10-16 23:14:27.394 W/TimeSyncService(28366): 	at libcore.io.IoBridge.connectErrno(IoBridge.java:201)
10-16 23:14:27.394 W/TimeSyncService(28366): 	at libcore.io.IoBridge.connect(IoBridge.java:179)
10-16 23:14:27.394 W/TimeSyncService(28366): 	... 15 more
10-16 23:14:27.529 D/io_stats(  671): !@ Write_top(KB): kworker/u16:1(7569) 40
10-16 23:14:27.598 E/Camera2-FrameProcessorBase( 1597): FrameProcessorBase: Error waiting for new frames: Connection timed out (-110)
10-16 23:14:27.923 D/WifiClientModeImpl[118162968:wlan0]( 1764): updateLinkLayerStatsRssiSpeedFrequencyCapabilities rssi=-49 TxLinkspeed=680 freq=5540 RxLinkSpeed=960
10-16 23:14:27.925 D/WifiClientModeImpl[118162968:wlan0]( 1764): reported txKbps 50986 rxKbps 70105
10-16 23:14:27.925 D/WifiDataStall( 1764): tx tput in kbps: 588943
10-16 23:14:27.925 D/WifiDataStall( 1764): rx tput in kbps: 1016718
10-16 23:14:27.926 V/WifiConfigManager( 1764): Updating scan detail cache freq=5540 BSSID=80:ea:0b:b5:50:32 RSSI=-48 for "gecisbugyi"WPA_PSK
10-16 23:14:27.927 D/WifiDataStall( 1764):  ccaLevel = 15
10-16 23:14:27.927 D/WifiDataStall( 1764): L2 txTputKbps: 531329, rxTputKbps: 903750, L3 txTputKbps: 151, rxTputKbps: 23, TxTrafficHigh: true, RxTrafficHigh: true, Throughput Sufficient: true
10-16 23:14:27.927 D/ConnectivityService( 1764): notifyType CALLBACK_CAP_CHANGED for [103 WIFI]
10-16 23:14:27.928 D/SemWifiUsabilityStatsMonitor( 1764): onWifiUsabilityStats - seqNum 27267, isSameBssidAndFreq true
10-16 23:14:27.930 I/SemWifiLinkQualityMonitor( 1764): Link stat: 2448 / 142 / 1.21 (137) / 680 / -49.0 || 100.0 : 680.00 / 0.5 : 0.82 / 0.55 : 0.06 / G (G) || 0bb550325540: 0.088 / 90.705 /  / N || N N / 0 / Y 2.0 / Y 0 / 143459682 0
10-16 23:14:27.931 D/WifiScoreCard( 1764): BSSID update SIGNAL_POLL ID: 1766757149 SSID: "gecisbugyi", BSSID: 80:ea:0b:b5:50:32, MAC: 6e:4e:84:cb:04:97, IP: /192.168.1.128, Security type: 4, Supplicant state: COMPLETED, Wi-Fi standard: 11ax, RSSI: -49, Link speed: 680Mbps, Tx Link speed: 680Mbps, Max Supported Tx Link speed: 1200Mbps, Rx Link speed: 960Mbps, Max Supported Rx Link speed: 1200Mbps, Frequency: 5540MHz, Net ID: 19, Metered hint: false, score: 60, isUsable: true, CarrierMerged: false, SubscriptionId: -1, IsPrimary: 1, Trusted: true, Restricted: false, Ephemeral: false, OEM paid: false, OEM private: false, OSU AP: false, FQDN: <none>, Provider friendly name: <none>, Requesting package name: <none>"gecisbugyi"wpa3-saeMLO Information: , Is TID-To-Link negotiation supported by the AP: false, AP MLD Address: <none>, AP MLO Link Id: <none>, AP MLO Affiliated links: <none>, Vendor Data: <none>
10-16 23:14:27.931 D/WifiScoreCard( 1764): txRate: 43 txSpeed: 680
10-16 23:14:27.931 D/SemWifiApNsd:Client( 1764): lpInterface:wlan0
10-16 23:14:27.932 D/SemWifiSwitchForIndividualAppsService( 1764): stopTCPMonitoring : already stopped
10-16 23:14:27.932 I/WifiConnectivityMonitor.NCC( 1764): sNetworkCallback(oCC) FULL : 103(valid: true/captive: false)
10-16 23:14:27.932 D/WifiScoreCard( 1764): network update SIGNAL_POLL "gecisbugyi" ID: 934667520 RSSI -49 txSpeed 680
10-16 23:14:27.933 D/WifiPickerTracker( 2598): updateWifiEntries capabilities
10-16 23:14:27.933 I/WifiConnectivityMonitor.NCC( 1764): [ Transports: WIFI Capabilities: NOT_METERED&INTERNET&NOT_RESTRICTED&TRUSTED&NOT_VPN&VALIDATED&NOT_ROAMING&FOREGROUND&NOT_CONGESTED&NOT_SUSPENDED&NOT_VCN_MANAGED&NOT_BANDWIDTH_CONSTRAINED LinkUpBandwidth>=50986Kbps LinkDnBandwidth>=70105Kbps TransportInfo: <SSID: <unknown ssid>, BSSID: 02:00:00:**:**:00, MAC: 02:00:00:**:**:00, IP: /192.***.*.128, Security type: 4, Supplicant state: COMPLETED, Wi-Fi standard: 11ax, RSSI: -49, Link speed: 680Mbps, Tx Link speed: 680Mbps, Max Supported Tx Link speed: 1200Mbps, Rx Link speed: 960Mbps, Max Supported Rx Link speed: 1200Mbps, Frequency: 5540MHz, Net ID: -1, Metered hint: false, score: 60, isUsable: true, CarrierMerged: false, SubscriptionId: -1, IsPrimary: 1, Trusted: true, Restricted: false, Ephemeral: false, OEM paid: false, OEM private: false, OSU AP: false, FQDN: <none>, Provider friendly name: <none>, Requesting package name: <none><none>MLO Information: , Is TID-To-Link negotiation supported by the AP: false, AP MLD Address: <none>, AP MLO Link Id: <none>, AP MLO Affiliated links: <none>, Vendor Data: <none>> SignalStrength: -49 AdminUids: [1000] SSID: "gecisbugyi" UnderlyingNetworks: Null]
10-16 23:14:27.933 D/WifiConnectivityMonitor( 1764): HANDLE_ON_CAPABILITIES_CHANGED
10-16 23:14:27.934 I/WifiService( 1764): getConnectionInfo uid=1000
10-16 23:14:27.934 V/WifiService( 1764): Clearing REDACT_FOR_LOCAL_MAC_ADDRESS for android(uid=1000)
10-16 23:14:27.934 D/WifiClientModeImpl[118162968:wlan0]( 1764):  ClientModeImpl$L2ConnectedState screen=on 7 0 "gecisbugyi" 80:ea:0b:b5:50:32 rssi=-49 f=5540 sc=60 link=680 tx=36.5, 6.3, 0.0 rx=35.0 bcn=904646 [on:2492 tx:19 rx:150 period:3059] from screen [on:492326 period:625333] score=60
10-16 23:14:27.935 V/WifiService( 1764): Clearing REDACT_FOR_NETWORK_SETTINGS for android(uid=1000)
10-16 23:14:27.935 V/WifiService( 1764): Clearing REDACT_FOR_ACCESS_FINE_LOCATION for android(uid=1000)
10-16 23:14:27.935 D/SemWifiApTrafficPriority( 1764): onCapabilitiesChanged Wifi:wlan0,mGapiValue:70.105Uplink: 50.986
10-16 23:14:27.935 I/WifiConnectivityMonitor( 1764): determineMode : MODE_NON_SWITCHABLE_BY_POOR_NETWORK_DETECTION_DISABLED
10-16 23:14:27.935 D/OpenNetworkQos[4.00]( 1764): updateBssidNoInternet: mBssidNoInternet = false
10-16 23:14:27.935 D/OpenNetworkQos[4.00]( 1764): getOpenNetworkQosNoInternetStatus: false
10-16 23:14:27.936 D/OpenNetworkQos[4.00]( 1764): getOpenNetworkQosScores: 30 0 0 
10-16 23:14:27.936 D/KNOX_MDM_SettingsProvider( 1764): isChangeAllowed() : name = wifi_wcm_qos_sharing_score_summary
10-16 23:14:27.936 I/WifiProfileShare( 1764): network QoS data was changed (internet), updateQoSData networkType: true, qosData: false
10-16 23:14:27.936 I/WifiService( 1764): getConnectionInfo uid=10241
10-16 23:14:27.936 V/WifiService( 1764): Clearing REDACT_FOR_LOCAL_MAC_ADDRESS for com.google.android.gms(uid=10241)
10-16 23:14:27.937 V/WifiPermissionsUtil( 1764): checkCallersLocationPermission(com.google.android.gms): ok because uid 10241 has app-op android:fine_location
10-16 23:14:27.937 V/WifiService( 1764): Clearing REDACT_FOR_ACCESS_FINE_LOCATION for com.google.android.gms(uid=10241)
10-16 23:14:27.937 D/WifiProfileShare( 1764): nearby scanning settings pause
10-16 23:14:27.937 V/WifiProfileShare.Caster( 1764): checkAndGetShareData - nearby scanning
10-16 23:14:27.938 D/WifiPickerTracker( 2598): ------ Dumping WifiEntries that were seen top of 5 scan ------
10-16 23:14:27.939 I/HBD     ( 5754): i onCapabilitiesChanged network : 103 current network state : wifi 
10-16 23:14:27.940 I/WifiService( 1764): getWifiEnabledState uid=10063 state=3
10-16 23:14:27.941 I/MagicTether( 3297): (REDACTED) [ActiveNetworkTracker] setActiveNetwork: %s
10-16 23:14:27.941 I/MagicTether( 3297): (REDACTED) [TetherService] onActiveNetworkChanged: network=%s isLost=%s
10-16 23:14:27.941 I/MagicTether( 3297): [WifiConnectionHandler] Ignoring getWifiConfigurationByNetworkId when checking connected state [CONTEXT service_id=276 ]
10-16 23:14:27.941 I/MagicTether( 3297): [WifiConnectionHandler] No networkId set, can't be connected. [CONTEXT service_id=276 ]
10-16 23:14:27.942 I/NullBinder( 3297): NullBinder for android.net.action.RECOMMEND_NETWORKS triggering remote TransactionTooLargeException due to Service without Chimera impl, calling uid: 1000, calling pid: 0
10-16 23:14:27.942 W/.gms.persistent( 3297): Large reply transaction of 1056768 bytes, interface descriptor , code 1
10-16 23:14:27.943 D/WifiPickerTracker( 2598): Connected WifiEntry: [StandardWifiEntry][gecisbugyi][Connected / f = 5540 80:ea:0b:b5:50:32 standard = Wiâ€‘Fi 6 rssi = -49 score = 60  tx=36.5, 6.4, 0.0  rx=35.1 hasInternet:true, isDefaultNetwork:true, isLowQuality:false][Level:4][WPA3][Connected][Internet][Default][Primary][Saved] - Connected / f = 5540 80:ea:0b:b5:50:32 standard = Wiâ€‘Fi 6 rssi = -49 score = 60  tx=36.5, 6.4, 0.0  rx=35.1 hasInternet:true, isDefaultNetwork:true, isLowQuality:false
10-16 23:14:27.944 D/WifiPickerTracker( 2598): ---- Done dumping WifiEntries ----
10-16 23:14:27.944 I/SDHMS:LOAD( 4936): type: LoadsFreqs, value: 0:1:0:533000:533000:533000:655720:1768000:533000:0:0:0
10-16 23:14:27.944 I/MagicTether( 3297): (REDACTED) [TetherService] TRANSPORT_CELLULAR [%s], TRANSPORT_ETHERNET [%s], TRANSPORT_WIFI [%s]
10-16 23:14:27.945 I/WifiService( 1764): getWifiEnabledState uid=10241 state=3
10-16 23:14:27.945 D/WifiPickerTracker( 2598): update AutoHotspot Entries() : bleAccessPoints -> 0
10-16 23:14:27.945 D/WifiPickerTracker( 2598): handleNetworkCapabilitiesChanged
10-16 23:14:27.946 I/MagicTether( 3297): (REDACTED) [TetherService] setRoles hasActiveNetworkConnection=%s canActiveNetworkBeTethered=%s isConnectedToInstantTether=%s isWifiEnabled=%s isHosting=%s
10-16 23:14:27.953 I/MagicTether( 3297): [TetherService] Stopping Nearby client role [CONTEXT service_id=276 ]
10-16 23:14:27.953 I/MagicTether( 3297): [ClientTetherRole] Client role already stopped [CONTEXT service_id=276 ]
10-16 23:14:27.953 I/MagicTether( 3297): (REDACTED) [TidepoolFeatureStatusManager] isInstantHotspotEnabled=%s
10-16 23:14:27.953 I/MagicTether( 3297): [HostTetherRole] Nearby host role already started [CONTEXT service_id=276 ]
10-16 23:14:28.042 I/keystore2(  688): system/security/keystore2/watchdog/src/lib.rs:319 - Watchdog thread idle -> terminating. Have a great day.
10-16 23:14:28.044 I/HBD     ( 5754): i onCapabilityChanged  setNetworkState currentNetworkState : wifi 
10-16 23:14:28.210 I/NullBinder( 3297): NullBinder for com.google.android.gms.lockbox.service.START triggering remote TransactionTooLargeException due to Service without Chimera impl, calling uid: 10241, calling pid: 20441
10-16 23:14:28.211 W/.gms.persistent( 3297): Large reply transaction of 1056768 bytes, interface descriptor , code 46
10-16 23:14:28.216 D/ActivityThread(20441): Too many transaction errors, throttling freezer binder callback.
10-16 23:14:28.216 E/JavaBinder(20441): !!! FAILED BINDER TRANSACTION !!!  (parcel size = 408)
10-16 23:14:28.221 W/GmsClient(20441): IGmsServiceBroker.getService failed
10-16 23:14:28.221 W/GmsClient(20441): android.os.DeadObjectException: Transaction failed on small parcel; remote process probably died, but this could also be caused by running out of binder buffer space
10-16 23:14:28.221 W/GmsClient(20441): 	at android.os.BinderProxy.transactNative(Native Method)
10-16 23:14:28.221 W/GmsClient(20441): 	at android.os.BinderProxy.transact(BinderProxy.java:655)
10-16 23:14:28.221 W/GmsClient(20441): 	at bbkc.a(:com.google.android.gms@253931035@25.39.31 (260400-813878953):33)
10-16 23:14:28.221 W/GmsClient(20441): 	at bbid.z(:com.google.android.gms@253931035@25.39.31 (260400-813878953):160)
10-16 23:14:28.221 W/GmsClient(20441): 	at baoz.run(:com.google.android.gms@253931035@25.39.31 (260400-813878953):42)
10-16 23:14:28.221 W/GmsClient(20441): 	at android.os.Handler.handleCallback(Handler.java:959)
10-16 23:14:28.221 W/GmsClient(20441): 	at android.os.Handler.dispatchMessage(Handler.java:100)
10-16 23:14:28.221 W/GmsClient(20441): 	at cmjd.mC(:com.google.android.gms@253931035@25.39.31 (260400-813878953):1)
10-16 23:14:28.221 W/GmsClient(20441): 	at cmjd.dispatchMessage(:com.google.android.gms@253931035@25.39.31 (260400-813878953):144)
10-16 23:14:28.221 W/GmsClient(20441): 	at android.os.Looper.loopOnce(Looper.java:257)
10-16 23:14:28.221 W/GmsClient(20441): 	at android.os.Looper.loop(Looper.java:342)
10-16 23:14:28.221 W/GmsClient(20441): 	at android.os.HandlerThread.run(HandlerThread.java:85)
10-16 23:14:28.369 I/wpa_supplicant(21014): Heartbeat 2546
10-16 23:14:28.444 I/NearbySharing( 3297): Network state changed: NetworkState(isRestricted=false, isOnline=true, isCongested=false, isMetered=false, isWifiConnected=true)
10-16 23:14:28.730 W/CommandClient(28366): Command stream interrupted, retrying
10-16 23:14:28.730 W/CommandClient(28366): io.grpc.StatusException: UNAVAILABLE
10-16 23:14:28.730 W/CommandClient(28366): 	at io.grpc.Status.asException(Status.java:547)
10-16 23:14:28.730 W/CommandClient(28366): 	at io.grpc.kotlin.ClientCalls$rpcImpl$1$1$1.onClose(ClientCalls.kt:264)
10-16 23:14:28.730 W/CommandClient(28366): 	at io.grpc.internal.ClientCallImpl.closeObserver(ClientCallImpl.java:565)
10-16 23:14:28.730 W/CommandClient(28366): 	at io.grpc.internal.ClientCallImpl.access$100(ClientCallImpl.java:72)
10-16 23:14:28.730 W/CommandClient(28366): 	at io.grpc.internal.ClientCallImpl$ClientStreamListenerImpl$1StreamClo