10-16 23:14:15.621 D/WifiScoreCard( 1764): BSSID update SIGNAL_POLL ID: 1766757149 SSID: "gecisbugyi", BSSID: 80:ea:0b:b5:50:32, MAC: 6e:4e:84:cb:04:97, IP: /192.168.1.128, Security type: 4, Supplicant state: COMPLETED, Wi-Fi standard: 11ax, RSSI: -47, Link speed: 680Mbps, Tx Link speed: 680Mbps, Max Supported Tx Link speed: 1200Mbps, Rx Link speed: 1080Mbps, Max Supported Rx Link speed: 1200Mbps, Frequency: 5540MHz, Net ID: 19, Metered hint: false, score: 60, isUsable: true, CarrierMerged: false, SubscriptionId: -1, IsPrimary: 1, Trusted: true, Restricted: false, Ephemeral: false, OEM paid: false, OEM private: false, OSU AP: false, FQDN: <none>, Provider friendly name: <none>, Requesting package name: <none>"gecisbugyi"wpa3-saeMLO Information: , Is TID-To-Link negotiation supported by the AP: false, AP MLD Address: <none>, AP MLO Link Id: <none>, AP MLO Affiliated links: <none>, Vendor Data: <none>
10-16 23:14:15.621 D/WifiScoreCard( 1764): txRate: 47 txSpeed: 680
10-16 23:14:15.621 D/WifiScoreCard( 1764): network update SIGNAL_POLL "gecisbugyi" ID: 934667520 RSSI -47 txSpeed 680
10-16 23:14:15.621 D/WifiClientModeImpl[118162968:wlan0]( 1764):  ClientModeImpl$L2ConnectedState screen=on 7 0 "gecisbugyi" 80:ea:0b:b5:50:32 rssi=-47 f=5540 sc=60 link=680 tx=43.4, 2.9, 0.0 rx=40.8 bcn=904526 [on:2389 tx:21 rx:153 period:3064] from screen [on:482240 period:613020] score=60
10-16 23:14:16.481 I/SDHMS:x ( 4936): SIOP:: AP:340 BAT:321 USB:309 CHG:358 PA:348 CP:345 WIFI:351 CF:329 BLK:0 SUBBAT:0 SKIN:334 SKINF:327 SKINB:334 LRP:334 LRP2:334 LRF:327 LRB:334 LRF2:330 LRB2:334 AP2:334 CHG2:332 MEM2:334 WIFI2:332 RCV2:327 SPK2:311 FCAM:307 UPSPK:326 DNSPK:305 AVGCUR:400 AVGSYS:490 POWER:1684
10-16 23:14:16.674 W/CommandClient(28366): Command stream interrupted, retrying
10-16 23:14:16.674 W/CommandClient(28366): io.grpc.StatusException: UNAVAILABLE
10-16 23:14:16.674 W/CommandClient(28366): 	at io.grpc.Status.asException(Status.java:547)
10-16 23:14:16.674 W/CommandClient(28366): 	at io.grpc.kotlin.ClientCalls$rpcImpl$1$1$1.onClose(ClientCalls.kt:264)
10-16 23:14:16.674 W/CommandClient(28366): 	at io.grpc.internal.ClientCallImpl.closeObserver(ClientCallImpl.java:565)
10-16 23:14:16.674 W/CommandClient(28366): 	at io.grpc.internal.ClientCallImpl.access$100(ClientCallImpl.java:72)
10-16 23:14:16.674 W/CommandClient(28366): 	at io.grpc.internal.ClientCallImpl$ClientStreamListenerImpl$1StreamClosed.runInternal(ClientCallImpl.java:733)
10-16 23:14:16.674 W/CommandClient(28366): 	at io.grpc.internal.ClientCallImpl$ClientStreamListenerImpl$1StreamClosed.runInContext(ClientCallImpl.java:714)
10-16 23:14:16.674 W/CommandClient(28366): 	at io.grpc.internal.ContextRunnable.run(ContextRunnable.java:37)
10-16 23:14:16.674 W/CommandClient(28366): 	at io.grpc.internal.SerializingExecutor.run(SerializingExecutor.java:133)
10-16 23:14:16.674 W/CommandClient(28366): 	at java.util.concurrent.ThreadPoolExecutor.runWorker(ThreadPoolExecutor.java:1156)
10-16 23:14:16.674 W/CommandClient(28366): 	at java.util.concurrent.ThreadPoolExecutor$Worker.run(ThreadPoolExecutor.java:651)
10-16 23:14:16.674 W/CommandClient(28366): 	at java.lang.Thread.run(Thread.java:1119)
10-16 23:14:16.674 W/CommandClient(28366): Caused by: java.net.ConnectException: failed to connect to /10.0.2.2 (port 50051) from /:: (port 43496): connect failed: ECONNREFUSED (Connection refused)
10-16 23:14:16.674 W/CommandClient(28366): 	at libcore.io.IoBridge.connect(IoBridge.java:187)
10-16 23:14:16.674 W/CommandClient(28366): 	at java.net.PlainSocketImpl.socketConnect(PlainSocketImpl.java:142)
10-16 23:14:16.674 W/CommandClient(28366): 	at java.net.AbstractPlainSocketImpl.doConnect(AbstractPlainSocketImpl.java:390)
10-16 23:14:16.674 W/CommandClient(28366): 	at java.net.AbstractPlainSocketImpl.connectToAddress(AbstractPlainSocketImpl.java:230)
10-16 23:14:16.674 W/CommandClient(28366): 	at java.net.AbstractPlainSocketImpl.connect(AbstractPlainSocketImpl.java:212)
10-16 23:14:16.674 W/CommandClient(28366): 	at java.net.SocksSocketImpl.connect(SocksSocketImpl.java:436)
10-16 23:14:16.674 W/CommandClient(28366): 	at java.net.Socket.connect(Socket.java:646)
10-16 23:14:16.674 W/CommandClient(28366): 	at java.net.Socket.connect(Socket.java:595)
10-16 23:14:16.674 W/CommandClient(28366): 	at java.net.Socket.<init>(Socket.java:475)
10-16 23:14:16.674 W/CommandClient(28366): 	at java.net.Socket.<init>(Socket.java:275)
10-16 23:14:16.674 W/CommandClient(28366): 	at javax.net.DefaultSocketFactory.createSocket(SocketFactory.java:285)
10-16 23:14:16.674 W/CommandClient(28366): 	at io.grpc.okhttp.OkHttpClientTransport$3.run(OkHttpClientTransport.java:723)
10-16 23:14:16.674 W/CommandClient(28366): 	... 4 more
10-16 23:14:16.674 W/CommandClient(28366): Caused by: android.system.ErrnoException: connect failed: ECONNREFUSED (Connection refused)
10-16 23:14:16.674 W/CommandClient(28366): 	at libcore.io.Linux.connect(Native Method)
10-16 23:14:16.674 W/CommandClient(28366): 	at libcore.io.ForwardingOs.connect(ForwardingOs.java:201)
10-16 23:14:16.674 W/CommandClient(28366): 	at libcore.io.BlockGuardOs.connect(BlockGuardOs.java:158)
10-16 23:14:16.674 W/CommandClient(28366): 	at libcore.io.ForwardingOs.connect(ForwardingOs.java:201)
10-16 23:14:16.674 W/CommandClient(28366): 	at libcore.io.IoBridge.connectErrno(IoBridge.java:201)
10-16 23:14:16.674 W/CommandClient(28366): 	at libcore.io.IoBridge.connect(IoBridge.java:179)
10-16 23:14:16.674 W/CommandClient(28366): 	... 15 more
10-16 23:14:16.746 E/Camera2-FrameProcessorBase( 1597): FrameProcessorBase: Error waiting for new frames: Connection timed out (-110)
10-16 23:14:16.757 I/android.hardware.health@2.1-service-samsung( 1338): updateLrpSysfs: write: 334
10-16 23:14:16.762 D/[SS]BattUtils( 1764): [readNode]path:/sys/class/power_supply/battery/wc_tx_id ,value:0
10-16 23:14:16.762 D/[SS]BattFunctions( 1764): [sendRemainingChargingTimeChangedIntent]remainingChargingTime:2181 ,mLastRemainingChargingTime:2199
10-16 23:14:16.767 I/AODBatteryManager( 2598): updateBatteryData: ACTION_BATTERY_CHANGED
10-16 23:14:16.767 I/ChargingInfoManager( 2598): updateChargingInfo: newState = AOD ChargingInfo [mState=BATTERY_AND_REMAIN_TIME, mIsCharging=true, mIsPlugged=true, mIsFullyCharged=false, mIsBatteryProtectMode=false, mBetteryLevel=82, mBetteryProtectModeType0, mIsSlowChargingfalse], oldState = AOD ChargingInfo [mState=BATTERY_AND_REMAIN_TIME, mIsCharging=true, mIsPlugged=true, mIsFullyCharged=false, mIsBatteryProtectMode=false, mBetteryLevel=82, mBetteryProtectModeType0, mIsSlowChargingfalse]
10-16 23:14:16.767 D/PowerUI ( 2598): Charging time is changed, check charging notification
10-16 23:14:16.769 D/PowerUI.Notification( 2598): showChargingNotice - oldBatteryLevel : 82 , BatteryLevel : 82 / oldChargingType : 10 , ChargingType : 10 / oldChargingTime : 2199, ChargingTime : 2181 / oldMaximumEnabled : false , MaximumEnabled : false / oldMaximumThreshold : 80 , MaximumThreshold : 80
10-16 23:14:16.774 I/NotificationManager( 2598): com.android.systemui: notify(2131363874, charging_state, Notification(channel=CHR shortcut=null contentView=null vibrate=null sound=null defaults=0 flags=ONGOING_EVENT|ONLY_ALERT_ONCE color=0x00000000 category=sys groupKey=CHARGING vis=PUBLIC semFlags=0x0 semPriority=0 semMissedCount=0)) as user
10-16 23:14:16.784 W/PermissionService( 1764): getPermissionFlags: Unknown user -1
10-16 23:14:16.784 W/PermissionService( 1764): getPermissionFlags: Unknown user -1
10-16 23:14:16.992 I/Telecom ( 1764): SamsungTelecomServiceImpl : isInManagedCall - callingPackage : android / callingUser : UserHandle{0} / hasCrossUserAccess : true
10-16 23:14:17.011 I/HoneySpace.NotificationListener( 3103): onNotificationPosted com.android.systemui: -1|com.android.systemui|2131363874|charging_state|10063: 0
10-16 23:14:17.011 I/HoneySpace.NotificationListener( 3103): invalid notification: com.android.systemui UserHandle{-1}: canShowBadge is false
10-16 23:14:17.011 I/HoneySpace.BadgeDataSourceImpl( 3103): Get notification count. PK(p='com.google.android.youtube', u=UserHandle{0}) - forceBadgeCount: false, notification listener: 7, badge provider: 874
10-16 23:14:17.011 I/HoneySpace.BadgeDataSourceImpl( 3103): Get notification count. PK(p='com.microsoft.office.outlook', u=UserHandle{0}) - forceBadgeCount: false, notification listener: 15921, badge provider: 479
10-16 23:14:17.040 I/VSyncReactor( 1446): Current= 60, Period= 60, hwcPeriod= 60
10-16 23:14:17.054 I/LockscreenNotificationIconsOnlyController( 2598): onNotificationInfoUpdated 0
10-16 23:14:17.055 I/AODNotificationManager( 2598): updateNotification() 
10-16 23:14:17.147 I/NullBinder( 3297): NullBinder for com.google.android.gms.lockbox.service.START triggering remote TransactionTooLargeException due to Service without Chimera impl, calling uid: 10241, calling pid: 20441
10-16 23:14:17.147 W/.gms.persistent( 3297): Large reply transaction of 1056768 bytes, interface descriptor , code 46
10-16 23:14:17.150 E/JavaBinder(20441): !!! FAILED BINDER TRANSACTION !!!  (parcel size = 408)
10-16 23:14:17.151 W/ActivityManager( 1764): pid 20441 com.google.android.gms sent binder code 46 with flags 0 to frozen apps and got error -2147483646
10-16 23:14:17.152 W/GmsClient(20441): IGmsServiceBroker.getService failed
10-16 23:14:17.152 W/GmsClient(20441): android.os.DeadObjectException: Transaction failed on small parcel; remote process probably died, but this could also be caused by running out of binder buffer space
10-16 23:14:17.152 W/GmsClient(20441): 	at android.os.BinderProxy.transactNative(Native Method)
10-16 23:14:17.152 W/GmsClient(20441): 	at android.os.BinderProxy.transact(BinderProxy.java:655)
10-16 23:14:17.152 W/GmsClient(20441): 	at bbkc.a(:com.google.android.gms@253931035@25.39.31 (260400-813878953):33)
10-16 23:14:17.152 W/GmsClient(20441): 	at bbid.z(:com.google.android.gms@253931035@25.39.31 (260400-813878953):160)
10-16 23:14:17.152 W/GmsClient(20441): 	at baoz.run(:com.google.android.gms@253931035@25.39.31 (260400-813878953):42)
10-16 23:14:17.152 W/GmsClient(20441): 	at android.os.Handler.handleCallback(Handler.java:959)
10-16 23:14:17.152 W/GmsClient(20441): 	at android.os.Handler.dispatchMessage(Handler.java:100)
10-16 23:14:17.152 W/GmsClient(20441): 	at cmjd.mC(:com.google.android.gms@253931035@25.39.31 (260400-813878953):1)
10-16 23:14:17.152 W/GmsClient(20441): 	at cmjd.dispatchMessage(:com.google.android.gms@253931035@25.39.31 (260400-813878953):144)
10-16 23:14:17.152 W/GmsClient(20441): 	at android.os.Looper.loopOnce(Looper.java:257)
10-16 23:14:17.152 W/GmsClient(20441): 	at android.os.Looper.loop(Looper.java:342)
10-16 23:14:17.152 W/GmsClient(20441): 	at android.os.HandlerThread.run(HandlerThread.java:85)
10-16 23:14:17.223 D/Bubbles ( 2598): onEntryUpdated : shouldBubbleUp=false ,key=-1|com.android.systemui|2131363874|charging_state|10063
10-16 23:14:17.230 D/InterruptionStateProvider( 2598):  no Heads up : edgelighting enabled app. -1|com.android.systemui|2131363874|charging_state|10063
10-16 23:14:17.247 I/NullBinder( 3297): NullBinder for com.google.android.gms.lockbox.service.START triggering remote TransactionTooLargeException due to Service without Chimera impl, calling uid: 10241, calling pid: 20441
10-16 23:14:17.247 W/.gms.persistent( 3297): Large reply transaction of 1056768 bytes, interface descriptor , code 46
10-16 23:14:17.252 I/LockscreenNotificationIconsOnlyController( 2598): onNotificationInfoUpdated 0
10-16 23:14:17.252 I/AODNotificationManager( 2598): updateNotification() 
10-16 23:14:17.254 D/ActivityThread(20441): Too many transaction errors, throttling freezer binder callback.
10-16 23:14:17.254 E/JavaBinder(20441): !!! FAILED BINDER TRANSACTION !!!  (parcel size = 408)
10-16 23:14:17.255 W/GmsClient(20441): IGmsServiceBroker.getService failed
10-16 23:14:17.255 W/GmsClient(20441): android.os.DeadObjectException: Transaction failed on small parcel; remote process probably died, but this could also be caused by running out of binder buffer space
10-16 23:14:17.255 W/GmsClient(20441): 	at android.os.BinderProxy.transactNative(Native Method)
10-16 23:14:17.255 W/GmsClient(20441): 	at android.os.BinderProxy.transact(BinderProxy.java:655)
10-16 23:14:17.255 W/GmsClient(20441): 	at bbkc.a(:com.google.android.gms@253931035@25.39.31 (260400-813878953):33)
10-16 23:14:17.255 W/GmsClient(20441): 	at bbid.z(:com.google.android.gms@253931035@25.39.31 (260400-813878953):160)
10-16 23:14:17.255 W/GmsClient(20441): 	at baoz.run(:com.google.android.gms@253931035@25.39.31 (260400-813878953):42)
10-16 23:14:17.255 W/GmsClient(20441): 	at android.os.Handler.handleCallback(Handler.java:959)
10-16 23:14:17.255 W/GmsClient(20441): 	at android.os.Handler.dispatchMessage(Handler.java:100)
10-16 23:14:17.255 W/GmsClient(20441): 	at cmjd.mC(:com.google.android.gms@253931035@25.39.31 (260400-813878953):1)
10-16 23:14:17.255 W/GmsClient(20441): 	at cmjd.dispatchMessage(:com.google.android.gms@253931035@25.39.31 (260400-813878953):144)
10-16 23:14:17.255 W/GmsClient(20441): 	at android.os.Looper.loopOnce(Looper.java:257)
10-16 23:14:17.255 W/GmsClient(20441): 	at android.os.Looper.loop(Looper.java:342)
10-16 23:14:17.255 W/GmsClient(20441): 	at android.os.HandlerThread.run(HandlerThread.java:85)
10-16 23:14:17.257 I/SurfaceFlinger( 1446): SFWD update time=143449011543088
10-16 23:14:17.259 D/LocalImageResolver( 2598): Couldn't use ImageDecoder for drawable, falling back to non-resized load.
10-16 23:14:17.260 D/LocalImageResolver( 2598): Couldn't use ImageDecoder for drawable, falling back to non-resized load.
10-16 23:14:17.264 D/LocalImageResolver( 2598): Couldn't use ImageDecoder for drawable, falling back to non-resized load.
10-16 23:14:17.294 D/LocalImageResolver( 2598): Couldn't use ImageDecoder for drawable, falling back to non-resized load.
10-16 23:14:17.312 I/LockscreenNotificationIconsOnlyController( 2598): onNotificationInfoUpdated 0
10-16 23:14:17.313 I/AODNotificationManager( 2598): updateNotification() 
10-16 23:14:17.386 W/TimeSyncService(28366): Time sync failed: UNAVAILABLE
10-16 23:14:17.386 W/TimeSyncService(28366): io.grpc.StatusException: UNAVAILABLE
10-16 23:14:17.386 W/TimeSyncService(28366): 	at io.grpc.Status.asException(Status.java:547)
10-16 23:14:17.386 W/TimeSyncService(28366): 	at io.grpc.kotlin.ClientCalls$rpcImpl$1$1$1.onClose(ClientCalls.kt:264)
10-16 23:14:17.386 W/TimeSyncService(28366): 	at io.grpc.internal.ClientCallImpl.closeObserver(ClientCallImpl.java:565)
10-16 23:14:17.386 W/TimeSyncService(28366): 	at io.grpc.internal.ClientCallImpl.access$100(ClientCallImpl.java:72)
10-16 23:14:17.386 W/TimeSyncService(28366): 	at io.grpc.internal.ClientCallImpl$ClientStreamListenerImpl$1StreamClosed.runInternal(ClientCallImpl.java:733)
10-16 23:14:17.386 W/TimeSyncService(28366): 	at io.grpc.internal.ClientCallImpl$ClientStreamListenerImpl$1StreamClosed.runInContext(ClientCallImpl.java:714)
10-16 23:14:17.386 W/TimeSyncService(28366): 	at io.grpc.internal.ContextRunnable.run(ContextRunnable.java:37)
10-16 23:14:17.386 W/TimeSyncService(28366): 	at io.grpc.internal.SerializingExecutor.run(SerializingExecutor.java:133)
10-16 23:14:17.386 W/TimeSyncService(28366): 	at java.util.concurrent.ThreadPoolExecutor.runWorker(ThreadPoolExecutor.java:1156)
10-16 23:14:17.386 W/TimeSyncService(28366): 	at java.util.concurrent.ThreadPoolExecutor$Worker.run(ThreadPoolExecutor.java:651)
10-16 23:14:17.386 W/TimeSyncService(28366): 	at java.lang.Thread.run(Thread.java:1119)
10-16 23:14:17.386 W/TimeSyncService(28366): Caused by: java.net.ConnectException: failed to connect to /10.0.2.2 (port 50051) from /:: (port 43496): connect failed: ECONNREFUSED (Connection refused)
10-16 23:14:17.386 W/TimeSyncService(28366): 	at libcore.io.IoBridge.connect(IoBridge.java:187)
10-16 23:14:17.386 W/TimeSyncService(28366): 	at java.net.PlainSocketImpl.socketConnect(PlainSocketImpl.java:142)
10-16 23:14:17.386 W/TimeSyncService(28366): 	at java.net.AbstractPlainSocketImpl.doConnect(AbstractPlainSocketImpl.java:390)
10-16 23:14:17.386 W/TimeSyncService(28366): 	at java.net.AbstractPlainSocketImpl.connectToAddress(AbstractPlainSocketImpl.java:230)
10-16 23:14:17.386 W/TimeSyncService(28366): 	at java.net.AbstractPlainSocketImpl.connect(AbstractPlainSocketImpl.java:212)
10-16 23:14:17.386 W/TimeSyncService(28366): 	at java.net.SocksSocketImpl.connect(SocksSocketImpl.java:436)
10-16 23:14:17.386 W/TimeSyncService(28366): 	at java.net.Socket.connect(Socket.java:646)
10-16 23:14:17.386 W/TimeSyncService(28366): 	at java.net.Socket.connect(Socket.java:595)
10-16 23:14:17.386 W/TimeSyncService(28366): 	at java.net.Socket.<init>(Socket.java:475)
10-16 23:14:17.386 W/TimeSyncService(28366): 	at java.net.Socket.<init>(Socket.java:275)
10-16 23:14:17.386 W/TimeSyncService(28366): 	at javax.net.DefaultSocketFactory.createSocket(SocketFactory.java:285)
10-16 23:14:17.386 W/TimeSyncService(28366): 	at io.grpc.okhttp.OkHttpClientTransport$3.run(OkHttpClientTransport.java:723)
10-16 23:14:17.386 W/TimeSyncService(28366): 	... 4 more
10-16 23:14:17.386 W/TimeSyncService(28366): Caused by: android.system.ErrnoException: connect failed: ECONNREFUSED (Connection refused)
10-16 23:14:17.386 W/TimeSyncService(28366): 	at libcore.io.Linux.connect(Native Method)
10-16 23:14:17.386 W/TimeSyncService(28366): 	at libcore.io.ForwardingOs.connect(ForwardingOs.java:201)
10-16 23:14:17.386 W/TimeSyncService(28366): 	at libcore.io.BlockGuardOs.connect(BlockGuardOs.java:158)
10-16 23:14:17.386 W/TimeSyncService(28366): 	at libcore.io.ForwardingOs.connect(ForwardingOs.java:201)
10-16 23:14:17.386 W/TimeSyncService(28366): 	at libcore.io.IoBridge.connectErrno(IoBridge.java:201)
10-16 23:14:17.386 W/TimeSyncService(28366): 	at libcore.io.IoBridge.connect(IoBridge.java:179)
10-16 23:14:17.386 W/TimeSyncService(28366): 	... 15 more
10-16 23:14:17.522 D/io_stats(  671): !@   8,0 r 1990571 59482304 w 1020478 20342156 d 370950 17478252 f 0 0 iot 1441096 0 th 0 0 0 pt 0 inp 0 0 143449.276
10-16 23:14:17.809 I/SDHMS:LOAD( 4936): type: LoadsFreqs, value: 0:1:0:533000:533000:533000:645320:2496000:533000:0:0:0
10-16 23:14:17.927 I/DGW     (28642): I[sendRequest:90] StreamGroupConnectivityAwareNetworkLayer[notifgateway] processing request with connection state: 1
10-16 23:14:17.929 I/DGW     (28642): I[sendRequest:98] StreamGroupMNSNetworkLayer[notifgateway] DGW Connecting to https://z-m-gateway.facebook.com/notifgateway
10-16 23:14:17.957 I/android.hardware.keymaster@4.0-impl_strong(  692): StrongBox: hardware/samsung_slsi/exynos/ssp/strongbox_keymaster/strongbox_device/StrongboxKeymaster4Device.cpp: begin: 592
10-16 23:14:17.976 I/StrongBox(  692): StrongBox: ssp_hwctl_enable done. refcount(1)
10-16 23:14:17.976 I/StrongBox(  692): StrongBox: ssp_hwctl_enable done. refcount(2)
10-16 23:14:18.001 I/StrongBox(  692): StrongBox: ssp_hwctl_disable done. refcount(1)
10-16 23:14:18.002 I/keystore2(  688): system/security/keystore2/src/security_level.rs:454 - In create_operation. Success to create IKeystoreOperation. 10085, None
10-16 23:14:18.004 I/android.hardware.keymaster@4.0-impl_strong(  692): StrongBox: hardware/samsung_slsi/exynos/ssp/strongbox_keymaster/strongbox_device/StrongboxKeymaster4Device.cpp: finish: 668
10-16 23:14:18.004 I/StrongBox(  692): StrongBox: ssp_hwctl_enable done. refcount(2)
10-16 23:14:18.032 I/StrongBox(  692): StrongBox: ssp_hwctl_disable done. refcount(1)
10-16 23:14:18.040 I/StrongBox(  692): StrongBox: ssp_hwctl_disable done. refcount(0)
10-16 23:14:18.040 I/android.hardware.keymaster@4.0-impl_strong(  692): StrongBox: output_addr(0xb400007b25245a30): size(71)
10-16 23:14:18.168 W/DGW     (28642): W[onSuccessfulResponse:848] StreamGroupTransport[notifgateway] on successful response. DGW is now connected.
10-16 23:14:18.170 I/NullBinder( 3297): NullBinder for com.google.android.gms.lockbox.service.START triggering remote TransactionTooLargeException due to Service without Chimera impl, calling uid: 10241, calling pid: 20441
10-16 23:14:18.170 W/.gms.persistent( 3297): Large reply transaction of 1056768 bytes, interface descriptor , code 46
10-16 23:14:18.172 D/ActivityThread(20441): Too many transaction errors, throttling freezer binder callback.
10-16 23:14:18.172 E/JavaBinder(20441): !!! FAILED BINDER TRANSACTION !!!  (parcel size = 408)
10-16 23:14:18.174 W/GmsClient(20441): IGmsServiceBroker.getService failed
10-16 23:14:18.174 W/GmsClient(20441): android.os.DeadObjectException: Transaction failed on small parcel; remote process probably died, but this could also be caused by running out of binder buffer space
10-16 23:14:18.174 W/GmsClient(20441): 	at android.os.BinderProxy.transactNative(Native Method)
10-16 23:14:18.174 W/GmsClient(20441): 	at android.os.BinderProxy.transact(BinderProxy.java:655)
10-16 23:14:18.174 W/GmsClient(20441): 	at bbkc.a(:com.google.android.gms@253931035@25.39.31 (260400-813878953):33)
10-16 23:14:18.174 W/GmsClient(20441): 	at bbid.z(:com.google.android.gms@253931035@25.39.31 (260400-813878953):160)
10-16 23:14:18.174 W/GmsClient(20441): 	at baoz.run(:com.google.android.gms@253931035@25.39.31 (260400-813878953):42)
10-16 23:14:18.174 W/GmsClient(20441): 	at android.os.Handler.handleCallback(Handler.java:959)
10-16 23:14:18.174 W/GmsClient(20441): 	at android.os.Handler.dispatchMessage(Handler.java:100)
10-16 23:14:18.174 W/GmsClient(20441): 	at cmjd.mC(:com.google.android.gms@253931035@25.39.31 (260400-813878953):1)
10-16 23:14:18.174 W/GmsClient(20441): 	at cmjd.dispatchMessage(:com.google.android.gms@253931035@25.39.31 (260400-813878953):144)
10-16 23:14:18.174 W/GmsClient(20441): 	at android.os.Looper.loopOnce(Looper.java:257)
10-16 23:14:18.174 W/GmsClient(20441): 	at android.os.Looper.loop(Looper.java:342)
10-16 23:14:18.174 W/GmsClient(20441): 	at android.os.HandlerThread.run(HandlerThread.java:85)
10-16 23:14:18.362 I/wpa_supplicant(21014): Heartbeat 2545
10-16 23:14:18.695 D/WifiClientModeImpl[118162968:wlan0]( 1764): updateLinkLayerStatsRssiSpeedFrequencyCapabilities rssi=-47 TxLinkspeed=680 freq=5540 RxLinkSpeed=1080
10-16 23:14:18.698 D/WifiDataStall( 1764): tx tput in kbps: 608148
10-16 23:14:18.698 D/WifiDataStall( 1764): rx tput in kbps: 1016718
10-16 23:14:18.699 V/WifiConfigManager( 1764): Updating scan detail cache freq=5540 BSSID=80:ea:0b:b5:50:32 RSSI=-47 for "gecisbugyi"WPA_PSK
10-16 23:14:18.699 D/WifiDataStall( 1764):  ccaLevel = 15
10-16 23:14:18.699 D/WifiDataStall( 1764): L2 txTputKbps: 608148, rxTputKbps: 1016718, L3 txTputKbps: 162, rxTputKbps: 34, TxTrafficHigh: true, RxTrafficHigh: true, Throughput Sufficient: true
10-16 23:14:18.701 D/SemWifiUsabilityStatsMonitor( 1764): onWifiUsabilityStats - seqNum 27264, isSameBssidAndFreq true
10-16 23:14:18.701 D/WifiScoreCard( 1764): BSSID update SIGNAL_POLL ID: 1766757149 SSID: "gecisbugyi", BSSID: 80:ea:0b:b5:50:32, MAC: 6e:4e:84:cb:04:97, IP: /192.168.1.128, Security type: 4, Supplicant state: COMPLETED, Wi-Fi standard: 11ax, RSSI: -47, Link speed: 680Mbps, Tx Link speed: 680Mbps, Max Supported Tx Link speed: 1200Mbps, Rx Link speed: 1080Mbps, Max Supported Rx Link speed: 1200Mbps, Frequency: 5540MHz, Net ID: 19, Metered hint: false, score: 60, isUsable: true, CarrierMerged: false, SubscriptionId: -1, IsPrimary: 1, Trusted: true, Restricted: false, Ephemeral: false, OEM paid: false, OEM private: false, OSU AP: false, FQDN: <none>, Provider friendly name: <none>, Requesting package name: <none>"gecisbugyi"wpa3-saeMLO Information: , Is TID-To-Link negotiation supported by the AP: false, AP MLD Address: <none>, AP MLO Link Id: <none>, AP MLO Affiliated links: <none>, Vendor Data: <none>
10-16 23:14:18.701 D/WifiScoreCard( 1764): txRate: 55 txSpeed: 680
10-16 23:14:18.701 D/WifiScoreCard( 1764): network update SIGNAL_POLL "gecisbugyi" ID: 934667520 RSSI -47 txSpeed 680
10-16 23:14:18.702 D/WifiClientModeImpl[118162968:wlan0]( 1764):  ClientModeImpl$L2ConnectedState screen=on 7 0 "gecisbugyi" 80:ea:0b:b5:50:32 rssi=-47 f=5540 sc=60 link=680 tx=51.4, 3.1, 0.0 rx=51.1 bcn=904556 [on:2490 tx:28 rx:196 period:3081] from screen [on:484730 period:616101] score=60
10-16 23:14:18.702 I/SemWifiLinkQualityMonitor( 1764): Link stat: 2481 / 180 / 1.06 (182) / 680 / -47.0 || 100.0 : 680.00 / 0.5 : 0.95 / 0.55 : 0.07 / G (G) || 0bb550325540: 0.089 / 89.488 /  / N || N N / 0 / Y 2.0 / Y 0 / 143450454 0
10-16 23:14:18.885 I/WifiService( 1764): getDhcpInfo uid=10326
10-16 23:14:18.893 E/Camera2-FrameProcessorBase( 1597): FrameProcessorBase: Error waiting for new frames: Connection timed out (-110)
10-16 23:14:19.474 W/SemWifi.Continuity( 1764): bind time out! try again ... 1
10-16 23:14:19.476 D/[ContinuitySDK_1.2.7022]_VersionUtil( 1764): initSupportFeatures - abovePatchVersionCode - 1309
10-16 23:14:19.476 I/[ContinuitySDK_1.2.7022]_VersionUtil( 1764): initSupportFeatures - serviceVersionCode - 130901000, mSupportFeatures - 11
10-16 23:14:19.476 I/[ContinuitySDK_1.2.7022]_ContinuityAdapterImpl( 1764): bindService - -
10-16 23:14:19.476 I/[ContinuitySDK_1.2.7022]_ContinuityAdapterImpl( 1764): initialize - INIT_SUCCESS
10-16 23:14:19.476 I/[ContinuitySDK_1.2.7022]_ExecutorUtil( 1764): start - sIsStarted = false
10-16 23:14:19.477 W/ContextImpl( 1764): Calling a method in the system process without a qualified user: android.app.ContextImpl.bindService:2092 com.samsung.android.mcf.continuity.impl.ContinuityAdapterImpl.$r8$lambda$8A1pWsBhtxEl-BgeFqVMHKeudJs:159 com.samsung.android.mcf.continuity.impl.ContinuityAdapterImpl$$ExternalSyntheticLambda3.run:7 com.samsung.android.mcf.continuity.common.ExecutorUtil$b.run:3 java.util.concurrent.ThreadPoolExecutor.runWorker:1156 
10-16 23:14:19.480 I/[ContinuitySDK_1.2.7022]_ContinuityAdapterImpl( 1764): bindService - start bindService
10-16 23:14:19.491 I/[ContinuitySDK_1.2.7022]_ContinuityAdapterImpl( 1764): onServiceConnected - main controller is not started -> try sync cloud
10-16 23:14:19.491 I/[MCFDs]_McfSyncMainController( 4965): registerSyncCloudCallback - appId: 33
10-16 23:14:19.491 I/[MCFDs]_McfSyncMainController( 4965): sendSyncCloudCallback - isStarted: false
10-16 23:14:19.492 W/[ContinuitySDK_1.2.7022]_ContinuityAdapterImpl( 1764): onCallback - fail to syncCloud
10-16 23:14:19.492 I/[ContinuitySDK_1.2.7022]_ContinuityAdapterImpl( 1764): unbindServiceImpl - -
10-16 23:14:19.493 D/[ContinuitySDK_1.2.7022]_VersionUtil( 1764): isSDKSupportFeature - abovePatchVersionCode - 1207
10-16 23:14:19.493 I/[ContinuitySDK_1.2.7022]_ContinuitySession( 1764): closeServer - -
10-16 23:14:19.494 V/SemWifi.Continuity( 1764): onServiceDisconnected
10-16 23:14:19.494 I/[ContinuitySDK_1.2.7022]_ContinuityAdapterImpl( 1764): release - -
10-16 23:14:19.494 I/[ContinuitySDK_1.2.7022]_ContinuityAdapterImpl( 1764): unbindServiceImpl - -
10-16 23:14:19.494 W/[ContinuitySDK_1.2.7022]_ContinuityAdapterImpl( 1764): unbindServiceImpl - invalid service state 0
10-16 23:14:19.494 I/[ContinuitySDK_1.2.7022]_ExecutorUtil( 1764): shutdown - sIsStarted = true
10-16 23:14:19.523 D/io_stats(  671): !@   8,0 r 1990616 59483064 w 1020486 20342180 d 370950 17478252 f 0 0 iot 1441140 0 th 0 0 0 pt 0 inp 0 0 143451.277
10-16 23:14:19.524 D/io_stats(  671): !@ Read_top(KB): cebook.services(28642) 608 loop46(3438) 256 keymaster@4.0_s(692) 112
10-16 23:14:19.524 D/io_stats(  671): !@ Write_top(KB): appmanager:auth(27799) 16
10-16 23:14:19.687 W/CommandClient(28366): Command stream interrupted, retrying
10-16 23:14:19.687 W/CommandClient(28366): io.grpc.StatusException: UNAVAILABLE
10-16 23:14:19.687 W/CommandClient(28366): 	at io.grpc.Status.asException(Status.java:547)
10-16 23:14:19.687 W/CommandClient(28366): 	at io.grpc.kotlin.ClientCalls$rpcImpl$1$1$1.onClose(ClientCalls.kt:264)
10-16 23:14:19.687 W/CommandClient(28366): 	at io.grpc.internal.ClientCallImpl.closeObserver(ClientCallImpl.java:565)
10-16 23:14:19.687 W/CommandClient(28366): 	at io.grpc.internal.ClientCallImpl.access$100(ClientCallImpl.java:72)
10-16 23:14:19.687 W/CommandClient(28366): 	at io.grpc.internal.ClientCallImpl$ClientStreamListenerImpl$1StreamClosed.runInternal(ClientCallImpl.java:733)
10-16 23:14:19.687 W/CommandClient(28366): 	at io.grpc.internal.ClientCallImpl$ClientStreamListenerImpl$1StreamClosed.runInContext(ClientCallImpl.java:714)
10-16 23:14:19.687 W/CommandClient(28366): 	at io.grpc.internal.ContextRunnable.run(ContextRunnable.java:37)
10-16 23:14:19.687 W/CommandClient(28366): 	at io.grpc.internal.SerializingExecutor.run(SerializingExecutor.java:133)
10-16 23:14:19.687 W/CommandClient(28366): 	at java.util.concurrent.ThreadPoolExecutor.runWorker(ThreadPoolExecutor.java:1156)
10-16 23:14:19.687 W/CommandClient(28366): 	at java.util.concurrent.ThreadPoolExecutor$Worker.run(ThreadPoolExecutor.java:651)
10-16 23:14:19.687 W/CommandClient(28366): 	at java.lang.Thread.run(Thread.java:1119)
10-16 23:14:19.687 W/CommandClient(28366): Caused by: java.net.ConnectException: failed to connect to /10.0.2.2 (port 50051) from /:: (port 43496): connect failed: ECONNREFUSED (Connection refused)
10-16 23:14:19.687 W/CommandClient(28366): 	at libcore.io.IoBridge.connect(IoBridge.java:187)
10-16 23:14:19.687 W/CommandClient(28366): 	at java.net.PlainSocketImpl.socketConnect(PlainSocketImpl.java:142)
10-16 23:14:19.687 W/CommandClient(28366): 	at java.net.AbstractPlainSocketImpl.doConnect(AbstractPlainSocketImpl.java:390)
10-16 23:14:19.687 W/CommandClient(28366): 	at java.net.AbstractPlainSocketImpl.connectToAddress(AbstractPlainSocketImpl.java:230)
10-16 23:14:19.687 W/CommandClient(28366): 	at java.net.AbstractPlainSocketImpl.connect(AbstractPlainSocketImpl.java:212)
10-16 23:14:19.687 W/CommandClient(28366): 	at java.net.SocksSocketImpl.connect(SocksSocketImpl.java:436)
10-16 23:14:19.687 W/CommandClient(28366): 	at java.net.Socket.connect(Socket.java:646)
10-16 23:14:19.687 W/CommandClient(28366): 	at java.net.Socket.connect(Socket.java:595)
10-16 23:14:19.687 W/CommandClient(28366): 	at java.net.Socket.<init>(Socket.java:475)
10-16 23:14:19.687 W/CommandClient(28366): 	at java.net.Socket.<init>(Socket.java:275)
10-16 23:14:19.687 W/CommandClient(28366): 	at javax.net.DefaultSocketFactory.createSocket(SocketFactory.java:285)
10-16 23:14:19.687 W/CommandClient(28366): 	at io.grpc.okhttp.OkHttpClientTransport$3.run(OkHttpClientTransport.java:723)
10-16 23:14:19.687 W/CommandClient(28366): 	... 4 more
10-16 23:14:19.687 W/CommandClient(28366): Caused by: android.system.ErrnoException: connect failed: ECONNREFUSED (Connection refused)
10-16 23:14:19.687 W/CommandClient(28366): 	at libcore.io.Linux.connect(Native Method)
10-16 23:14:19.687 W/CommandClient(28366): 	at libcore.io.ForwardingOs.connect(ForwardingOs.java:201)
10-16 23:14:19.687 W/CommandClient(28366): 	at libcore.io.BlockGuardOs.connect(BlockGuardOs.java:158)
10-16 23:14:19.687 W/CommandClient(28366): 	at libcore.io.ForwardingOs.connect(ForwardingOs.java:201)
10-16 23:14:19.687 W/CommandClient(28366): 	at libcore.io.IoBridge.connectErrno(IoBridge.java:201)
10-16 23:14:19.687 W/CommandClient(28366): 	at libcore.io.IoBridge.connect(IoBridge.java:179)
10-16 23:14:19.687 W/CommandClient(28366): 	... 15 more
10-16 23:14:19.856 I/WifiService( 1764): getConnectionInfo uid=1000
10-16 23:14:19.856 V/WifiService( 1764): Clearing REDACT_FOR_LOCAL_MAC_ADDRESS for com.sec.android.sdhms(uid=1000)
10-16 23:14:19.856 V/WifiService( 1764): Clearing REDACT_FOR_NETWORK_SETTINGS for com.sec.android.sdhms(uid=1000)
10-16 23:14:19.857 V/WifiService( 1764): Clearing REDACT_FOR_ACCESS_FINE_LOCATION for com.sec.android.sdhms(uid=1000)
10-16 23:14:20.295 D/ShimmerHardwareStub(28366): refreshBondedDevices() â€“ stub keeps existing list (51 devices)
10-16 23:14:20.295 D/ShimmerHardwareStub(28366): scan() â€“ emitting synthetic discovery (duration=5s)
10-16 23:14:20.358 I/EDEN    ( 1366): [Exynos][EDEN][v1.6.23][UD::NPU] _open_thread_main:932: woke by g_cond_open
10-16 23:14:20.358 I/EDEN    ( 1366): [Exynos][EDEN][v1.6.23][UD::NPU] _open_thread_main:839: open [0xb400007b0ff017b0], ncp->id=136600034, state=1, name=OD_V2.1.6_01_26_QVGA_ncp.bin
10-16 23:14:20.358 I/EDEN    ( 1366): [Exynos][EDEN][v1.6.23][UD::NPU] _open_thread_main:839: open [0xb400007b0fee0930], ncp->id=136600035, state=1, name=OD_V2.3.7_01_25_VGA_ncp.bin
10-16 23:14:20.358 I/EDEN    ( 1366): [Exynos][EDEN][v1.6.23][UD::NPU] _open_thread_main:908: g_cond_open. dev_state(4)
10-16 23:14:20.358 I/EDEN    ( 1366): [Exynos][EDEN][v1.6.23][UD::NPU] _open_thread_main:922: # opened model[0xb400007b0ff017b0], ncp->id=136600034, state=1, name=OD_V2.1.6_01_26_QVGA_ncp.bin
10-16 23:14:20.358 I/EDEN    ( 1366): [Exynos][EDEN][v1.6.23][UD::NPU] _open_thread_main:922: # opened model[0xb400007b0fee0930], ncp->id=136600035, state=1, name=OD_V2.3.7_01_25_VGA_ncp.bin
10-16 23:14:20.823 W/DeviceBridge(28366): Orchestrator bridge failure: UNAVAILABLE
10-16 23:14:20.823 W/DeviceBridge(28366): io.grpc.StatusException: UNAVAILABLE
10-16 23:14:20.823 W/DeviceBridge(28366): 	at io.grpc.Status.asException(Status.java:547)
10-16 23:14:20.823 W/DeviceBridge(28366): 	at io.grpc.kotlin.ClientCalls$rpcImpl$1$1$1.onClose(ClientCalls.kt:264)
10-16 23:14:20.823 W/DeviceBridge(28366): 	at io.grpc.internal.ClientCallImpl.closeObserver(ClientCallImpl.java:565)
10-16 23:14:20.823 W/DeviceBridge(28366): 	at io.grpc.internal.ClientCallImpl.access$100(ClientCallImpl.java:72)
10-16 23:14:20.823 W/DeviceBridge(28366): 	at io.grpc.internal.ClientCallImpl$ClientStreamListenerImpl$1StreamClosed.runInternal(ClientCallImpl.java:733)
10-16 23:14:20.823 W/DeviceBridge(28366): 	at io.grpc.internal.ClientCallImpl$ClientStreamListenerImpl$1StreamClosed.runInContext(ClientCallImpl.java:714)
10-16 23:14:20.823 W/DeviceBridge(28366): 	at io.grpc.internal.ContextRunnable.run(ContextRunnable.java:37)
10-16 23:14:20.823 W/DeviceBridge(28366): 	at io.grpc.internal.SerializingExecutor.run(SerializingExecutor.java:133)
10-16 23:14:20.823 W/DeviceBridge(28366): 	at java.util.concurrent.ThreadPoolExecutor.runWorker(ThreadPoolExecutor.java:1156)
10-16 23:14:20.823 W/DeviceBridge(28366): 	at java.util.concurrent.ThreadPoolExecutor$Worker.run(ThreadPoolExecutor.java:651)
10-16 23:14:20.823 W/DeviceBridge(28366): 	at java.lang.Thread.run(Thread.java:1119)
10-16 23:14:20.823 W/DeviceBridge(28366): Caused by: java.net.ConnectException: failed to connect to /10.0.2.2 (port 50051) from /:: (port 43496): connect failed: ECONNREFUSED (Connection refused)
10-16 23:14:20.823 W/DeviceBridge(28366): 	at libcore.io.IoBridge.connect(IoBridge.java:187)
10-16 23:14:20.823 W/DeviceBridge(28366): 	at java.net.PlainSocketImpl.socketConnect(PlainSocketImpl.java:142)
10-16 23:14:20.823 W/DeviceBridge(28366): 	at java.net.AbstractPlainSocketImpl.doConnect(AbstractPlainSocketImpl.java:390)
10-16 23:14:20.823 W/DeviceBridge(28366): 	at java.net.AbstractPlainSocketImpl.connectToAddress(AbstractPlainSocketImpl.java:230)
10-16 23:14:20.823 W/DeviceBridge(28366): 	at java.net.AbstractPlainSocketImpl.connect(AbstractPlainSocketImpl.java:212)
10-16 23:14:20.823 W/DeviceBridge(28366): 	at java.net.SocksSocketImpl.connect(SocksSocketImpl.java:436)
10-16 23:14:20.823 W/DeviceBridge(28366): 	at java.net.Socket.connect(Socket.java:646)
10-16 23:14:20.823 W/DeviceBridge(28366): 	at java.net.Socket.connect(Socket.java:595)
10-16 23:14:20.823 W/DeviceBridge(28366): 	at java.net.Socket.<init>(Socket.java:475)
10-16 23:14:20.823 W/DeviceBridge(28366): 	at java.net.Socket.<init>(Socket.java:275)
10-16 23:14:20.823 W/DeviceBridge(28366): 	at javax.net.DefaultSocketFactory.createSocket(SocketFactory.java:285)
10-16 23:14:20.823 W/DeviceBridge(28366): 	at io.grpc.okhttp.OkHttpClientTransport$3.run(OkHttpClientTransport.java:723)
10-16 23:14:20.823 W/DeviceBridge(28366): 	... 4 more
10-16 23:14:20.823 W/DeviceBridge(28366): Caused by: android.system.ErrnoException: connect failed: ECONNREFUSED (Connection refused)
10-16 23:14:20.823 W/DeviceBridge(28366): 	at libcore.io.Linux.connect(Native Method)
10-16 23:14:20.823 W/DeviceBridge(28366): 	at libcore.io.ForwardingOs.connect(ForwardingOs.java:201)
10-16 23:14:20.823 W/DeviceBridge(28366): 	at libcore.io.BlockGuardOs.connect(BlockGuardOs.java:158)
10-16 23:14:20.823 W/DeviceBridge(28366): 	at libcore.io.ForwardingOs.connect(ForwardingOs.java:201)
10-16 23:14:20.823 W/DeviceBridge(28366): 	at libcore.io.IoBridge.connectErrno(IoBridge.java:201)
10-16 23:14:20.823 W/DeviceBridge(28366): 	at libcore.io.IoBridge.connect(IoBridge.java:179)
10-16 23:14:20.823 W/DeviceBridge(28366): 	... 15 more
10-16 23:14:21.061 E/Camera2-FrameProcessorBase( 1597): FrameProcessorBase: Error waiting for new frames: Connection timed out (-110)
10-16 23:14:21.526 D/io_stats(  671): !@   8,0 r 1990616 59483064 w 1020494 20342204 d 370950 17478252 f 0 0 iot 1441152 0 th 0 0 0 pt 0 inp 0 0 143453.280
10-16 23:14:21.774 D/WifiClientModeImpl[118162968:wlan0]( 1764): updateLinkLayerStatsRssiSpeedFrequencyCapabilities rssi=-48 TxLinkspeed=680 freq=5540 RxLinkSpeed=960
10-16 23:14:21.778 D/WifiClientModeImpl[118162968:wlan0]( 1764): reported txKbps 50986 rxKbps 70105
10-16 23:14:21.779 D/WifiDataStall( 1764): tx tput in kbps: 608148
10-16 23:14:21.779 D/WifiDataStall( 1764): rx tput in kbps: 1016718
10-16 23:14:21.779 V/WifiConfigManager( 1764): Updating scan detail cache freq=5540 BSSID=80:ea:0b:b5:50:32 RSSI=-47 for "gecisbugyi"WPA_PSK
10-16 23:14:21.780 I/WifiService( 1764): getConnectionInfo uid=10063
10-16 23:14:21.780 V/WifiService( 1764): Clearing REDACT_FOR_NETWORK_SETTINGS for com.android.systemui(uid=10063)
10-16 23:14:21.780 V/WifiService( 1764): Clearing REDACT_FOR_ACCESS_FINE_LOCATION for com.android.systemui(uid=10063)
10-16 23:14:21.781 D/WifiDataStall( 1764):  ccaLevel = 15
10-16 23:14:21.781 D/WifiDataStall( 1764): L2 txTputKbps: 544132, rxTputKbps: 903750, L3 txTputKbps: 91, rxTputKbps: 19, TxTrafficHigh: true, RxTrafficHigh: true, Throughput Sufficient: true
10-16 23:14:21.781 D/WifiScoreCard( 1764): BSSID update SIGNAL_POLL ID: 1766757149 SSID: "gecisbugyi", BSSID: 80:ea:0b:b5:50:32, MAC: 6e:4e:84:cb:04:97, IP: /192.168.1.128, Security type: 4, Supplicant state: COMPLETED, Wi-Fi standard: 11ax, RSSI: -48, Link speed: 680Mbps, Tx Link speed: 680Mbps, Max Supported Tx Link speed: 1200Mbps, Rx Link speed: 960Mbps, Max Supported Rx Link speed: 1200Mbps, Frequency: 5540MHz, Net ID: 19, Metered hint: false, score: 60, isUsable: true, CarrierMerged: false, SubscriptionId: -1, IsPrimary: 1, Trusted: true, Restricted: false, Ephemeral: false, OEM paid: false, OEM private: false, OSU AP: false, FQDN: <none>, Provider friendly name: <none>, Requesting package name: <none>"gecisbugyi"wpa3-saeMLO Information: , Is TID-To-Link negotiation supported by the AP: false, AP MLD Address: <none>, AP MLO Link Id: <none>, AP MLO Affiliated links: <none>, Vendor Data: <none>
10-16 23:14:21.782 D/WifiScoreCard( 1764): txRate: 40 txSpeed: 680
10-16 23:14:21.782 D/WifiScoreCard( 1764): network update SIGNAL_POLL "gecisbugyi" ID: 934667520 RSSI -48 txSpeed 680
10-16 23:14:21.782 D/SemWifiUsabilityStatsMonitor( 1764): onWifiUsabilityStats - seqNum 27265, isSameBssidAndFreq true
10-16 23:14:21.782 D/WifiClientModeImpl[118162968:wlan0]( 1764):  ClientModeImpl$L2ConnectedState screen=on 7 0 "gecisbugyi" 80:ea:0b:b5:50:32 rssi=-48 f=5540 sc=60 link=680 tx=35.5, 4.2, 0.0 rx=36.8 bcn=904586 [on:2460 tx:16 rx:144 period:3080] from screen [on:487190 period:619181] score=60
10-16 23:14:21.782 D/ConnectivityService( 1764): notifyType CALLBACK_CAP_CHANGED for [103 WIFI]
10-16 23:14:21.783 I/SemWifiLinkQualityMonitor( 1764): Link stat: 2456 / 137 / 1.18 (97) / 680 / -48.0 || 100.0 : 680.00 / 0.5 : 0.85 / 0.55 : 0.06 / G (G) || 0bb550325540: 0.088 / 90.890 /  / N || N N / 0 / Y 2.0 / Y 0 / 143453536 0
10-16 23:14:21.788 D/SemWifiApNsd:Client( 1764): lpInterface:wlan0
10-16 23:14:21.788 D/SemWifiSwitchForIndividualAppsService( 1764): stopTCPMonitoring : already stopped
10-16 23:14:21.788 I/WifiConnectivityMonitor.NCC( 1764): sNetworkCallback(oCC) FULL : 103(valid: true/captive: false)
10-16 23:14:21.790 I/WifiConnectivityMonitor.NCC( 1764): [ Transports: WIFI Capabilities: NOT_METERED&INTERNET&NOT_RESTRICTED&TRUSTED&NOT_VPN&VALIDATED&NOT_ROAMING&FOREGROUND&NOT_CONGESTED&NOT_SUSPENDED&NOT_VCN_MANAGED&NOT_BANDWIDTH_CONSTRAINED LinkUpBandwidth>=50986Kbps LinkDnBandwidth>=70105Kbps TransportInfo: <SSID: <unknown ssid>, BSSID: 02:00:00:**:**:00, MAC: 02:00:00:**:**:00, IP: /192.***.*.128, Security type: 4, Supplicant state: COMPLETED, Wi-Fi standard: 11ax, RSSI: -48, Link speed: 680Mbps, Tx Link speed: 680Mbps, Max Supported Tx Link speed: 1200Mbps, Rx Link speed: 960Mbps, Max Supported Rx Link speed: 1200Mbps, Frequency: 5540MHz, Net ID: -1, Metered hint: false, score: 60, isUsable: true, CarrierMerged: false, SubscriptionId: -1, IsPrimary: 1, Trusted: true, Restricted: false, Ephemeral: false, OEM paid: false, OEM private: false, OSU AP: false, FQDN: <none>, Provider friendly name: <none>, Requesting package name: <none><none>MLO Information: , Is TID-To-Link negotiation supported by the AP: false, AP MLD Address: <none>, AP MLO Link Id: <none>, AP MLO Affiliated links: <none>, Vendor Data: <none>> SignalStrength: -48 AdminUids: [1000] SSID: "gecisbugyi" UnderlyingNetworks: Null]
10-16 23:14:21.790 D/WifiConnectivityMonitor( 1764): HANDLE_ON_CAPABILITIES_CHANGED
10-16 23:14:21.790 I/WifiService( 1764): getConnectionInfo uid=1000
10-16 23:14:21.791 V/WifiService( 1764): Clearing REDACT_FOR_LOCAL_MAC_ADDRESS for android(uid=1000)
10-16 23:14:21.791 V/WifiService( 1764): Clearing REDACT_FOR_NETWORK_SETTINGS for android(uid=1000)
10-16 23:14:21.791 V/WifiService( 1764): Clearing REDACT_FOR_ACCESS_FINE_LOCATION for android(uid=1000)
10-16 23:14:21.792 I/WifiConnectivityMonitor( 1764): determineMode : MODE_NON_SWITCHABLE_BY_POOR_NETWORK_DETECTION_DISABLED
10-16 23:14:21.792 D/OpenNetworkQos[4.00]( 1764): updateBssidNoInternet: mBssidNoInternet = false
10-16 23:14:21.792 D/OpenNetworkQos[4.00]( 1764): getOpenNetworkQosNoInternetStatus: false
10-16 23:14:21.792 D/OpenNetworkQos[4.00]( 1764): getOpenNetworkQosScores: 30 0 0 
10-16 23:14:21.792 D/KNOX_MDM_SettingsProvider( 1764): isChangeAllowed() : name = wifi_wcm_qos_sharing_score_summary
10-16 23:14:21.793 I/WifiProfileShare( 1764): network QoS data was changed (internet), updateQoSData networkType: true, qosData: false
10-16 23:14:21.793 D/WifiProfileShare( 1764): nearby scanning settings pause
10-16 23:14:21.793 V/WifiProfileShare.Caster( 1764): checkAndGetShareData - nearby scanning
10-16 23:14:21.795 D/SemWifiApTrafficPriority( 1764): onCapabilitiesChanged Wifi:wlan0,mGapiValue:70.105Uplink: 50.986
10-16 23:14:21.795 I/WifiService( 1764): getWifiEnabledState uid=10063 state=3
10-16 23:14:21.795 D/WifiPickerTracker( 2598): updateWifiEntries capabilities
10-16 23:14:21.798 I/HBD     ( 5754): i onCapabilitiesChanged network : 103 current network state : wifi 
10-16 23:14:21.798 I/NullBinder( 3297): NullBinder for android.net.action.RECOMMEND_NETWORKS triggering remote TransactionTooLargeException due to Service without Chimera impl, calling uid: 1000, calling pid: 0
10-16 23:14:21.798 W/.gms.persistent( 3297): Large reply transaction of 1056768 bytes, interface descriptor , code 1
10-16 23:14:21.800 I/WifiService( 1764): getConnectionInfo uid=10241
10-16 23:14:21.800 V/WifiService( 1764): Clearing REDACT_FOR_LOCAL_MAC_ADDRESS for com.google.android.gms(uid=10241)
10-16 23:14:21.802 V/WifiPermissionsUtil( 1764): checkCallersLocationPermission(com.google.android.gms): ok because uid 10241 has app-op android:fine_location
10-16 23:14:21.802 V/WifiService( 1764): Clearing REDACT_FOR_ACCESS_FINE_LOCATION for com.google.android.gms(uid=10241)
10-16 23:14:21.804 D/Tile.WifiTile( 2598): handleUpdateState isTransient=false transientEnabling =false cb.isTransient=false state.state = 2 mStateBeforeClick.value =false enabled =true
10-16 23:14:21.805 D/WifiPickerTracker( 2598): ------ Dumping WifiEntries that were seen top of 5 scan ------
10-16 23:14:21.808 D/WifiPickerTracker( 2598): Connected WifiEntry: [StandardWifiEntry][gecisbugyi][Connected / f = 5540 80:ea:0b:b5:50:32 standard = Wiâ€‘Fi 6 rssi = -48 score = 60  tx=35.5, 4.2, 0.0  rx=36.9 hasInternet:true, isDefaultNetwork:true, isLowQuality:false][Level:4][WPA3][Connected][Internet][Default][Primary][Saved] - Connected / f = 5540 80:ea:0b:b5:50:32 standard = Wiâ€‘Fi 6 rssi = -48 score = 60  tx=35.5, 4.2, 0.0  rx=36.9 hasInternet:true, isDefaultNetwork:true, isLowQuality:false
10-16 23:14:21.808 D/WifiPickerTracker( 2598): ---- Done dumping WifiEntries ----
10-16 23:14:21.808 D/WifiPickerTracker( 2598): update AutoHotspot Entries() : bleAccessPoints -> 0
10-16 23:14:21.808 D/WifiPickerTracker( 2598): handleNetworkCapabilitiesChanged
10-16 23:14:21.810 I/MagicTether( 3297): (REDACTED) [ActiveNetworkTracker] setActiveNetwork: %s
10-16 23:14:21.810 I/MagicTether( 3297): (REDACTED) [TetherService] onActiveNetworkChanged: network=%s isLost=%s
10-16 23:14:21.811 I/MagicTether( 3297): [WifiConnectionHandler] Ignoring getWifiConfigurationByNetworkId when checking connected state [CONTEXT service_id=276 ]
10-16 23:14:21.811 I/MagicTether( 3297): [WifiConnectionHandler] No networkId set, can't be connected. [CONTEXT service_id=276 ]
10-16 23:14:21.812 I/MagicTether( 3297): (REDACTED) [TetherService] TRANSPORT_CELLULAR [%s], TRANSPORT_ETHERNET [%s], TRANSPORT_WIFI [%s]
10-16 23:14:21.812 I/WifiService( 1764): getWifiEnabledState uid=10241 state=3
10-16 23:14:21.813 I/MagicTether( 3297): (REDACTED) [TetherService] setRoles hasActiveNetworkConnection=%s canActiveNetworkBeTethered=%s isConnectedToInstantTether=%s isWifiEnabled=%s isHosting=%s
10-16 23:14:21.817 I/MagicTether( 3297): [TetherService] Stopping Nearby client role [CONTEXT service_id=276 ]
10-16 23:14:21.817 I/MagicTether( 3297): [ClientTetherRole] Client role already stopped [CONTEXT service_id=276 ]
10-16 23:14:21.819 I/MagicTether( 3297): (REDACTED) [TidepoolFeatureStatusManager] isInstantHotspotEnabled=%s
10-16 23:14:21.819 I/MagicTether( 3297): [HostTetherRole] Nearby host role already started [CONTEXT service_id=276 ]
10-16 23:14:21.902 I/HBD     ( 5754): i onCapabilityChanged  setNetworkState currentNetworkState : wifi 
10-16 23:14:22.175 I/NullBinder( 3297): NullBinder for com.google.android.gms.lockbox.service.START triggering remote TransactionTooLargeException due to Service without Chimera impl, calling uid: 10241, calling pid: 20441
10-16 23:14:22.175 W/.gms.persistent( 3297): Large reply transaction of 1056768 bytes, interface descriptor , code 46
10-16 23:14:22.177 D/ActivityThread(20441): Too many transaction errors, throttling freezer binder callback.
10-16 23:14:22.177 E/JavaBinder(20441): !!! FAILED BINDER TRANSACTION !!!  (parcel size = 408)
10-16 23:14:22.179 W/GmsClient(20441): IGmsServiceBroker.getService failed
10-16 23:14:22.179 W/GmsClient(20441): android.os.DeadObjectException: Transaction failed on small parcel; remote process probably died, but this could also be caused by running out of binder buffer space
10-16 23:14:22.179 W/GmsClient(20441): 	at android.os.BinderProxy.transactNative(Native Method)
10-16 23:14:22.179 W/GmsClient(20441): 	at android.os.BinderProxy.transact(BinderProxy.java:655)
10-16 23:14:22.179 W/GmsClient(20441): 	at bbkc.a(:com.google.android.gms@253931035@25.39.31 (260400-813878953):33)
10-16 23:14:22.179 W/GmsClient(20441): 	at bbid.z(:com.google.android.gms@253931035@25.39.31 (260400-813878953):160)
10-16 23:14:22.179 W/GmsClient(20441): 	at baoz.run(:com.google.android.gms@253931035@25.39.31 (260400-813878953):42)
10-16 23:14:22.179 W/GmsClient(20441): 	at android.os.Handler.handleCallback(Handler.java:959)
10-16 23:14:22.179 W/GmsClient(20441): 	at android.os.Handler.dispatchMessage(Handler.java:100)
10-16 23:14:22.179 W/GmsClient(20441): 	at cmjd.mC(:com.google.android.gms@253931035@25.39.31 (260400-813878953):1)
10-16 23:14:22.179 W/GmsClient(20441): 	at cmjd.dispatchMessage(:com.google.android.gms@253931035@25.39.31 (260400-813878953):144)
10-16 23:14:22.179 W/GmsClient(20441): 	at android.os.Looper.loopOnce(Looper.java:257)
10-16 23:14:22.179 W/GmsClient(20441): 	at android.os.Looper.loop(Looper.java:342)
10-16 23:14:22.179 W/GmsClient(20441): 	at android.os.HandlerThread.run(HandlerThread.java:85)
10-16 23:14:22.264 I/NullBinder( 3297): NullBinder for com.google.android.gms.lockbox.service.START triggering remote TransactionTooLargeException due to Service without Chimera impl, calling uid: 10241, calling pid: 20441
10-16 23:14:22.264 W/.gms.persistent( 3297): Large reply transaction of 1056768 bytes, interface descriptor , code 46
10-16 23:14:22.266 D/ActivityThread(20441): Too many transaction errors, throttling freezer binder callback.
10-16 23:14:22.266 E/JavaBinder(20441): !!! FAILED BINDER TRANSACTION !!!  (parcel size = 408)
10-16 23:14:22.268 W/GmsClient(20441): IGmsServiceBroker.getService failed
10-16 23:14:22.268 W/GmsClient(20441): android.os.DeadObjectException: Transaction failed on small parcel; remote process probably died, but this could also be caused by running out of binder buffer space
10-16 23:14:22.268 W/GmsClient(20441): 	at android.os.BinderProxy.transactNative(Native Method)
10-16 23:14:22.268 W/GmsClient(20441): 	at android.os.BinderProxy.transact(BinderProxy.java:655)
10-16 23:14:22.268 W/GmsClient(20441): 	at bbkc.a(:com.google.android.gms@253931035@25.39.31 (260400-813878953):33)
10-16 23:14:22.268 W/GmsClient(20441): 	at bbid.z(:com.google.android.gms@253931035@25.39.31 (260400-813878953):160)
10-16 23:14:22.268 W/GmsClient(20441): 	at baoz.run(:com.google.android.gms@253931035@25.39.31 (260400-813878953):42)
10-16 23:14:22.268 W/GmsClient(20441): 	at android.os.Handler.handleCallback(Handler.java:959)
10-16 23:14:22.268 W/GmsClient(20441): 	at android.os.Handler.dispatchMessage(Handler.java:100)
10-16 23:14:22.268 W/GmsClient(20441): 	at cmjd.mC(:com.google.android.gms@253931035@25.39.31 (260400-813878953):1)
