10-16 23:14:00.089 E/ExceptionStackTrace( 9353): okhttp3.internal.connection.RouteSelector.resetNextInetSocketAddress(Unknown Source:141)
10-16 23:14:00.089 E/ExceptionStackTrace( 9353): okhttp3.internal.connection.RouteSelector.nextProxy(Unknown Source:20)
10-16 23:14:00.089 E/ExceptionStackTrace( 9353): okhttp3.internal.connection.RouteSelector.next(Unknown Source:17)
10-16 23:14:00.089 E/ExceptionStackTrace( 9353): okhttp3.internal.connection.ExchangeFinder.findConnection(Unknown Source:189)
10-16 23:14:00.089 E/ExceptionStackTrace( 9353): okhttp3
10-16 23:14:00.089 D/NetdEventListenerService( 1764): DNS Requested by 103, 10281(com.microsoft.office.outlook), 4(FAIL), isBlocked=true, 0ms
10-16 23:14:00.089 E/ExceptionStackTrace( 9353): The exception is  Unable to resolve host "outlook.office365.com": No address associated with hostname
10-16 23:14:00.089 E/ExceptionStackTrace( 9353): java.net.Inet6AddressImpl.lookupHostByName(Inet6AddressImpl.java:156)
10-16 23:14:00.089 E/ExceptionStackTrace( 9353): java.net.Inet6AddressImpl.lookupAllHostAddr(Inet6AddressImpl.java:103)
10-16 23:14:00.089 E/ExceptionStackTrace( 9353): java.net.InetAddress.getAllByName(InetAddress.java:1152)
10-16 23:14:00.089 E/ExceptionStackTrace( 9353): com.microsoft.office.outlook.http.HttpSortedDns.getAllByName(Unknown Source:0)
10-16 23:14:00.089 E/ExceptionStackTrace( 9353): com.microsoft.office.outlook.http.HttpSortedDns.lookup(Unknown Source:8)
10-16 23:14:00.089 E/ExceptionStackTrace( 9353): okhttp3.internal.connection.RouteSelector.resetNextInetSocketAddress(Unknown Source:141)
10-16 23:14:00.089 E/ExceptionStackTrace( 9353): okhttp3.internal.connection.RouteSelector.nextProxy(Unknown Source:20)
10-16 23:14:00.089 E/ExceptionStackTrace( 9353): okhttp3.internal.connection.RouteSelector.next(Unknown Source:17)
10-16 23:14:00.089 E/ExceptionStackTrace( 9353): okhttp3.internal.connection.ExchangeFinder.findConnection(Unknown Source:189)
10-16 23:14:00.089 E/ExceptionStackTrace( 9353): okhttp3.internal.connection.ExchangeFinder.findHealthyConnection(Unknown Source:0)
10-16 23:14:00.089 E/ExceptionStackTrace( 9353): okhttp3.internal.connection.ExchangeFinder.find(Unknown Source:47)
10-16 23:14:00.089 E/ExceptionStackTrace( 9353): okhttp3.internal.connection.RealCall.initExchange$okhttp(Unknown Source:28)
10-16 23:14:00.089 E/ExceptionStackTrace( 9353): okhttp3.internal.connection.
10-16 23:14:00.245 D/WifiClientModeImpl[118162968:wlan0]( 1764): updateLinkLayerStatsRssiSpeedFrequencyCapabilities rssi=-50 TxLinkspeed=720 freq=5540 RxLinkSpeed=1080
10-16 23:14:00.245 D/WifiDataStall( 1764): tx tput in kbps: 616809
10-16 23:14:00.245 D/WifiDataStall( 1764): rx tput in kbps: 1016718
10-16 23:14:00.246 V/WifiConfigManager( 1764): Updating scan detail cache freq=5540 BSSID=80:ea:0b:b5:50:32 RSSI=-49 for "gecisbugyi"WPA_PSK
10-16 23:14:00.248 I/SemWifiLinkQualityMonitor( 1764): Link stat: 2688 / 134 / 1.15 (164) / 720 / -50.0 || 100.0 : 720.00 / 0.5 : 0.87 / 0.55 : 0.05 / G (G) || 0bb550325540: 0.087 / 92.072 /  / N || N N / 0 / Y 2.0 / Y 0 / 143432001 0
10-16 23:14:00.249 D/WifiDataStall( 1764):  ccaLevel = 15
10-16 23:14:00.249 D/WifiDataStall( 1764): L2 txTputKbps: 589696, rxTputKbps: 1016718, L3 txTputKbps: 231, rxTputKbps: 15, TxTrafficHigh: true, RxTrafficHigh: true, Throughput Sufficient: true
10-16 23:14:00.250 D/SemWifiUsabilityStatsMonitor( 1764): onWifiUsabilityStats - seqNum 27258, isSameBssidAndFreq true
10-16 23:14:00.250 D/WifiScoreCard( 1764): BSSID update SIGNAL_POLL ID: 1766757149 SSID: "gecisbugyi", BSSID: 80:ea:0b:b5:50:32, MAC: 6e:4e:84:cb:04:97, IP: /192.168.1.128, Security type: 4, Supplicant state: COMPLETED, Wi-Fi standard: 11ax, RSSI: -50, Link speed: 720Mbps, Tx Link speed: 720Mbps, Max Supported Tx Link speed: 1200Mbps, Rx Link speed: 1080Mbps, Max Supported Rx Link speed: 1200Mbps, Frequency: 5540MHz, Net ID: 19, Metered hint: false, score: 60, isUsable: true, CarrierMerged: false, SubscriptionId: -1, IsPrimary: 1, Trusted: true, Restricted: false, Ephemeral: false, OEM paid: false, OEM private: false, OSU AP: false, FQDN: <none>, Provider friendly name: <none>, Requesting package name: <none>"gecisbugyi"wpa3-saeMLO Information: , Is TID-To-Link negotiation supported by the AP: false, AP MLD Address: <none>, AP MLO Link Id: <none>, AP MLO Affiliated links: <none>, Vendor Data: <none>
10-16 23:14:00.250 D/WifiScoreCard( 1764): txRate: 60 txSpeed: 720
10-16 23:14:00.250 D/WifiScoreCard( 1764): network update SIGNAL_POLL "gecisbugyi" ID: 934667520 RSSI -50 txSpeed 720
10-16 23:14:00.251 D/WifiClientModeImpl[118162968:wlan0]( 1764):  ClientModeImpl$L2ConnectedState screen=on 7 0 "gecisbugyi" 80:ea:0b:b5:50:32 rssi=-50 f=5540 sc=60 link=720 tx=51.8, 7.2, 0.0 rx=45.0 bcn=904376 [on:2676 tx:23 rx:146 period:3068] from screen [on:470319 period:597649] score=60
10-16 23:14:00.356 I/EDEN    ( 1366): [Exynos][EDEN][v1.6.23][UD::NPU] _open_thread_main:932: woke by g_cond_open
10-16 23:14:00.356 I/EDEN    ( 1366): [Exynos][EDEN][v1.6.23][UD::NPU] _open_thread_main:839: open [0xb400007b0ff017b0], ncp->id=136600034, state=1, name=OD_V2.1.6_01_26_QVGA_ncp.bin
10-16 23:14:00.356 I/EDEN    ( 1366): [Exynos][EDEN][v1.6.23][UD::NPU] _open_thread_main:839: open [0xb400007b0fee0930], ncp->id=136600035, state=1, name=OD_V2.3.7_01_25_VGA_ncp.bin
10-16 23:14:00.356 I/EDEN    ( 1366): [Exynos][EDEN][v1.6.23][UD::NPU] _open_thread_main:908: g_cond_open. dev_state(4)
10-16 23:14:00.356 I/EDEN    ( 1366): [Exynos][EDEN][v1.6.23][UD::NPU] _open_thread_main:922: # opened model[0xb400007b0ff017b0], ncp->id=136600034, state=1, name=OD_V2.1.6_01_26_QVGA_ncp.bin
10-16 23:14:00.356 I/EDEN    ( 1366): [Exynos][EDEN][v1.6.23][UD::NPU] _open_thread_main:922: # opened model[0xb400007b0fee0930], ncp->id=136600035, state=1, name=OD_V2.3.7_01_25_VGA_ncp.bin
10-16 23:14:01.046 W/SemWifi.Continuity( 1764): bind time out! try again ... 1
10-16 23:14:01.047 D/[ContinuitySDK_1.2.7022]_VersionUtil( 1764): initSupportFeatures - abovePatchVersionCode - 1309
10-16 23:14:01.047 I/[ContinuitySDK_1.2.7022]_VersionUtil( 1764): initSupportFeatures - serviceVersionCode - 130901000, mSupportFeatures - 11
10-16 23:14:01.047 I/[ContinuitySDK_1.2.7022]_ContinuityAdapterImpl( 1764): bindService - -
10-16 23:14:01.048 I/[ContinuitySDK_1.2.7022]_ContinuityAdapterImpl( 1764): initialize - INIT_SUCCESS
10-16 23:14:01.048 I/[ContinuitySDK_1.2.7022]_ExecutorUtil( 1764): start - sIsStarted = false
10-16 23:14:01.049 W/ContextImpl( 1764): Calling a method in the system process without a qualified user: android.app.ContextImpl.bindService:2092 com.samsung.android.mcf.continuity.impl.ContinuityAdapterImpl.$r8$lambda$8A1pWsBhtxEl-BgeFqVMHKeudJs:159 com.samsung.android.mcf.continuity.impl.ContinuityAdapterImpl$$ExternalSyntheticLambda3.run:7 com.samsung.android.mcf.continuity.common.ExecutorUtil$b.run:3 java.util.concurrent.ThreadPoolExecutor.runWorker:1156 
10-16 23:14:01.059 D/MARs:ActiveTrafficFilter( 1764): filter : com.google.android.youtube(0)
10-16 23:14:01.060 D/FreecessController( 1764): com.google.android.youtube(10257) is important[8]
10-16 23:14:01.062 I/[ContinuitySDK_1.2.7022]_ContinuityAdapterImpl( 1764): bindService - start bindService
10-16 23:14:01.075 I/[ContinuitySDK_1.2.7022]_ContinuityAdapterImpl( 1764): onServiceConnected - main controller is not started -> try sync cloud
10-16 23:14:01.076 I/[MCFDs]_McfSyncMainController( 4965): registerSyncCloudCallback - appId: 33
10-16 23:14:01.076 I/[MCFDs]_McfSyncMainController( 4965): sendSyncCloudCallback - isStarted: false
10-16 23:14:01.076 W/[ContinuitySDK_1.2.7022]_ContinuityAdapterImpl( 1764): onCallback - fail to syncCloud
10-16 23:14:01.076 I/[ContinuitySDK_1.2.7022]_ContinuityAdapterImpl( 1764): unbindServiceImpl - -
10-16 23:14:01.080 D/MARs:ActiveTrafficFilter( 1764): filter : com.microsoft.office.outlook(0)
10-16 23:14:01.080 D/FreecessController( 1764): com.microsoft.office.outlook(10281) is important[8]
10-16 23:14:01.080 D/[ContinuitySDK_1.2.7022]_VersionUtil( 1764): isSDKSupportFeature - abovePatchVersionCode - 1207
10-16 23:14:01.081 I/[ContinuitySDK_1.2.7022]_ContinuitySession( 1764): closeServer - -
10-16 23:14:01.082 V/SemWifi.Continuity( 1764): onServiceDisconnected
10-16 23:14:01.091 I/[ContinuitySDK_1.2.7022]_ContinuityAdapterImpl( 1764): release - -
10-16 23:14:01.091 I/[ContinuitySDK_1.2.7022]_ContinuityAdapterImpl( 1764): unbindServiceImpl - -
10-16 23:14:01.091 W/[ContinuitySDK_1.2.7022]_ContinuityAdapterImpl( 1764): unbindServiceImpl - invalid service state 0
10-16 23:14:01.091 I/[ContinuitySDK_1.2.7022]_ExecutorUtil( 1764): shutdown - sIsStarted = true
10-16 23:14:01.279 W/DeviceStorageMonitorService( 1764): updateBroadcasts(/data) oldLevel:0, newLevel:0, seq:1
10-16 23:14:01.282 D/DeviceStorageMonitorService( 1764): Available File Node Number is [13420513]
10-16 23:14:01.283 W/DeviceStorageMonitorService( 1764): updateBroadcasts_filenode(/data) fn_oldLevel:0, fn_newLevel:0, seq:1
10-16 23:14:01.509 D/io_stats(  671): !@   8,0 r 1990505 59481472 w 1020425 20341172 d 370950 17478252 f 0 0 iot 1440960 0 th 0 0 0 pt 0 inp 0 0 143433.263
10-16 23:14:01.575 E/Camera2-FrameProcessorBase( 1597): FrameProcessorBase: Error waiting for new frames: Connection timed out (-110)
10-16 23:14:01.611 W/CommandClient(28366): Command stream interrupted, retrying
10-16 23:14:01.611 W/CommandClient(28366): io.grpc.StatusException: UNAVAILABLE
10-16 23:14:01.611 W/CommandClient(28366): 	at io.grpc.Status.asException(Status.java:547)
10-16 23:14:01.611 W/CommandClient(28366): 	at io.grpc.kotlin.ClientCalls$rpcImpl$1$1$1.onClose(ClientCalls.kt:264)
10-16 23:14:01.611 W/CommandClient(28366): 	at io.grpc.internal.ClientCallImpl.closeObserver(ClientCallImpl.java:565)
10-16 23:14:01.611 W/CommandClient(28366): 	at io.grpc.internal.ClientCallImpl.access$100(ClientCallImpl.java:72)
10-16 23:14:01.611 W/CommandClient(28366): 	at io.grpc.internal.ClientCallImpl$ClientStreamListenerImpl$1StreamClosed.runInternal(ClientCallImpl.java:733)
10-16 23:14:01.611 W/CommandClient(28366): 	at io.grpc.internal.ClientCallImpl$ClientStreamListenerImpl$1StreamClosed.runInContext(ClientCallImpl.java:714)
10-16 23:14:01.611 W/CommandClient(28366): 	at io.grpc.internal.ContextRunnable.run(ContextRunnable.java:37)
10-16 23:14:01.611 W/CommandClient(28366): 	at io.grpc.internal.SerializingExecutor.run(SerializingExecutor.java:133)
10-16 23:14:01.611 W/CommandClient(28366): 	at java.util.concurrent.ThreadPoolExecutor.runWorker(ThreadPoolExecutor.java:1156)
10-16 23:14:01.611 W/CommandClient(28366): 	at java.util.concurrent.ThreadPoolExecutor$Worker.run(ThreadPoolExecutor.java:651)
10-16 23:14:01.611 W/CommandClient(28366): 	at java.lang.Thread.run(Thread.java:1119)
10-16 23:14:01.611 W/CommandClient(28366): Caused by: java.net.ConnectException: failed to connect to /10.0.2.2 (port 50051) from /:: (port 39272): connect failed: ECONNREFUSED (Connection refused)
10-16 23:14:01.611 W/CommandClient(28366): 	at libcore.io.IoBridge.connect(IoBridge.java:187)
10-16 23:14:01.611 W/CommandClient(28366): 	at java.net.PlainSocketImpl.socketConnect(PlainSocketImpl.java:142)
10-16 23:14:01.611 W/CommandClient(28366): 	at java.net.AbstractPlainSocketImpl.doConnect(AbstractPlainSocketImpl.java:390)
10-16 23:14:01.611 W/CommandClient(28366): 	at java.net.AbstractPlainSocketImpl.connectToAddress(AbstractPlainSocketImpl.java:230)
10-16 23:14:01.611 W/CommandClient(28366): 	at java.net.AbstractPlainSocketImpl.connect(AbstractPlainSocketImpl.java:212)
10-16 23:14:01.611 W/CommandClient(28366): 	at java.net.SocksSocketImpl.connect(SocksSocketImpl.java:436)
10-16 23:14:01.611 W/CommandClient(28366): 	at java.net.Socket.connect(Socket.java:646)
10-16 23:14:01.611 W/CommandClient(28366): 	at java.net.Socket.connect(Socket.java:595)
10-16 23:14:01.611 W/CommandClient(28366): 	at java.net.Socket.<init>(Socket.java:475)
10-16 23:14:01.611 W/CommandClient(28366): 	at java.net.Socket.<init>(Socket.java:275)
10-16 23:14:01.611 W/CommandClient(28366): 	at javax.net.DefaultSocketFactory.createSocket(SocketFactory.java:285)
10-16 23:14:01.611 W/CommandClient(28366): 	at io.grpc.okhttp.OkHttpClientTransport$3.run(OkHttpClientTransport.java:723)
10-16 23:14:01.611 W/CommandClient(28366): 	... 4 more
10-16 23:14:01.611 W/CommandClient(28366): Caused by: android.system.ErrnoException: connect failed: ECONNREFUSED (Connection refused)
10-16 23:14:01.611 W/CommandClient(28366): 	at libcore.io.Linux.connect(Native Method)
10-16 23:14:01.611 W/CommandClient(28366): 	at libcore.io.ForwardingOs.connect(ForwardingOs.java:201)
10-16 23:14:01.611 W/CommandClient(28366): 	at libcore.io.BlockGuardOs.connect(BlockGuardOs.java:158)
10-16 23:14:01.611 W/CommandClient(28366): 	at libcore.io.ForwardingOs.connect(ForwardingOs.java:201)
10-16 23:14:01.611 W/CommandClient(28366): 	at libcore.io.IoBridge.connectErrno(IoBridge.java:201)
10-16 23:14:01.611 W/CommandClient(28366): 	at libcore.io.IoBridge.connect(IoBridge.java:179)
10-16 23:14:01.611 W/CommandClient(28366): 	... 15 more
10-16 23:14:02.079 I/NullBinder( 3297): NullBinder for com.google.android.gms.lockbox.service.START triggering remote TransactionTooLargeException due to Service without Chimera impl, calling uid: 10241, calling pid: 20441
10-16 23:14:02.079 W/.gms.persistent( 3297): Large reply transaction of 1056768 bytes, interface descriptor , code 46
10-16 23:14:02.081 D/ActivityThread(20441): Too many transaction errors, throttling freezer binder callback.
10-16 23:14:02.082 E/JavaBinder(20441): !!! FAILED BINDER TRANSACTION !!!  (parcel size = 408)
10-16 23:14:02.084 W/GmsClient(20441): IGmsServiceBroker.getService failed
10-16 23:14:02.084 W/GmsClient(20441): android.os.DeadObjectException: Transaction failed on small parcel; remote process probably died, but this could also be caused by running out of binder buffer space
10-16 23:14:02.084 W/GmsClient(20441): 	at android.os.BinderProxy.transactNative(Native Method)
10-16 23:14:02.084 W/GmsClient(20441): 	at android.os.BinderProxy.transact(BinderProxy.java:655)
10-16 23:14:02.084 W/GmsClient(20441): 	at bbkc.a(:com.google.android.gms@253931035@25.39.31 (260400-813878953):33)
10-16 23:14:02.084 W/GmsClient(20441): 	at bbid.z(:com.google.android.gms@253931035@25.39.31 (260400-813878953):160)
10-16 23:14:02.084 W/GmsClient(20441): 	at baoz.run(:com.google.android.gms@253931035@25.39.31 (260400-813878953):42)
10-16 23:14:02.084 W/GmsClient(20441): 	at android.os.Handler.handleCallback(Handler.java:959)
10-16 23:14:02.084 W/GmsClient(20441): 	at android.os.Handler.dispatchMessage(Handler.java:100)
10-16 23:14:02.084 W/GmsClient(20441): 	at cmjd.mC(:com.google.android.gms@253931035@25.39.31 (260400-813878953):1)
10-16 23:14:02.084 W/GmsClient(20441): 	at cmjd.dispatchMessage(:com.google.android.gms@253931035@25.39.31 (260400-813878953):144)
10-16 23:14:02.084 W/GmsClient(20441): 	at android.os.Looper.loopOnce(Looper.java:257)
10-16 23:14:02.084 W/GmsClient(20441): 	at android.os.Looper.loop(Looper.java:342)
10-16 23:14:02.084 W/GmsClient(20441): 	at android.os.HandlerThread.run(HandlerThread.java:85)
10-16 23:14:02.186 V/SemWifi.Continuity( 1764): wait for binding service
10-16 23:14:02.206 I/NullBinder( 3297): NullBinder for com.google.android.gms.lockbox.service.START triggering remote TransactionTooLargeException due to Service without Chimera impl, calling uid: 10241, calling pid: 20441
10-16 23:14:02.206 W/.gms.persistent( 3297): Large reply transaction of 1056768 bytes, interface descriptor , code 46
10-16 23:14:02.208 D/ActivityThread(20441): Too many transaction errors, throttling freezer binder callback.
10-16 23:14:02.208 E/JavaBinder(20441): !!! FAILED BINDER TRANSACTION !!!  (parcel size = 408)
10-16 23:14:02.210 W/GmsClient(20441): IGmsServiceBroker.getService failed
10-16 23:14:02.210 W/GmsClient(20441): android.os.DeadObjectException: Transaction failed on small parcel; remote process probably died, but this could also be caused by running out of binder buffer space
10-16 23:14:02.210 W/GmsClient(20441): 	at android.os.BinderProxy.transactNative(Native Method)
10-16 23:14:02.210 W/GmsClient(20441): 	at android.os.BinderProxy.transact(BinderProxy.java:655)
10-16 23:14:02.210 W/GmsClient(20441): 	at bbkc.a(:com.google.android.gms@253931035@25.39.31 (260400-813878953):33)
10-16 23:14:02.210 W/GmsClient(20441): 	at bbid.z(:com.google.android.gms@253931035@25.39.31 (260400-813878953):160)
10-16 23:14:02.210 W/GmsClient(20441): 	at baoz.run(:com.google.android.gms@253931035@25.39.31 (260400-813878953):42)
10-16 23:14:02.210 W/GmsClient(20441): 	at android.os.Handler.handleCallback(Handler.java:959)
10-16 23:14:02.210 W/GmsClient(20441): 	at android.os.Handler.dispatchMessage(Handler.java:100)
10-16 23:14:02.210 W/GmsClient(20441): 	at cmjd.mC(:com.google.android.gms@253931035@25.39.31 (260400-813878953):1)
10-16 23:14:02.210 W/GmsClient(20441): 	at cmjd.dispatchMessage(:com.google.android.gms@253931035@25.39.31 (260400-813878953):144)
10-16 23:14:02.210 W/GmsClient(20441): 	at android.os.Looper.loopOnce(Looper.java:257)
10-16 23:14:02.210 W/GmsClient(20441): 	at android.os.Looper.loop(Looper.java:342)
10-16 23:14:02.210 W/GmsClient(20441): 	at android.os.HandlerThread.run(HandlerThread.java:85)
10-16 23:14:03.119 I/NullBinder( 3297): NullBinder for com.google.android.gms.lockbox.service.START triggering remote TransactionTooLargeException due to Service without Chimera impl, calling uid: 10241, calling pid: 20441
10-16 23:14:03.120 W/.gms.persistent( 3297): Large reply transaction of 1056768 bytes, interface descriptor , code 46
10-16 23:14:03.122 E/JavaBinder(20441): !!! FAILED BINDER TRANSACTION !!!  (parcel size = 408)
10-16 23:14:03.122 W/ActivityManager( 1764): pid 20441 com.google.android.gms sent binder code 46 with flags 0 to frozen apps and got error -2147483646
10-16 23:14:03.124 W/GmsClient(20441): IGmsServiceBroker.getService failed
10-16 23:14:03.124 W/GmsClient(20441): android.os.DeadObjectException: Transaction failed on small parcel; remote process probably died, but this could also be caused by running out of binder buffer space
10-16 23:14:03.124 W/GmsClient(20441): 	at android.os.BinderProxy.transactNative(Native Method)
10-16 23:14:03.124 W/GmsClient(20441): 	at android.os.BinderProxy.transact(BinderProxy.java:655)
10-16 23:14:03.124 W/GmsClient(20441): 	at bbkc.a(:com.google.android.gms@253931035@25.39.31 (260400-813878953):33)
10-16 23:14:03.124 W/GmsClient(20441): 	at bbid.z(:com.google.android.gms@253931035@25.39.31 (260400-813878953):160)
10-16 23:14:03.124 W/GmsClient(20441): 	at baoz.run(:com.google.android.gms@253931035@25.39.31 (260400-813878953):42)
10-16 23:14:03.124 W/GmsClient(20441): 	at android.os.Handler.handleCallback(Handler.java:959)
10-16 23:14:03.124 W/GmsClient(20441): 	at android.os.Handler.dispatchMessage(Handler.java:100)
10-16 23:14:03.124 W/GmsClient(20441): 	at cmjd.mC(:com.google.android.gms@253931035@25.39.31 (260400-813878953):1)
10-16 23:14:03.124 W/GmsClient(20441): 	at cmjd.dispatchMessage(:com.google.android.gms@253931035@25.39.31 (260400-813878953):144)
10-16 23:14:03.124 W/GmsClient(20441): 	at android.os.Looper.loopOnce(Looper.java:257)
10-16 23:14:03.124 W/GmsClient(20441): 	at android.os.Looper.loop(Looper.java:342)
10-16 23:14:03.124 W/GmsClient(20441): 	at android.os.HandlerThread.run(HandlerThread.java:85)
10-16 23:14:03.290 D/WifiClientModeImpl[118162968:wlan0]( 1764): updateLinkLayerStatsRssiSpeedFrequencyCapabilities rssi=-50 TxLinkspeed=680 freq=5540 RxLinkSpeed=1080
10-16 23:14:03.291 D/WifiClientModeImpl[118162968:wlan0]( 1764): reported txKbps 50986 rxKbps 70105
10-16 23:14:03.291 D/WifiDataStall( 1764): tx tput in kbps: 589696
10-16 23:14:03.291 D/WifiDataStall( 1764): rx tput in kbps: 1016718
10-16 23:14:03.291 V/WifiConfigManager( 1764): Updating scan detail cache freq=5540 BSSID=80:ea:0b:b5:50:32 RSSI=-49 for "gecisbugyi"WPA_PSK
10-16 23:14:03.292 D/WifiDataStall( 1764):  ccaLevel = 15
10-16 23:14:03.292 D/SemWifiUsabilityStatsMonitor( 1764): onWifiUsabilityStats - seqNum 27259, isSameBssidAndFreq true
10-16 23:14:03.292 D/WifiDataStall( 1764): L2 txTputKbps: 627353, rxTputKbps: 1016718, L3 txTputKbps: 134, rxTputKbps: 19, TxTrafficHigh: true, RxTrafficHigh: true, Throughput Sufficient: true
10-16 23:14:03.293 D/ConnectivityService( 1764): notifyType CALLBACK_CAP_CHANGED for [103 WIFI]
10-16 23:14:03.294 I/SemWifiLinkQualityMonitor( 1764): Link stat: 1999 / 98 / 1.03 (103) / 680 / -50.0 || 100.0 : 680.00 / 0.5 : 0.97 / 0.55 : 0.05 / G (G) || 0bb550325540: 0.087 / 91.453 /  / N || N N / 0 / Y 2.0 / Y 0 / 143435046 0
10-16 23:14:03.295 D/WifiScoreCard( 1764): BSSID update SIGNAL_POLL ID: 1766757149 SSID: "gecisbugyi", BSSID: 80:ea:0b:b5:50:32, MAC: 6e:4e:84:cb:04:97, IP: /192.168.1.128, Security type: 4, Supplicant state: COMPLETED, Wi-Fi standard: 11ax, RSSI: -50, Link speed: 680Mbps, Tx Link speed: 680Mbps, Max Supported Tx Link speed: 1200Mbps, Rx Link speed: 1080Mbps, Max Supported Rx Link speed: 1200Mbps, Frequency: 5540MHz, Net ID: 19, Metered hint: false, score: 60, isUsable: true, CarrierMerged: false, SubscriptionId: -1, IsPrimary: 1, Trusted: true, Restricted: false, Ephemeral: false, OEM paid: false, OEM private: false, OSU AP: false, FQDN: <none>, Provider friendly name: <none>, Requesting package name: <none>"gecisbugyi"wpa3-saeMLO Information: , Is TID-To-Link negotiation supported by the AP: false, AP MLD Address: <none>, AP MLO Link Id: <none>, AP MLO Affiliated links: <none>, Vendor Data: <none>
10-16 23:14:03.295 D/WifiScoreCard( 1764): txRate: 43 txSpeed: 680
10-16 23:14:03.295 D/WifiScoreCard( 1764): network update SIGNAL_POLL "gecisbugyi" ID: 934667520 RSSI -50 txSpeed 680
10-16 23:14:03.296 D/SemWifiApNsd:Client( 1764): lpInterface:wlan0
10-16 23:14:03.296 D/SemWifiSwitchForIndividualAppsService( 1764): stopTCPMonitoring : already stopped
10-16 23:14:03.296 I/WifiConnectivityMonitor.NCC( 1764): sNetworkCallback(oCC) FULL : 103(valid: true/captive: false)
10-16 23:14:03.297 I/WifiConnectivityMonitor.NCC( 1764): [ Transports: WIFI Capabilities: NOT_METERED&INTERNET&NOT_RESTRICTED&TRUSTED&NOT_VPN&VALIDATED&NOT_ROAMING&FOREGROUND&NOT_CONGESTED&NOT_SUSPENDED&NOT_VCN_MANAGED&NOT_BANDWIDTH_CONSTRAINED LinkUpBandwidth>=50986Kbps LinkDnBandwidth>=70105Kbps TransportInfo: <SSID: <unknown ssid>, BSSID: 02:00:00:**:**:00, MAC: 02:00:00:**:**:00, IP: /192.***.*.128, Security type: 4, Supplicant state: COMPLETED, Wi-Fi standard: 11ax, RSSI: -50, Link speed: 680Mbps, Tx Link speed: 680Mbps, Max Supported Tx Link speed: 1200Mbps, Rx Link speed: 1080Mbps, Max Supported Rx Link speed: 1200Mbps, Frequency: 5540MHz, Net ID: -1, Metered hint: false, score: 60, isUsable: true, CarrierMerged: false, SubscriptionId: -1, IsPrimary: 1, Trusted: true, Restricted: false, Ephemeral: false, OEM paid: false, OEM private: false, OSU AP: false, FQDN: <none>, Provider friendly name: <none>, Requesting package name: <none><none>MLO Information: , Is TID-To-Link negotiation supported by the AP: false, AP MLD Address: <none>, AP MLO Link Id: <none>, AP MLO Affiliated links: <none>, Vendor Data: <none>> SignalStrength: -50 AdminUids: [1000] SSID: "gecisbugyi" UnderlyingNetworks: Null]
10-16 23:14:03.298 D/WifiPickerTracker( 2598): updateWifiEntries capabilities
10-16 23:14:03.299 D/WifiConnectivityMonitor( 1764): HANDLE_ON_CAPABILITIES_CHANGED
10-16 23:14:03.299 I/WifiService( 1764): getConnectionInfo uid=1000
10-16 23:14:03.299 V/WifiService( 1764): Clearing REDACT_FOR_LOCAL_MAC_ADDRESS for android(uid=1000)
10-16 23:14:03.299 V/WifiService( 1764): Clearing REDACT_FOR_NETWORK_SETTINGS for android(uid=1000)
10-16 23:14:03.299 V/WifiService( 1764): Clearing REDACT_FOR_ACCESS_FINE_LOCATION for android(uid=1000)
10-16 23:14:03.299 I/WifiConnectivityMonitor( 1764): determineMode : MODE_NON_SWITCHABLE_BY_POOR_NETWORK_DETECTION_DISABLED
10-16 23:14:03.299 D/OpenNetworkQos[4.00]( 1764): updateBssidNoInternet: mBssidNoInternet = false
10-16 23:14:03.299 D/OpenNetworkQos[4.00]( 1764): getOpenNetworkQosNoInternetStatus: false
10-16 23:14:03.299 D/OpenNetworkQos[4.00]( 1764): getOpenNetworkQosScores: 30 0 0 
10-16 23:14:03.299 D/KNOX_MDM_SettingsProvider( 1764): isChangeAllowed() : name = wifi_wcm_qos_sharing_score_summary
10-16 23:14:03.300 I/WifiService( 1764): getWifiEnabledState uid=10063 state=3
10-16 23:14:03.300 I/WifiProfileShare( 1764): network QoS data was changed (internet), updateQoSData networkType: true, qosData: false
10-16 23:14:03.300 D/WifiProfileShare( 1764): nearby scanning settings pause
10-16 23:14:03.300 V/WifiProfileShare.Caster( 1764): checkAndGetShareData - nearby scanning
10-16 23:14:03.301 D/WifiPickerTracker( 2598): ------ Dumping WifiEntries that were seen top of 5 scan ------
10-16 23:14:03.304 D/WifiClientModeImpl[118162968:wlan0]( 1764):  ClientModeImpl$L2ConnectedState screen=on 7 0 "gecisbugyi" 80:ea:0b:b5:50:32 rssi=-50 f=5540 sc=60 link=680 tx=39.4, 3.2, 0.0 rx=35.3 bcn=904405 [on:2007 tx:20 rx:107 period:3052] from screen [on:472326 period:600702] score=60
10-16 23:14:03.304 D/SemWifiApTrafficPriority( 1764): onCapabilitiesChanged Wifi:wlan0,mGapiValue:70.105Uplink: 50.986
10-16 23:14:03.304 D/WifiPickerTracker( 2598): Connected WifiEntry: [StandardWifiEntry][gecisbugyi][Connected / f = 5540 80:ea:0b:b5:50:32 standard = Wiâ€‘Fi 6 rssi = -50 score = 60  tx=39.5, 3.2, 0.0  rx=35.4 hasInternet:true, isDefaultNetwork:true, isLowQuality:false][Level:4][WPA3][Connected][Internet][Default][Primary][Saved] - Connected / f = 5540 80:ea:0b:b5:50:32 standard = Wiâ€‘Fi 6 rssi = -50 score = 60  tx=39.5, 3.2, 0.0  rx=35.4 hasInternet:true, isDefaultNetwork:true, isLowQuality:false
10-16 23:14:03.304 D/WifiPickerTracker( 2598): ---- Done dumping WifiEntries ----
10-16 23:14:03.304 D/WifiPickerTracker( 2598): update AutoHotspot Entries() : bleAccessPoints -> 0
10-16 23:14:03.304 D/WifiPickerTracker( 2598): handleNetworkCapabilitiesChanged
10-16 23:14:03.305 I/HBD     ( 5754): i onCapabilitiesChanged network : 103 current network state : wifi 
10-16 23:14:03.308 I/MagicTether( 3297): (REDACTED) [ActiveNetworkTracker] setActiveNetwork: %s
10-16 23:14:03.308 I/MagicTether( 3297): (REDACTED) [TetherService] onActiveNetworkChanged: network=%s isLost=%s
10-16 23:14:03.308 I/MagicTether( 3297): [WifiConnectionHandler] Ignoring getWifiConfigurationByNetworkId when checking connected state [CONTEXT service_id=276 ]
10-16 23:14:03.308 I/MagicTether( 3297): [WifiConnectionHandler] No networkId set, can't be connected. [CONTEXT service_id=276 ]
10-16 23:14:03.311 I/WifiService( 1764): getConnectionInfo uid=10241
10-16 23:14:03.311 V/WifiService( 1764): Clearing REDACT_FOR_LOCAL_MAC_ADDRESS for com.google.android.gms(uid=10241)
10-16 23:14:03.311 V/WifiPermissionsUtil( 1764): checkCallersLocationPermission(com.google.android.gms): ok because uid 10241 has app-op android:fine_location
10-16 23:14:03.311 V/WifiService( 1764): Clearing REDACT_FOR_ACCESS_FINE_LOCATION for com.google.android.gms(uid=10241)
10-16 23:14:03.311 I/MagicTether( 3297): (REDACTED) [TetherService] TRANSPORT_CELLULAR [%s], TRANSPORT_ETHERNET [%s], TRANSPORT_WIFI [%s]
10-16 23:14:03.312 I/NullBinder( 3297): NullBinder for android.net.action.RECOMMEND_NETWORKS triggering remote TransactionTooLargeException due to Service without Chimera impl, calling uid: 1000, calling pid: 0
10-16 23:14:03.312 W/.gms.persistent( 3297): Large reply transaction of 1056768 bytes, interface descriptor , code 1
10-16 23:14:03.313 I/WifiService( 1764): getWifiEnabledState uid=10241 state=3
10-16 23:14:03.313 I/MagicTether( 3297): (REDACTED) [TetherService] setRoles hasActiveNetworkConnection=%s canActiveNetworkBeTethered=%s isConnectedToInstantTether=%s isWifiEnabled=%s isHosting=%s
10-16 23:14:03.316 I/MagicTether( 3297): [TetherService] Stopping Nearby client role [CONTEXT service_id=276 ]
10-16 23:14:03.316 I/MagicTether( 3297): [ClientTetherRole] Client role already stopped [CONTEXT service_id=276 ]
10-16 23:14:03.317 I/MagicTether( 3297): (REDACTED) [TidepoolFeatureStatusManager] isInstantHotspotEnabled=%s
10-16 23:14:03.317 I/MagicTether( 3297): [HostTetherRole] Nearby host role already started [CONTEXT service_id=276 ]
10-16 23:14:03.411 I/HBD     ( 5754): i onCapabilityChanged  setNetworkState currentNetworkState : wifi 
10-16 23:14:03.511 D/io_stats(  671): !@   8,0 r 1990505 59481472 w 1020433 20341624 d 370950 17478252 f 0 0 iot 1440976 0 th 0 0 0 pt 0 inp 0 0 143435.265
10-16 23:14:03.511 D/io_stats(  671): !@ Write_top(KB): .office.outlook(9353) 452 soft.appmanager(3199) 16
10-16 23:14:03.667 D/ShimmerHardwareStub(28366): refreshBondedDevices() â€“ stub keeps existing list (48 devices)
10-16 23:14:03.667 D/ShimmerHardwareStub(28366): scan() â€“ emitting synthetic discovery (duration=5s)
10-16 23:14:03.735 E/Camera2-FrameProcessorBase( 1597): FrameProcessorBase: Error waiting for new frames: Connection timed out (-110)
10-16 23:14:03.815 I/NearbySharing( 3297): Network state changed: NetworkState(isRestricted=false, isOnline=true, isCongested=false, isMetered=false, isWifiConnected=true)
10-16 23:14:03.846 I/WifiService( 1764): getDhcpInfo uid=10326
10-16 23:14:03.957 V/CpEventLog(u0)( 3850): cp_state: [                 contacts = {contacts=25, raw_contacts=29, data=153, account={secphone(1)=0, google(2)=25, sim(3)=0, sim2(4)=0, agg(5)=0, duo(6)=0, com.microsoft.appmanager(7)=0, com.facebook.messenger(10)=0, duo(14)=4, samsung(19)=0, mobileservice(20)=0, com.microsoft.workaccount.ltw(21)=0, com.github.android(22)=0, com.github.android(23)=0}, trash=0, trash_acc={}, trash_sync=0, database=contacts2.db} ]
10-16 23:14:03.957 V/CpEventLog(u0)( 3850): cp_state: [               aggregated = {[2,14]=4, [2]=21} ]
10-16 23:14:03.957 V/CpEventLog(u0)( 3850): cp_state: [                  request = {} ]
10-16 23:14:03.957 V/CpEventLog(u0)( 3850): cp_state: [                    calls = {types={[100]=44, [300]=81, [1000]=1}, database=calllog.db} ]
10-16 23:14:03.957 V/CpEventLog(u0)( 3850): cp_state: [                  profile = {contacts=0, raw_contacts=0, data=0, account={secphone(1)=0, google(2)=0, sim(3)=0, sim2(4)=0, agg(5)=0, duo(6)=0, com.microsoft.appmanager(7)=0, com.facebook.messenger(10)=0, duo(14)=0, samsung(19)=0, mobileservice(20)=0, com.microsoft.workaccount.ltw(21)=0, com.github.android(22)=0, com.github.android(23)=0}, trash=0, trash_acc={}, trash_sync=0, database=profile.db} ]
10-16 23:14:03.957 V/CpEventLog(u0)( 3850): cp_state: [               sa_profile = {contacts=0, raw_contacts=0, data=0, account={secphone(1)=0, google(2)=0, sim(3)=0, sim2(4)=0, agg(5)=0, duo(6)=0, com.microsoft.appmanager(7)=0, com.facebook.messenger(10)=0, duo(14)=0, samsung(19)=0, mobileservice(20)=0, com.microsoft.workaccount.ltw(21)=0, com.github.android(22)=0, com.github.android(23)=0}, trash=0, trash_acc={}, trash_sync=0, database=profile_sa.db} ]
10-16 23:14:03.957 V/CpEventLog(u0)( 3850): cp_state: [                      etc = {binders=0, country_iso=GB, version=15.4.34, db_version=1901, csc=/BTU, sec_enabled=false, is_roaming=false} ]
10-16 23:14:03.957 V/CpEventLog(u0)( 3850): cp_state: ------------------------------------------------------------------------------
10-16 23:14:04.194 W/DeviceBridge(28366): Orchestrator bridge failure: UNAVAILABLE
10-16 23:14:04.194 W/DeviceBridge(28366): io.grpc.StatusException: UNAVAILABLE
10-16 23:14:04.194 W/DeviceBridge(28366): 	at io.grpc.Status.asException(Status.java:547)
10-16 23:14:04.194 W/DeviceBridge(28366): 	at io.grpc.kotlin.ClientCalls$rpcImpl$1$1$1.onClose(ClientCalls.kt:264)
10-16 23:14:04.194 W/DeviceBridge(28366): 	at io.grpc.internal.ClientCallImpl.closeObserver(ClientCallImpl.java:565)
10-16 23:14:04.194 W/DeviceBridge(28366): 	at io.grpc.internal.ClientCallImpl.access$100(ClientCallImpl.java:72)
10-16 23:14:04.194 W/DeviceBridge(28366): 	at io.grpc.internal.ClientCallImpl$ClientStreamListenerImpl$1StreamClosed.runInternal(ClientCallImpl.java:733)
10-16 23:14:04.194 W/DeviceBridge(28366): 	at io.grpc.internal.ClientCallImpl$ClientStreamListenerImpl$1StreamClosed.runInContext(ClientCallImpl.java:714)
10-16 23:14:04.194 W/DeviceBridge(28366): 	at io.grpc.internal.ContextRunnable.run(ContextRunnable.java:37)
10-16 23:14:04.194 W/DeviceBridge(28366): 	at io.grpc.internal.SerializingExecutor.run(SerializingExecutor.java:133)
10-16 23:14:04.194 W/DeviceBridge(28366): 	at java.util.concurrent.ThreadPoolExecutor.runWorker(ThreadPoolExecutor.java:1156)
10-16 23:14:04.194 W/DeviceBridge(28366): 	at java.util.concurrent.ThreadPoolExecutor$Worker.run(ThreadPoolExecutor.java:651)
10-16 23:14:04.194 W/DeviceBridge(28366): 	at java.lang.Thread.run(Thread.java:1119)
10-16 23:14:04.194 W/DeviceBridge(28366): Caused by: java.net.ConnectException: failed to connect to /10.0.2.2 (port 50051) from /:: (port 43496): connect failed: ECONNREFUSED (Connection refused)
10-16 23:14:04.194 W/DeviceBridge(28366): 	at libcore.io.IoBridge.connect(IoBridge.java:187)
10-16 23:14:04.194 W/DeviceBridge(28366): 	at java.net.PlainSocketImpl.socketConnect(PlainSocketImpl.java:142)
10-16 23:14:04.194 W/DeviceBridge(28366): 	at java.net.AbstractPlainSocketImpl.doConnect(AbstractPlainSocketImpl.java:390)
10-16 23:14:04.194 W/DeviceBridge(28366): 	at java.net.AbstractPlainSocketImpl.connectToAddress(AbstractPlainSocketImpl.java:230)
10-16 23:14:04.194 W/DeviceBridge(28366): 	at java.net.AbstractPlainSocketImpl.connect(AbstractPlainSocketImpl.java:212)
10-16 23:14:04.194 W/DeviceBridge(28366): 	at java.net.SocksSocketImpl.connect(SocksSocketImpl.java:436)
10-16 23:14:04.194 W/DeviceBridge(28366): 	at java.net.Socket.connect(Socket.java:646)
10-16 23:14:04.194 W/DeviceBridge(28366): 	at java.net.Socket.connect(Socket.java:595)
10-16 23:14:04.194 W/DeviceBridge(28366): 	at java.net.Socket.<init>(Socket.java:475)
10-16 23:14:04.194 W/DeviceBridge(28366): 	at java.net.Socket.<init>(Socket.java:275)
10-16 23:14:04.194 W/DeviceBridge(28366): 	at javax.net.DefaultSocketFactory.createSocket(SocketFactory.java:285)
10-16 23:14:04.194 W/DeviceBridge(28366): 	at io.grpc.okhttp.OkHttpClientTransport$3.run(OkHttpClientTransport.java:723)
10-16 23:14:04.194 W/DeviceBridge(28366): 	... 4 more
10-16 23:14:04.194 W/DeviceBridge(28366): Caused by: android.system.ErrnoException: connect failed: ECONNREFUSED (Connection refused)
10-16 23:14:04.194 W/DeviceBridge(28366): 	at libcore.io.Linux.connect(Native Method)
10-16 23:14:04.194 W/DeviceBridge(28366): 	at libcore.io.ForwardingOs.connect(ForwardingOs.java:201)
10-16 23:14:04.194 W/DeviceBridge(28366): 	at libcore.io.BlockGuardOs.connect(BlockGuardOs.java:158)
10-16 23:14:04.194 W/DeviceBridge(28366): 	at libcore.io.ForwardingOs.connect(ForwardingOs.java:201)
10-16 23:14:04.194 W/DeviceBridge(28366): 	at libcore.io.IoBridge.connectErrno(IoBridge.java:201)
10-16 23:14:04.194 W/DeviceBridge(28366): 	at libcore.io.IoBridge.connect(IoBridge.java:179)
10-16 23:14:04.194 W/DeviceBridge(28366): 	... 15 more
10-16 23:14:04.626 W/CommandClient(28366): Command stream interrupted, retrying
10-16 23:14:04.626 W/CommandClient(28366): io.grpc.StatusException: UNAVAILABLE
10-16 23:14:04.626 W/CommandClient(28366): 	at io.grpc.Status.asException(Status.java:547)
10-16 23:14:04.626 W/CommandClient(28366): 	at io.grpc.kotlin.ClientCalls$rpcImpl$1$1$1.onClose(ClientCalls.kt:264)
10-16 23:14:04.626 W/CommandClient(28366): 	at io.grpc.internal.ClientCallImpl.closeObserver(ClientCallImpl.java:565)
10-16 23:14:04.626 W/CommandClient(28366): 	at io.grpc.internal.ClientCallImpl.access$100(ClientCallImpl.java:72)
10-16 23:14:04.626 W/CommandClient(28366): 	at io.grpc.internal.ClientCallImpl$ClientStreamListenerImpl$1StreamClosed.runInternal(ClientCallImpl.java:733)
10-16 23:14:04.626 W/CommandClient(28366): 	at io.grpc.internal.ClientCallImpl$ClientStreamListenerImpl$1StreamClosed.runInContext(ClientCallImpl.java:714)
10-16 23:14:04.626 W/CommandClient(28366): 	at io.grpc.internal.ContextRunnable.run(ContextRunnable.java:37)
10-16 23:14:04.626 W/CommandClient(28366): 	at io.grpc.internal.SerializingExecutor.run(SerializingExecutor.java:133)
10-16 23:14:04.626 W/CommandClient(28366): 	at java.util.concurrent.ThreadPoolExecutor.runWorker(ThreadPoolExecutor.java:1156)
10-16 23:14:04.626 W/CommandClient(28366): 	at java.util.concurrent.ThreadPoolExecutor$Worker.run(ThreadPoolExecutor.java:651)
10-16 23:14:04.626 W/CommandClient(28366): 	at java.lang.Thread.run(Thread.java:1119)
10-16 23:14:04.626 W/CommandClient(28366): Caused by: java.net.ConnectException: failed to connect to /10.0.2.2 (port 50051) from /:: (port 43496): connect failed: ECONNREFUSED (Connection refused)
10-16 23:14:04.626 W/CommandClient(28366): 	at libcore.io.IoBridge.connect(IoBridge.java:187)
10-16 23:14:04.626 W/CommandClient(28366): 	at java.net.PlainSocketImpl.socketConnect(PlainSocketImpl.java:142)
10-16 23:14:04.626 W/CommandClient(28366): 	at java.net.AbstractPlainSocketImpl.doConnect(AbstractPlainSocketImpl.java:390)
10-16 23:14:04.626 W/CommandClient(28366): 	at java.net.AbstractPlainSocketImpl.connectToAddress(AbstractPlainSocketImpl.java:230)
10-16 23:14:04.626 W/CommandClient(28366): 	at java.net.AbstractPlainSocketImpl.connect(AbstractPlainSocketImpl.java:212)
10-16 23:14:04.626 W/CommandClient(28366): 	at java.net.SocksSocketImpl.connect(SocksSocketImpl.java:436)
10-16 23:14:04.626 W/CommandClient(28366): 	at java.net.Socket.connect(Socket.java:646)
10-16 23:14:04.626 W/CommandClient(28366): 	at java.net.Socket.connect(Socket.java:595)
10-16 23:14:04.626 W/CommandClient(28366): 	at java.net.Socket.<init>(Socket.java:475)
10-16 23:14:04.626 W/CommandClient(28366): 	at java.net.Socket.<init>(Socket.java:275)
10-16 23:14:04.626 W/CommandClient(28366): 	at javax.net.DefaultSocketFactory.createSocket(SocketFactory.java:285)
10-16 23:14:04.626 W/CommandClient(28366): 	at io.grpc.okhttp.OkHttpClientTransport$3.run(OkHttpClientTransport.java:723)
10-16 23:14:04.626 W/CommandClient(28366): 	... 4 more
10-16 23:14:04.626 W/CommandClient(28366): Caused by: android.system.ErrnoException: connect failed: ECONNREFUSED (Connection refused)
10-16 23:14:04.626 W/CommandClient(28366): 	at libcore.io.Linux.connect(Native Method)
10-16 23:14:04.626 W/CommandClient(28366): 	at libcore.io.ForwardingOs.connect(ForwardingOs.java:201)
10-16 23:14:04.626 W/CommandClient(28366): 	at libcore.io.BlockGuardOs.connect(BlockGuardOs.java:158)
10-16 23:14:04.626 W/CommandClient(28366): 	at libcore.io.ForwardingOs.connect(ForwardingOs.java:201)
10-16 23:14:04.626 W/CommandClient(28366): 	at libcore.io.IoBridge.connectErrno(IoBridge.java:201)
10-16 23:14:04.626 W/CommandClient(28366): 	at libcore.io.IoBridge.connect(IoBridge.java:179)
10-16 23:14:04.626 W/CommandClient(28366): 	... 15 more
10-16 23:14:04.636 D/Tile.SoundModeTile( 2598): handleUpdateState: profile 1, muteAllSound false
10-16 23:14:04.660 D/SRotationLockTile( 2598):  mRotationLocked: false handleUpdateState: true orientation = true
10-16 23:14:04.672 D/DeviceState( 2598): isESIM() :0 : false
10-16 23:14:04.672 D/NetworkController.MobileSignalController(4)( 2598): isPowerOffServiceState,mCurrentState.getVoiceServiceState() = 3,mCurrentState.airplaneMode = true,mCurrentState.canCellularVoiceService() = true,mCurrentState.getMobileDataRegState() = false
10-16 23:14:04.672 D/Tile.AirplaneModeTile( 2598):  handleUpdateState mIsWiFiOnlyDevice false isNoSimState false isPowerOffServiceState true mSetting.getValue() 1 isSatelliteModeOn false isChinaDevice false
10-16 23:14:04.672 D/Tile.AirplaneModeTile( 2598):  handleUpdateState:  value = true, state = 2
10-16 23:14:04.683 D/Tile.MobileDataTile( 2598): handleUpdateState : state false
10-16 23:14:04.687 D/Tile.DndTile( 2598): handleUpdateState zen 1  state = QSTile$BooleanState[spec=Dnd,icon=ResourceIcon[resId=0x7f080e6d],nextIcon=null,iconSupplier=null,label=Do not disturb,secondaryLabel=null,contentDescription=null,stateDescription=null,dualLabelContentDescription=null,expandedAccessibilityClassName=null,disabledByPolicy=false,dualTarget=true,isTransient=false,state=2,sideViewCustomDrawable=null,tileClassName=null,value=true,forceExpandIcon=false]
10-16 23:14:04.688 D/Tile.SecDeviceControlsTile( 2598): handleUpdateState appName = SmartThings
10-16 23:14:04.690 D/SBluetoothTile( 2598):  handleUpdateState enabled = true connected = false connecting = false changedState =false bluetoothState = 12 enabledChanging = false state = QSTile$BooleanState[spec=Bluetooth,icon=ResourceIcon[resId=0x7f080e68],nextIcon=null,iconSupplier=null,label=Bluetooth,secondaryLabel=,contentDescription=Bluetooth,stateDescription=null,dualLabelContentDescription=null,expandedAccessibilityClassName=null,disabledByPolicy=false,dualTarget=true,isTransient=false,state=2,sideViewCustomDrawable=null,tileClassName=null,value=true,forceExpandIcon=false]
10-16 23:14:04.693 I/HotspotTile( 2598): handleUpdateState
10-16 23:14:04.777 I/NearbyMediums( 3297): No BLE Fast/GATT advertisements found in the latest cycle.
10-16 23:14:04.777 I/NearbyMediums( 3297): Current Tracked Scanning Clients are : {NearbyConnections.EnvironmentMonitor, NearbySharing, NearbyConnections.TxAdvertisement}
10-16 23:14:05.411 D/bluetooth( 2786): system/gd/os/linux_generic/non_wake_alarm.cc:74 on_fire: NonWakeAlarm::on_fire
10-16 23:14:05.413 W/droid.bluetooth( 2786): system/gd/hci/acl_manager/le_impl.h:1175 disarm_connectability: disarm_connectability
10-16 23:14:05.413 I/droid.bluetooth( 2786): system/gd/hci/acl_manager/le_impl.h:1179 disarm_connectability: Disarming LE connection state machine with create connection cancel
10-16 23:14:05.413 I/bluetooth( 2786): system/gd/hci/le_advertising_manager.cc:1602 OnPause: address_manager_registered=true
10-16 23:14:05.418 D/bluetooth( 2786): system/gd/hci/le_address_manager.cc:349 ack_pause: Wait all clients paused, return
10-16 23:14:05.419 D/bluetooth( 2786): system/gd/hci/le_address_manager.cc:349 ack_pause: Wait all clients paused, return
10-16 23:14:05.436 W/droid.bluetooth( 2786): system/gd/hci/acl_manager/le_impl.h:1486 on_create_connection_cancel_complete: on_create_connection_cancel_complete
10-16 23:14:05.438 W/droid.bluetooth( 2786): system/gd/hci/acl_manager/le_impl.h:421 on_le_connection_complete: on_le_connection_complete()
10-16 23:14:05.439 D/bt_btif_dm( 2786): system/btif/src/btif_dm.cc:4953 btif_dm_log_collector_cback: 
10-16 23:14:05.439 W/droid.bluetooth( 2786): system/gd/hci/acl_manager/le_impl.h:394 on_le_connection_canceled_on_pause: Set connectability to DISARMED
10-16 23:14:05.440 D/bluetooth( 2786): system/gd/os/linux_generic/non_wake_alarm.cc:53 Schedule: NonWakeAlarm::Schedule delay=346849
10-16 23:14:05.447 I/bluetooth( 2786): system/gd/hci/le_address_manager.cc:749 OnCommandComplete: Received command complete with op_code LE_SET_RANDOM_ADDRESS(0x2005)
10-16 23:14:05.447 I/bluetooth( 2786): system/gd/hci/le_address_manager.cc:770 OnCommandComplete: update random address : xx:xx:xx:xx:84:69
10-16 23:14:05.448 I/bluetooth( 2786): system/gd/hci/le_address_manager.cc:372 resume_registered_clients: Resuming registered clients
10-16 23:14:05.448 W/droid.bluetooth( 2786): system/gd/hci/acl_manager/le_impl.h:1021 arm_connectability: arm_connectability
10-16 23:14:05.448 D/bt_btif_dm( 2786): system/btif/src/btif_dm.cc:4953 btif_dm_log_collector_cback: 
10-16 23:14:05.449 D/bt_btif_dm( 2786): system/btif/src/btif_dm.cc:4953 btif_dm_log_collector_cback: 
10-16 23:14:05.449 W/droid.bluetooth( 2786): system/gd/hci/acl_manager/le_impl.h:1478 OnResume: le_impl :: AckResume
10-16 23:14:05.449 I/bluetooth( 2786): system/gd/hci/le_advertising_manager.cc:1649 OnResume: address_manager_registered=true
10-16 23:14:05.453 I/droid.bluetooth( 2786): system/gd/hci/acl_manager/le_impl.h:992 update_connectability_state_after_armed: Le connection state machine armed state:ConnectabilityState::ARMED status:SUCCESS(0x00)
10-16 23:14:05.513 D/io_stats(  671): !@   8,0 r 1990523 59481956 w 1020438 20341664 d 370950 17478252 f 0 0 iot 1441008 0 th 0 0 0 pt 0 inp 0 0 143437.267
10-16 23:14:05.917 E/Camera2-FrameProcessorBase( 1597): FrameProcessorBase: Error waiting for new frames: Connection timed out (-110)
10-16 23:14:06.049 W/SemWifi.Continuity( 1764): bind time out! try again ... 2
10-16 23:14:06.050 D/[ContinuitySDK_1.2.7022]_VersionUtil( 1764): initSupportFeatures - abovePatchVersionCode - 1309
10-16 23:14:06.050 I/[ContinuitySDK_1.2.7022]_VersionUtil( 1764): initSupportFeatures - serviceVersionCode - 130901000, mSupportFeatures - 11
10-16 23:14:06.050 I/[ContinuitySDK_1.2.7022]_ContinuityAdapterImpl( 1764): bindService - -
10-16 23:14:06.050 I/[ContinuitySDK_1.2.7022]_ContinuityAdapterImpl( 1764): initialize - INIT_SUCCESS
10-16 23:14:06.051 I/[ContinuitySDK_1.2.7022]_ExecutorUtil( 1764): start - sIsStarted = false
10-16 23:14:06.051 W/ContextImpl( 1764): Calling a method in the system process without a qualified user: android.app.ContextImpl.bindService:2092 com.samsung.android.mcf.continuity.impl.ContinuityAdapterImpl.$r8$lambda$8A1pWsBhtxEl-BgeFqVMHKeudJs:159 com.samsung.android.mcf.continuity.impl.ContinuityAdapterImpl$$ExternalSyntheticLambda3.run:7 com.samsung.android.mcf.continuity.common.ExecutorUtil$b.run:3 java.util.concurrent.ThreadPoolExecutor.runWorker:1156 
10-16 23:14:06.054 I/[ContinuitySDK_1.2.7022]_ContinuityAdapterImpl( 1764): bindService - start bindService
10-16 23:14:06.067 I/[MCFDs]_McfSyncMainController( 4965): registerSyncCloudCallback - appId: 33
10-16 23:14:06.067 I/[MCFDs]_McfSyncMainController( 4965): sendSyncCloudCallback - isStarted: false
10-16 23:14:06.068 I/[ContinuitySDK_1.2.7022]_ContinuityAdapterImpl( 1764): onServiceConnected - main controller is not started -> try sync cloud
10-16 23:14:06.069 D/FreecessController( 1764): com.google.android.youtube(state: Initial -> Frozen, Reason: Binder(1)-android.view.accessibility.IAccessibility)
10-16 23:14:06.069 W/[ContinuitySDK_1.2.7022]_ContinuityAdapterImpl( 1764): onCallback - fail to syncCloud
10-16 23:14:06.069 I/[ContinuitySDK_1.2.7022]_ContinuityAdapterImpl( 1764): unbindServiceImpl - -
10-16 23:14:06.079 D/FreecessController( 1764): FZ : com.google.android.youtube(10257) [17596] reason: Bg
10-16 23:14:06.079 W/LocationManagerService( 1764): onFreezeStateChanged, uid[10257]=true
10-16 23:14:06.080 I/PowerManagerService( 1764): [PWL] SetWakeLockEnableDisable uid = 10257 , disable= true
10-16 23:14:06.080 I/PowerManagerService( 1764): [PWL] can not change uid =  10257
10-16 23:14:06.080 D/[ContinuitySDK_1.2.7022]_VersionUtil( 1764): isSDKSupportFeature - abovePatchVersionCode - 1207
10-16 23:14:06.081 I/[ContinuitySDK_1.2.7022]_ContinuitySession( 1764): closeServer - -
10-16 23:14:06.083 V/SemWifi.Continuity( 1764): onServiceDisconnected
10-16 23:14:06.083 I/[ContinuitySDK_1.2.7022]_ContinuityAdapterImpl( 1764): release - -
10-16 23:14:06.083 I/[ContinuitySDK_1.2.7022]_ContinuityAdapterImpl( 1764): unbindServiceImpl - -
10-16 23:14:06.083 W/[ContinuitySDK_1.2.7022]_ContinuityAdapterImpl( 1764): unbindServiceImpl - invalid service state 0
10-16 23:14:06.084 I/[ContinuitySDK_1.2.7022]_ExecutorUtil( 1764): shutdown - sIsStarted = true
10-16 23:14:06.084 D/FreecessController( 1764): com.microsoft.office.outlook(state: Initial -> Frozen, Reason: Binder(1)-android.view.accessibility.IAccessibility)
10-16 23:14:06.096 D/FreecessController( 1764): FZ : com.microsoft.office.outlook(10281) [9353] reason: Bg
10-16 23:14:06.097 W/LocationManagerService( 1764): onFreezeStateChanged, uid[10281]=true
10-16 23:14:06.098 I/PowerManagerService( 1764): [PWL] SetWakeLockEnableDisable uid = 10281 , disable= true
10-16 23:14:06.098 I/PowerManagerService( 1764): [PWL] can not change uid =  10281
10-16 23:14:06.350 D/WifiClientModeImpl[118162968:wlan0]( 1764): updateLinkLayerStatsRssiSpeedFrequencyCapabilities rssi=-49 TxLinkspeed=680 freq=5540 RxLinkSpeed=960
10-16 23:14:06.361 I/WifiService( 1764): getConnectionInfo uid=10063
10-16 23:14:06.362 V/WifiService( 1764): Clearing REDACT_FOR_NETWORK_SETTINGS for com.android.systemui(uid=10063)
10-16 23:14:06.362 V/WifiService( 1764): Clearing REDACT_FOR_ACCESS_FINE_LOCATION for com.android.systemui(uid=10063)
10-16 23:14:06.365 D/WifiClientModeImpl[118162968:wlan0]( 1764): reported txKbps 50986 rxKbps 70105
10-16 23:14:06.365 D/WifiDataStall( 1764): tx tput in kbps: 627353
10-16 23:14:06.365 D/WifiDataStall( 1764): rx tput in kbps: 1016718
10-16 23:14:06.365 V/WifiConfigManager( 1764): Updating scan detail cache freq=5540 BSSID=80:ea:0b:b5:50:32 RSSI=-49 for "gecisbugyi"WPA_PSK
10-16 23:14:06.365 D/ConnectivityService( 1764): notifyType CALLBACK_CAP_CHANGED for [103 WIFI]
10-16 23:14:06.368 D/SemWifiUsabilityStatsMonitor( 1764): onWifiUsabilityStats - seqNum 27260, isSameBssidAndFreq true
10-16 23:14:06.370 I/SemWifiLinkQualityMonitor( 1764): Link stat: 2266 / 134 / 1.18 (134) / 680 / -49.0 || 100.0 : 680.00 / 0.5 : 0.85 / 0.55 : 0.06 / G (G) || 0bb550325540: 0.088 / 90.610 /  / N || N N / 0 / Y 2.0 / Y 0 / 143438124 0
10-16 23:14:06.370 I/HBD     ( 5754): i onCapabilitiesChanged network : 103 current network state : wifi 
10-16 23:14:06.371 I/MagicTether( 3297): (REDACTED) [ActiveNetworkTracker] setActiveNetwork: %s
10-16 23:14:06.372 I/MagicTether( 3297): (REDACTED) [TetherService] onActiveNetworkChanged: network=%s isLost=%s
10-16 23:14:06.372 I/MagicTether( 3297): [WifiConnectionHandler] Ignoring getWifiConfigurationByNetworkId when checking connected state [CONTEXT service_id=276 ]
10-16 23:14:06.372 I/MagicTether( 3297): [WifiConnectionHandler] No networkId set, can't be connected. [CONTEXT service_id=276 ]
10-16 23:14:06.373 I/WifiService( 1764): getConnectionInfo uid=10241
10-16 23:14:06.373 V/WifiService( 1764): Clearing REDACT_FOR_LOCAL_MAC_ADDRESS for com.google.android.gms(uid=10241)
10-16 23:14:06.373 V/WifiPermissionsUtil( 1764): checkCallersLocationPermission(com.google.android.gms): ok because uid 10241 has app-op android:fine_location
